Archive member included to satisfy reference by file (symbol)

/usr/lib/gcc/arm-none-eabi/4.8/../../../arm-none-eabi/lib/armv7-m/libg_nano.a(lib_a-errno.o)
                              ./system/src/newlib/_sbrk.o (__errno)
/usr/lib/gcc/arm-none-eabi/4.8/../../../arm-none-eabi/lib/armv7-m/libg_nano.a(lib_a-impure.o)
                              /usr/lib/gcc/arm-none-eabi/4.8/../../../arm-none-eabi/lib/armv7-m/libg_nano.a(lib_a-errno.o) (_impure_ptr)
/usr/lib/gcc/arm-none-eabi/4.8/../../../arm-none-eabi/lib/armv7-m/libg_nano.a(lib_a-init.o)
                              ./system/src/cmsis/startup_stm32f103xb.o (__libc_init_array)
/usr/lib/gcc/arm-none-eabi/4.8/../../../arm-none-eabi/lib/armv7-m/libg_nano.a(lib_a-strcpy.o)
                              ./src/main.o (strcpy)
/usr/lib/gcc/arm-none-eabi/4.8/../../../arm-none-eabi/lib/armv7-m/libg_nano.a(lib_a-strlen.o)
                              ./system/src/diag/Trace.o (strlen)
/usr/lib/gcc/arm-none-eabi/4.8/../../../arm-none-eabi/lib/armv7-m/libg_nano.a(lib_a-vsnprintf.o)
                              ./system/src/diag/Trace.o (vsnprintf)
/usr/lib/gcc/arm-none-eabi/4.8/../../../arm-none-eabi/lib/armv7-m/libg_nano.a(lib_a-nano-svfprintf.o)
                              /usr/lib/gcc/arm-none-eabi/4.8/../../../arm-none-eabi/lib/armv7-m/libg_nano.a(lib_a-vsnprintf.o) (_svfprintf_r)
/usr/lib/gcc/arm-none-eabi/4.8/../../../arm-none-eabi/lib/armv7-m/libg_nano.a(lib_a-nano-vfprintf_i.o)
                              /usr/lib/gcc/arm-none-eabi/4.8/../../../arm-none-eabi/lib/armv7-m/libg_nano.a(lib_a-nano-svfprintf.o) (_printf_i)
/usr/lib/gcc/arm-none-eabi/4.8/../../../arm-none-eabi/lib/armv7-m/libg_nano.a(lib_a-memchr-stub.o)
                              /usr/lib/gcc/arm-none-eabi/4.8/../../../arm-none-eabi/lib/armv7-m/libg_nano.a(lib_a-nano-svfprintf.o) (memchr)
/usr/lib/gcc/arm-none-eabi/4.8/../../../arm-none-eabi/lib/armv7-m/libg_nano.a(lib_a-memcpy-stub.o)
                              /usr/lib/gcc/arm-none-eabi/4.8/../../../arm-none-eabi/lib/armv7-m/libg_nano.a(lib_a-nano-svfprintf.o) (memcpy)
/usr/lib/gcc/arm-none-eabi/4.8/../../../arm-none-eabi/lib/armv7-m/libg_nano.a(lib_a-memmove.o)
                              /usr/lib/gcc/arm-none-eabi/4.8/../../../arm-none-eabi/lib/armv7-m/libg_nano.a(lib_a-nano-svfprintf.o) (memmove)
/usr/lib/gcc/arm-none-eabi/4.8/../../../arm-none-eabi/lib/armv7-m/libg_nano.a(lib_a-nano-freer.o)
                              /usr/lib/gcc/arm-none-eabi/4.8/../../../arm-none-eabi/lib/armv7-m/libg_nano.a(lib_a-nano-svfprintf.o) (_free_r)
/usr/lib/gcc/arm-none-eabi/4.8/../../../arm-none-eabi/lib/armv7-m/libg_nano.a(lib_a-nano-mallocr.o)
                              /usr/lib/gcc/arm-none-eabi/4.8/../../../arm-none-eabi/lib/armv7-m/libg_nano.a(lib_a-nano-svfprintf.o) (_malloc_r)
/usr/lib/gcc/arm-none-eabi/4.8/../../../arm-none-eabi/lib/armv7-m/libg_nano.a(lib_a-nano-reallocr.o)
                              /usr/lib/gcc/arm-none-eabi/4.8/../../../arm-none-eabi/lib/armv7-m/libg_nano.a(lib_a-nano-svfprintf.o) (_realloc_r)
/usr/lib/gcc/arm-none-eabi/4.8/../../../arm-none-eabi/lib/armv7-m/libg_nano.a(lib_a-sbrkr.o)
                              /usr/lib/gcc/arm-none-eabi/4.8/../../../arm-none-eabi/lib/armv7-m/libg_nano.a(lib_a-nano-mallocr.o) (_sbrk_r)
/usr/lib/gcc/arm-none-eabi/4.8/../../../arm-none-eabi/lib/armv7-m/libg_nano.a(lib_a-nano-msizer.o)
                              /usr/lib/gcc/arm-none-eabi/4.8/../../../arm-none-eabi/lib/armv7-m/libg_nano.a(lib_a-nano-reallocr.o) (_malloc_usable_size_r)

Allocating common symbols
Common symbol       size              file

errno               0x4               ./system/src/newlib/_syscalls.o
hcan                0x40              ./src/main.o
pFlash              0x20              ./system/src/stm32f1xx/stm32f1xx_hal_flash.o

Discarded input sections

 .group         0x0000000000000000        0x8 ./system/src/stm32f1xx/stm32f1xx_hal.o
 .group         0x0000000000000000        0x8 ./system/src/stm32f1xx/stm32f1xx_hal.o
 .group         0x0000000000000000        0x8 ./system/src/stm32f1xx/stm32f1xx_hal.o
 .group         0x0000000000000000        0x8 ./system/src/stm32f1xx/stm32f1xx_hal.o
 .group         0x0000000000000000        0x8 ./system/src/stm32f1xx/stm32f1xx_hal.o
 .group         0x0000000000000000        0x8 ./system/src/stm32f1xx/stm32f1xx_hal.o
 .group         0x0000000000000000        0x8 ./system/src/stm32f1xx/stm32f1xx_hal.o
 .group         0x0000000000000000        0x8 ./system/src/stm32f1xx/stm32f1xx_hal.o
 .group         0x0000000000000000        0x8 ./system/src/stm32f1xx/stm32f1xx_hal.o
 .group         0x0000000000000000        0x8 ./system/src/stm32f1xx/stm32f1xx_hal.o
 .group         0x0000000000000000        0x8 ./system/src/stm32f1xx/stm32f1xx_hal.o
 .group         0x0000000000000000        0x8 ./system/src/stm32f1xx/stm32f1xx_hal.o
 .group         0x0000000000000000        0x8 ./system/src/stm32f1xx/stm32f1xx_hal.o
[...]
Memory Configuration

Name             Origin             Length             Attributes
RAM              0x0000000020000000 0x0000000000005000 xrw
CCMRAM           0x0000000000000000 0x0000000000000000 xrw
FLASH            0x0000000008000000 0x0000000000020000 xr
FLASHB1          0x0000000000000000 0x0000000000000000 xr
EXTMEMB0         0x0000000000000000 0x0000000000000000 xr
EXTMEMB1         0x0000000000000000 0x0000000000000000 xr
EXTMEMB2         0x0000000000000000 0x0000000000000000 xr
EXTMEMB3         0x0000000000000000 0x0000000000000000 xr
MEMORY_ARRAY     0x0000000000000000 0x0000000000000000 xrw
*default*        0x0000000000000000 0xffffffffffffffff

Linker script and memory map

LOAD ./system/src/stm32f1xx/stm32f1xx_hal.o
LOAD ./system/src/stm32f1xx/stm32f1xx_hal_can.o
LOAD ./system/src/stm32f1xx/stm32f1xx_hal_cortex.o
LOAD ./system/src/stm32f1xx/stm32f1xx_hal_dma.o
LOAD ./system/src/stm32f1xx/stm32f1xx_hal_flash.o
LOAD ./system/src/stm32f1xx/stm32f1xx_hal_flash_ex.o
LOAD ./system/src/stm32f1xx/stm32f1xx_hal_gpio.o
LOAD ./system/src/stm32f1xx/stm32f1xx_hal_gpio_ex.o
LOAD ./system/src/stm32f1xx/stm32f1xx_hal_pwr.o
LOAD ./system/src/stm32f1xx/stm32f1xx_hal_rcc.o
LOAD ./system/src/stm32f1xx/stm32f1xx_hal_rcc_ex.o
LOAD ./system/src/newlib/_cxx.o
LOAD ./system/src/newlib/_exit.o
LOAD ./system/src/newlib/_sbrk.o
LOAD ./system/src/newlib/_startup.o
LOAD ./system/src/newlib/_syscalls.o
LOAD ./system/src/newlib/assert.o
LOAD ./system/src/diag/Trace.o
LOAD ./system/src/diag/trace_impl.o
LOAD ./system/src/cortexm/_initialize_hardware.o
LOAD ./system/src/cortexm/_reset_hardware.o
LOAD ./system/src/cortexm/exception_handlers.o
LOAD ./system/src/cmsis/startup_stm32f103xb.o
LOAD ./system/src/cmsis/system_stm32f1xx.o
LOAD ./src/main.o
LOAD ./src/stm32f1xx_hal_msp.o
LOAD ./src/stm32f1xx_it.o
LOAD /usr/lib/gcc/arm-none-eabi/4.8/../../../arm-none-eabi/lib/armv7-m/libstdc++_nano.a
LOAD /usr/lib/gcc/arm-none-eabi/4.8/../../../arm-none-eabi/lib/armv7-m/libm.a
START GROUP
LOAD /usr/lib/gcc/arm-none-eabi/4.8/armv7-m/libgcc.a
LOAD /usr/lib/gcc/arm-none-eabi/4.8/../../../arm-none-eabi/lib/armv7-m/libg_nano.a
LOAD /usr/lib/gcc/arm-none-eabi/4.8/../../../arm-none-eabi/lib/armv7-m/libc_nano.a
END GROUP
START GROUP
LOAD /usr/lib/gcc/arm-none-eabi/4.8/armv7-m/libgcc.a
LOAD /usr/lib/gcc/arm-none-eabi/4.8/../../../arm-none-eabi/lib/armv7-m/libc_nano.a
END GROUP
                0x0000000020005000                __stack = (ORIGIN (RAM) + 0x5000)
                0x0000000020005000                _estack = __stack
                0x0000000000000400                __Main_Stack_Size = 0x400
                0x0000000000000400                PROVIDE (_Main_Stack_Size, __Main_Stack_Size)
                0x0000000020004c00                __Main_Stack_Limit = (__stack - __Main_Stack_Size)
                0x0000000020004c00                PROVIDE (_Main_Stack_Limit, __Main_Stack_Limit)
                0x0000000000000100                _Minimum_Stack_Size = 0x100
                0x00000000200001a4                PROVIDE (_Heap_Begin, _end_noinit)
                0x0000000020004c00                PROVIDE (_Heap_Limit, (__stack - __Main_Stack_Size))

.isr_vector     0x0000000008000000      0x34c
 FILL mask 0xff
                0x0000000008000000                __vectors_start = ABSOLUTE (.)
                0x0000000008000000                __vectors_start__ = ABSOLUTE (.)
 *(.isr_vector)
 .isr_vector    0x0000000008000000      0x10c ./system/src/cmsis/startup_stm32f103xb.o
                0x0000000008000000                g_pfnVectors
 *(.cfmconfig)
 *(.after_vectors .after_vectors.*)
 .after_vectors
                0x000000000800010c      0x114 ./system/src/newlib/_startup.o
                0x000000000800010c                _start
 .after_vectors
                0x0000000008000220      0x12c ./system/src/cortexm/exception_handlers.o
                0x0000000008000220                Reset_Handler
                0x0000000008000240                HardFault_Handler_C
                0x00000000080002b4                BusFault_Handler_C
                0x00000000080002fc                UsageFault_Handler_C

.inits          0x000000000800034c       0x28
                0x000000000800034c                __data_regions_array_start = .
                0x000000000800034c        0x4 LONG 0x8002e18 LOADADDR (.data)
                0x0000000008000350        0x4 LONG 0x20000000 ADDR (.data)
                0x0000000008000354        0x4 LONG 0x20000078 (ADDR (.data) + SIZEOF (.data))
                0x0000000008000358        0x4 LONG 0x8002e18 LOADADDR (.data_CCMRAM)
                0x000000000800035c        0x4 LONG 0x0 ADDR (.data_CCMRAM)
                0x0000000008000360        0x4 LONG 0x0 (ADDR (.data_CCMRAM) + SIZEOF (.data_CCMRAM))
                0x0000000008000364                __data_regions_array_end = .
                0x0000000008000364                __bss_regions_array_start = .
                0x0000000008000364        0x4 LONG 0x20000078 ADDR (.bss)
                0x0000000008000368        0x4 LONG 0x200001a4 (ADDR (.bss) + SIZEOF (.bss))
                0x000000000800036c        0x4 LONG 0x0 ADDR (.bss_CCMRAM)
                0x0000000008000370        0x4 LONG 0x0 (ADDR (.bss_CCMRAM) + SIZEOF (.bss_CCMRAM))
                0x0000000008000374                __bss_regions_array_end = .
 *(.init)
 *(.fini)
                0x0000000008000374                . = ALIGN (0x4)
                0x0000000008000374                PROVIDE (__preinit_array_start, .)
 *(.preinit_array_sysinit .preinit_array_sysinit.*)
 *(.preinit_array_platform .preinit_array_platform.*)
 *(.preinit_array .preinit_array.*)
                0x0000000008000374                PROVIDE (__preinit_array_end, .)
                0x0000000008000374                . = ALIGN (0x4)
                0x0000000008000374                PROVIDE (__init_array_start, .)
 *(SORT(.init_array.*))
 *(.init_array)
                0x0000000008000374                PROVIDE (__init_array_end, .)
                0x0000000008000374                . = ALIGN (0x4)
                0x0000000008000374                PROVIDE (__fini_array_start, .)
 *(SORT(.fini_array.*))
 *(.fini_array)
                0x0000000008000374                PROVIDE (__fini_array_end, .)

.flashtext
 *(.flashtext .flashtext.*)

.text           0x0000000008000374     0x2aa1
 *(.text .text.*)
 .text.HAL_InitTick
                0x0000000008000374       0x28 ./system/src/stm32f1xx/stm32f1xx_hal.o
                0x0000000008000374                HAL_InitTick
 .text.HAL_Init
                0x000000000800039c       0x24 ./system/src/stm32f1xx/stm32f1xx_hal.o
                0x000000000800039c                HAL_Init
 .text.HAL_IncTick
                0x00000000080003c0       0x10 ./system/src/stm32f1xx/stm32f1xx_hal.o
                0x00000000080003c0                HAL_IncTick
 .text.HAL_GetTick
                0x00000000080003d0        0xc ./system/src/stm32f1xx/stm32f1xx_hal.o
                0x00000000080003d0                HAL_GetTick
 .text.HAL_Delay
                0x00000000080003dc       0x1c ./system/src/stm32f1xx/stm32f1xx_hal.o
                0x00000000080003dc                HAL_Delay
 .text.HAL_CAN_ConfigFilter
                0x00000000080003f8      0x168 ./system/src/stm32f1xx/stm32f1xx_hal_can.o
                0x00000000080003f8                HAL_CAN_ConfigFilter
 .text.HAL_CAN_Init
                0x0000000008000560      0x20c ./system/src/stm32f1xx/stm32f1xx_hal_can.o
                0x0000000008000560                HAL_CAN_Init
 .text.HAL_CAN_Transmit
                0x000000000800076c      0x22c ./system/src/stm32f1xx/stm32f1xx_hal_can.o
                0x000000000800076c                HAL_CAN_Transmit
 .text.HAL_CAN_Receive_IT
                0x0000000008000998       0x90 ./system/src/stm32f1xx/stm32f1xx_hal_can.o
                0x0000000008000998                HAL_CAN_Receive_IT
 .text.HAL_CAN_TxCpltCallback
                0x0000000008000a28        0x4 ./system/src/stm32f1xx/stm32f1xx_hal_can.o
                0x0000000008000a28                HAL_CAN_TxCpltCallback
 .text.CAN_Transmit_IT
                0x0000000008000a2c       0x40 ./system/src/stm32f1xx/stm32f1xx_hal_can.o
 .text.CAN_Receive_IT
                0x0000000008000a6c      0x13c ./system/src/stm32f1xx/stm32f1xx_hal_can.o
 .text.HAL_CAN_ErrorCallback
                0x0000000008000ba8        0x4 ./system/src/stm32f1xx/stm32f1xx_hal_can.o
                0x0000000008000ba8                HAL_CAN_ErrorCallback
 .text.HAL_CAN_IRQHandler
                0x0000000008000bac      0x170 ./system/src/stm32f1xx/stm32f1xx_hal_can.o
                0x0000000008000bac                HAL_CAN_IRQHandler
 .text.HAL_NVIC_SetPriorityGrouping
                0x0000000008000d1c       0x3c ./system/src/stm32f1xx/stm32f1xx_hal_cortex.o
                0x0000000008000d1c                HAL_NVIC_SetPriorityGrouping
 .text.HAL_NVIC_SetPriority
                0x0000000008000d58       0x84 ./system/src/stm32f1xx/stm32f1xx_hal_cortex.o
                0x0000000008000d58                HAL_NVIC_SetPriority
 .text.HAL_NVIC_EnableIRQ
                0x0000000008000ddc       0x2c ./system/src/stm32f1xx/stm32f1xx_hal_cortex.o
                0x0000000008000ddc                HAL_NVIC_EnableIRQ
 .text.HAL_SYSTICK_Config
                0x0000000008000e08       0x2c ./system/src/stm32f1xx/stm32f1xx_hal_cortex.o
                0x0000000008000e08                HAL_SYSTICK_Config
 .text.HAL_SYSTICK_CLKSourceConfig
                0x0000000008000e34       0x38 ./system/src/stm32f1xx/stm32f1xx_hal_cortex.o
                0x0000000008000e34                HAL_SYSTICK_CLKSourceConfig
 .text.HAL_SYSTICK_Callback
                0x0000000008000e6c        0x4 ./system/src/stm32f1xx/stm32f1xx_hal_cortex.o
                0x0000000008000e6c                HAL_SYSTICK_Callback
 .text.HAL_SYSTICK_IRQHandler
                0x0000000008000e70        0x8 ./system/src/stm32f1xx/stm32f1xx_hal_cortex.o
                0x0000000008000e70                HAL_SYSTICK_IRQHandler
 .text.HAL_GPIO_Init
                0x0000000008000e78      0x2fc ./system/src/stm32f1xx/stm32f1xx_hal_gpio.o
                0x0000000008000e78                HAL_GPIO_Init
 .text.HAL_GPIO_WritePin
                0x0000000008001174       0x34 ./system/src/stm32f1xx/stm32f1xx_hal_gpio.o
                0x0000000008001174                HAL_GPIO_WritePin
 .text.HAL_RCC_OscConfig
                0x00000000080011a8      0x720 ./system/src/stm32f1xx/stm32f1xx_hal_rcc.o
                0x00000000080011a8                HAL_RCC_OscConfig
 .text.HAL_RCC_GetSysClockFreq
                0x00000000080018c8       0x94 ./system/src/stm32f1xx/stm32f1xx_hal_rcc.o
                0x00000000080018c8                HAL_RCC_GetSysClockFreq
 .text.HAL_RCC_ClockConfig
                0x000000000800195c      0x2a4 ./system/src/stm32f1xx/stm32f1xx_hal_rcc.o
                0x000000000800195c                HAL_RCC_ClockConfig
 .text.HAL_RCC_GetHCLKFreq
                0x0000000008001c00        0xc ./system/src/stm32f1xx/stm32f1xx_hal_rcc.o
                0x0000000008001c00                HAL_RCC_GetHCLKFreq
 .text._exit    0x0000000008001c0c        0x4 ./system/src/newlib/_exit.o
                0x0000000008001c0c                _exit
 .text._sbrk    0x0000000008001c10       0x44 ./system/src/newlib/_sbrk.o
                0x0000000008001c10                _sbrk
 .text.__initialize_args
                0x0000000008001c54       0x10 ./system/src/newlib/_syscalls.o
                0x0000000008001c54                __initialize_args
 .text.trace_printf
                0x0000000008001c64       0x34 ./system/src/diag/Trace.o
                0x0000000008001c64                trace_printf
 .text._trace_write_semihosting_debug
                0x0000000008001c98       0x60 ./system/src/diag/trace_impl.o
 .text.trace_write
                0x0000000008001cf8        0x8 ./system/src/diag/trace_impl.o
                0x0000000008001cf8                trace_write
 .text.__initialize_hardware_early
                0x0000000008001d00       0x18 ./system/src/cortexm/_initialize_hardware.o
                0x0000000008001d00                __initialize_hardware_early
 .text.__initialize_hardware
                0x0000000008001d18        0x8 ./system/src/cortexm/_initialize_hardware.o
                0x0000000008001d18                __initialize_hardware
 .text.dumpExceptionStack
                0x0000000008001d20       0xf0 ./system/src/cortexm/exception_handlers.o
                0x0000000008001d20                dumpExceptionStack
 .text.isSemihosting
                0x0000000008001e10       0x20 ./system/src/cortexm/exception_handlers.o
                0x0000000008001e10                isSemihosting
 .text.Default_Handler
                0x0000000008001e30        0x2 ./system/src/cmsis/startup_stm32f103xb.o
                0x0000000008001e30                RTC_Alarm_IRQHandler
                0x0000000008001e30                EXTI2_IRQHandler
                0x0000000008001e30                TIM1_CC_IRQHandler
                0x0000000008001e30                PVD_IRQHandler
                0x0000000008001e30                EXTI3_IRQHandler
                0x0000000008001e30                EXTI0_IRQHandler
                0x0000000008001e30                I2C2_EV_IRQHandler
                0x0000000008001e30                ADC1_2_IRQHandler
                0x0000000008001e30                SPI1_IRQHandler
                0x0000000008001e30                TAMPER_IRQHandler
                0x0000000008001e30                DMA1_Channel4_IRQHandler
                0x0000000008001e30                USART3_IRQHandler
                0x0000000008001e30                RTC_IRQHandler
                0x0000000008001e30                DMA1_Channel7_IRQHandler
                0x0000000008001e30                CAN1_RX1_IRQHandler
                0x0000000008001e30                TIM4_IRQHandler
                0x0000000008001e30                I2C1_EV_IRQHandler
                0x0000000008001e30                DMA1_Channel6_IRQHandler
                0x0000000008001e30                TIM3_IRQHandler
                0x0000000008001e30                RCC_IRQHandler
                0x0000000008001e30                TIM1_TRG_COM_IRQHandler
                0x0000000008001e30                DMA1_Channel1_IRQHandler
                0x0000000008001e30                Default_Handler
                0x0000000008001e30                EXTI15_10_IRQHandler
                0x0000000008001e30                EXTI9_5_IRQHandler
                0x0000000008001e30                SPI2_IRQHandler
                0x0000000008001e30                DMA1_Channel5_IRQHandler
                0x0000000008001e30                EXTI4_IRQHandler
                0x0000000008001e30                USB_HP_CAN1_TX_IRQHandler
                0x0000000008001e30                DMA1_Channel3_IRQHandler
                0x0000000008001e30                TIM1_UP_IRQHandler
                0x0000000008001e30                WWDG_IRQHandler
                0x0000000008001e30                TIM2_IRQHandler
                0x0000000008001e30                TIM1_BRK_IRQHandler
                0x0000000008001e30                EXTI1_IRQHandler
                0x0000000008001e30                USART2_IRQHandler
                0x0000000008001e30                I2C2_ER_IRQHandler
                0x0000000008001e30                DMA1_Channel2_IRQHandler
                0x0000000008001e30                CAN1_SCE_IRQHandler
                0x0000000008001e30                FLASH_IRQHandler
                0x0000000008001e30                USART1_IRQHandler
                0x0000000008001e30                I2C1_ER_IRQHandler
                0x0000000008001e30                USBWakeUp_IRQHandler
 *fill*         0x0000000008001e32        0x2 
 .text.SystemInit
                0x0000000008001e34       0x4c ./system/src/cmsis/system_stm32f1xx.o
                0x0000000008001e34                SystemInit
 .text.SystemCoreClockUpdate
                0x0000000008001e80       0x94 ./system/src/cmsis/system_stm32f1xx.o
                0x0000000008001e80                SystemCoreClockUpdate
 .text.MX_GPIO_Init
                0x0000000008001f14       0x6c ./src/main.o
 .text.MX_NVIC_Init
                0x0000000008001f80       0x14 ./src/main.o
 .text.Error_Handler
                0x0000000008001f94        0x4 ./src/main.o
                0x0000000008001f94                Error_Handler
 .text.MX_CAN_Init
                0x0000000008001f98       0x94 ./src/main.o
 .text.SystemClock_Config
                0x000000000800202c       0x78 ./src/main.o
                0x000000000800202c                SystemClock_Config
 .text.main     0x00000000080020a4      0x144 ./src/main.o
                0x00000000080020a4                main
 .text.HAL_CAN_RxCpltCallback
                0x00000000080021e8       0x4c ./src/main.o
                0x00000000080021e8                HAL_CAN_RxCpltCallback
 .text.assert_failed
                0x0000000008002234        0x4 ./src/main.o
                0x0000000008002234                assert_failed
 .text.HAL_MspInit
                0x0000000008002238       0x7c ./src/stm32f1xx_hal_msp.o
                0x0000000008002238                HAL_MspInit
 .text.HAL_CAN_MspInit
                0x00000000080022b4       0x5c ./src/stm32f1xx_hal_msp.o
                0x00000000080022b4                HAL_CAN_MspInit
 .text.NMI_Handler
                0x0000000008002310        0x4 ./src/stm32f1xx_it.o
                0x0000000008002310                NMI_Handler
 .text.HardFault_Handler
                0x0000000008002314        0x4 ./src/stm32f1xx_it.o
                0x0000000008002314                HardFault_Handler
 .text.MemManage_Handler
                0x0000000008002318        0x4 ./src/stm32f1xx_it.o
                0x0000000008002318                MemManage_Handler
 .text.BusFault_Handler
                0x000000000800231c        0x4 ./src/stm32f1xx_it.o
                0x000000000800231c                BusFault_Handler
 .text.UsageFault_Handler
                0x0000000008002320        0x4 ./src/stm32f1xx_it.o
                0x0000000008002320                UsageFault_Handler
 .text.SVC_Handler
                0x0000000008002324        0x4 ./src/stm32f1xx_it.o
                0x0000000008002324                SVC_Handler
 .text.DebugMon_Handler
                0x0000000008002328        0x4 ./src/stm32f1xx_it.o
                0x0000000008002328                DebugMon_Handler
 .text.PendSV_Handler
                0x000000000800232c        0x4 ./src/stm32f1xx_it.o
                0x000000000800232c                PendSV_Handler
 .text.SysTick_Handler
                0x0000000008002330        0xc ./src/stm32f1xx_it.o
                0x0000000008002330                SysTick_Handler
 .text.USB_LP_CAN1_RX0_IRQHandler
                0x000000000800233c       0x10 ./src/stm32f1xx_it.o
                0x000000000800233c                USB_LP_CAN1_RX0_IRQHandler
 .text.__errno  0x000000000800234c        0xc /usr/lib/gcc/arm-none-eabi/4.8/../../../arm-none-eabi/lib/armv7-m/libg_nano.a(lib_a-errno.o)
                0x000000000800234c                __errno
 .text.strcpy   0x0000000008002358       0x10 /usr/lib/gcc/arm-none-eabi/4.8/../../../arm-none-eabi/lib/armv7-m/libg_nano.a(lib_a-strcpy.o)
                0x0000000008002358                strcpy
 .text.strlen   0x0000000008002368       0x10 /usr/lib/gcc/arm-none-eabi/4.8/../../../arm-none-eabi/lib/armv7-m/libg_nano.a(lib_a-strlen.o)
                0x0000000008002368                strlen
 .text._vsnprintf_r
                0x0000000008002378       0x52 /usr/lib/gcc/arm-none-eabi/4.8/../../../arm-none-eabi/lib/armv7-m/libg_nano.a(lib_a-vsnprintf.o)
                0x0000000008002378                _vsnprintf_r
                0x0000000008002378                _vsniprintf_r
 *fill*         0x00000000080023ca        0x2 
 .text.vsnprintf
                0x00000000080023cc       0x20 /usr/lib/gcc/arm-none-eabi/4.8/../../../arm-none-eabi/lib/armv7-m/libg_nano.a(lib_a-vsnprintf.o)
                0x00000000080023cc                vsnprintf
                0x00000000080023cc                vsniprintf
 .text.__ssputs_r
                0x00000000080023ec       0xb8 /usr/lib/gcc/arm-none-eabi/4.8/../../../arm-none-eabi/lib/armv7-m/libg_nano.a(lib_a-nano-svfprintf.o)
                0x00000000080023ec                __ssputs_r
 .text._svfprintf_r
                0x00000000080024a4      0x1d8 /usr/lib/gcc/arm-none-eabi/4.8/../../../arm-none-eabi/lib/armv7-m/libg_nano.a(lib_a-nano-svfprintf.o)
                0x00000000080024a4                _svfprintf_r
                0x00000000080024a4                _svfiprintf_r
 .text._printf_common
                0x000000000800267c       0xe4 /usr/lib/gcc/arm-none-eabi/4.8/../../../arm-none-eabi/lib/armv7-m/libg_nano.a(lib_a-nano-vfprintf_i.o)
                0x000000000800267c                _printf_common
 .text._printf_i
                0x0000000008002760      0x22c /usr/lib/gcc/arm-none-eabi/4.8/../../../arm-none-eabi/lib/armv7-m/libg_nano.a(lib_a-nano-vfprintf_i.o)
                0x0000000008002760                _printf_i
 .text.memchr   0x000000000800298c       0x1c /usr/lib/gcc/arm-none-eabi/4.8/../../../arm-none-eabi/lib/armv7-m/libg_nano.a(lib_a-memchr-stub.o)
                0x000000000800298c                memchr
 .text.memcpy   0x00000000080029a8       0x12 /usr/lib/gcc/arm-none-eabi/4.8/../../../arm-none-eabi/lib/armv7-m/libg_nano.a(lib_a-memcpy-stub.o)
                0x00000000080029a8                memcpy
 .text.memmove  0x00000000080029ba       0x36 /usr/lib/gcc/arm-none-eabi/4.8/../../../arm-none-eabi/lib/armv7-m/libg_nano.a(lib_a-memmove.o)
                0x00000000080029ba                memmove
 .text._free_r  0x00000000080029f0       0x88 /usr/lib/gcc/arm-none-eabi/4.8/../../../arm-none-eabi/lib/armv7-m/libg_nano.a(lib_a-nano-freer.o)
                0x00000000080029f0                _free_r
 .text._malloc_r
                0x0000000008002a78       0xac /usr/lib/gcc/arm-none-eabi/4.8/../../../arm-none-eabi/lib/armv7-m/libg_nano.a(lib_a-nano-mallocr.o)
                0x0000000008002a78                _malloc_r
 .text._realloc_r
                0x0000000008002b24       0x4c /usr/lib/gcc/arm-none-eabi/4.8/../../../arm-none-eabi/lib/armv7-m/libg_nano.a(lib_a-nano-reallocr.o)
                0x0000000008002b24                _realloc_r
 .text._sbrk_r  0x0000000008002b70       0x20 /usr/lib/gcc/arm-none-eabi/4.8/../../../arm-none-eabi/lib/armv7-m/libg_nano.a(lib_a-sbrkr.o)
                0x0000000008002b70                _sbrk_r
 .text._malloc_usable_size_r
                0x0000000008002b90       0x12 /usr/lib/gcc/arm-none-eabi/4.8/../../../arm-none-eabi/lib/armv7-m/libg_nano.a(lib_a-nano-msizer.o)
                0x0000000008002b90                _malloc_usable_size_r
 *(.rodata .rodata.* .constdata .constdata.*)
 *fill*         0x0000000008002ba2        0x2 
 .rodata.str1.4
                0x0000000008002ba4       0x2c ./system/src/stm32f1xx/stm32f1xx_hal_can.o
 .rodata.str1.4
                0x0000000008002bd0       0x2f ./system/src/stm32f1xx/stm32f1xx_hal_cortex.o
                                         0x30 (size before relaxing)
 *fill*         0x0000000008002bff        0x1 
 .rodata.str1.4
                0x0000000008002c00       0x2d ./system/src/stm32f1xx/stm32f1xx_hal_gpio.o
                                         0x30 (size before relaxing)
 *fill*         0x0000000008002c2d        0x3 
 .rodata        0x0000000008002c30       0x14 ./system/src/stm32f1xx/stm32f1xx_hal_rcc.o
 .rodata.str1.4
                0x0000000008002c44       0x2c ./system/src/stm32f1xx/stm32f1xx_hal_rcc.o
 .rodata.str1.4
                0x0000000008002c70      0x146 ./system/src/cortexm/exception_handlers.o
                                        0x148 (size before relaxing)
 *fill*         0x0000000008002db6        0x2 
 .rodata.AHBPrescTable
                0x0000000008002db8       0x10 ./system/src/cmsis/system_stm32f1xx.o
                0x0000000008002db8                AHBPrescTable
 .rodata        0x0000000008002dc8        0x8 ./src/main.o
 .rodata.str1.4
                0x0000000008002dd0       0x10 ./src/main.o
 .rodata.str1.1
                0x0000000008002de0        0x2 /usr/lib/gcc/arm-none-eabi/4.8/../../../arm-none-eabi/lib/armv7-m/libg_nano.a(lib_a-impure.o)
 .rodata.str1.1
                0x0000000008002de2       0x11 /usr/lib/gcc/arm-none-eabi/4.8/../../../arm-none-eabi/lib/armv7-m/libg_nano.a(lib_a-nano-svfprintf.o)
 .rodata.str1.1
                0x0000000008002df3       0x22 /usr/lib/gcc/arm-none-eabi/4.8/../../../arm-none-eabi/lib/armv7-m/libg_nano.a(lib_a-nano-vfprintf_i.o)
 *(vtable)
 *(.eh_frame*)
 *(.glue_7)
 .glue_7        0x0000000008002e15        0x0 linker stubs
 *(.glue_7t)
 .glue_7t       0x0000000008002e15        0x0 linker stubs

.vfp11_veneer   0x0000000008002e18        0x0
 .vfp11_veneer  0x0000000008002e18        0x0 linker stubs

.v4_bx          0x0000000008002e18        0x0
 .v4_bx         0x0000000008002e18        0x0 linker stubs

.iplt           0x0000000008002e18        0x0
 .iplt          0x0000000008002e18        0x0 ./system/src/stm32f1xx/stm32f1xx_hal.o

.rel.dyn        0x0000000008002e18        0x0
 .rel.iplt      0x0000000008002e18        0x0 ./system/src/stm32f1xx/stm32f1xx_hal.o

.ARM.extab
 *(.ARM.extab* .gnu.linkonce.armextab.*)
                0x0000000008002e18                . = ALIGN (0x4)
                0x0000000008002e18                __exidx_start = .

.ARM.exidx
 *(.ARM.exidx* .gnu.linkonce.armexidx.*)
                0x0000000008002e18                __exidx_end = .
                0x0000000008002e18                . = ALIGN (0x4)
                0x0000000008002e18                _etext = .
                0x0000000008002e18                __etext = .

.data_CCMRAM    0x0000000000000000        0x0 load address 0x0000000008002e18
 FILL mask 0xff
 *(.data.CCMRAM .data.CCMRAM.*)
                0x0000000000000000                . = ALIGN (0x4)
                0x0000000008002e18                _sidata = LOADADDR (.data)

.data           0x0000000020000000       0x78 load address 0x0000000008002e18
 FILL mask 0xff
                0x0000000020000000                _sdata = .
                0x0000000020000000                __data_start__ = .
 *(.data_begin .data_begin.*)
 .data_begin    0x0000000020000000        0x4 ./system/src/newlib/_startup.o
 *(.data .data.*)
 .data.argv.4049
                0x0000000020000004        0x8 ./system/src/newlib/_syscalls.o
 .data.SystemCoreClock
                0x000000002000000c        0x4 ./system/src/cmsis/system_stm32f1xx.o
                0x000000002000000c                SystemCoreClock
 .data.impure_data
                0x0000000020000010       0x60 /usr/lib/gcc/arm-none-eabi/4.8/../../../arm-none-eabi/lib/armv7-m/libg_nano.a(lib_a-impure.o)
 .data._impure_ptr
                0x0000000020000070        0x4 /usr/lib/gcc/arm-none-eabi/4.8/../../../arm-none-eabi/lib/armv7-m/libg_nano.a(lib_a-impure.o)
                0x0000000020000070                _impure_ptr
 *(.data_end .data_end.*)
 .data_end      0x0000000020000074        0x4 ./system/src/newlib/_startup.o
                0x0000000020000078                . = ALIGN (0x4)
                0x0000000020000078                _edata = .
                0x0000000020000078                __data_end__ = .

.igot.plt       0x0000000020000078        0x0 load address 0x0000000008002e90
 .igot.plt      0x0000000020000078        0x0 ./system/src/stm32f1xx/stm32f1xx_hal.o

.bss_CCMRAM     0x0000000000000000        0x0
 *(.bss.CCMRAM .bss.CCMRAM.*)

.bss            0x0000000020000078      0x12c
                0x0000000020000078                __bss_start__ = .
                0x0000000020000078                _sbss = .
 *(.bss_begin .bss_begin.*)
 .bss_begin     0x0000000020000078        0x4 ./system/src/newlib/_startup.o
 *(.bss .bss.*)
 .bss.uwTick    0x000000002000007c        0x4 ./system/src/stm32f1xx/stm32f1xx_hal.o
 .bss.current_heap_end.3842
                0x0000000020000080        0x4 ./system/src/newlib/_sbrk.o
 .bss.name.4048
                0x0000000020000084        0x4 ./system/src/newlib/_syscalls.o
 .bss.buf.4938  0x0000000020000088       0x80 ./system/src/diag/Trace.o
 .bss.ontime    0x0000000020000108        0x4 ./src/main.o
                0x0000000020000108                ontime
 .bss.timecounter
                0x000000002000010c        0x4 ./src/main.o
                0x000000002000010c                timecounter
 .bss.TxMsg.5850
                0x0000000020000110       0x1c ./src/main.o
 .bss.replyflag
                0x000000002000012c        0x1 ./src/main.o
                0x000000002000012c                replyflag
 .bss.CAN_ISR_CALLED
                0x000000002000012d        0x1 ./src/main.o
                0x000000002000012d                CAN_ISR_CALLED
 *fill*         0x000000002000012e        0x2 
 .bss.RxMsg.5851
                0x0000000020000130       0x24 ./src/main.o
 .bss.__malloc_sbrk_start
                0x0000000020000154        0x4 /usr/lib/gcc/arm-none-eabi/4.8/../../../arm-none-eabi/lib/armv7-m/libg_nano.a(lib_a-nano-mallocr.o)
                0x0000000020000154                __malloc_sbrk_start
 .bss.__malloc_free_list
                0x0000000020000158        0x4 /usr/lib/gcc/arm-none-eabi/4.8/../../../arm-none-eabi/lib/armv7-m/libg_nano.a(lib_a-nano-mallocr.o)
                0x0000000020000158                __malloc_free_list
 *(COMMON)
 COMMON         0x000000002000015c        0x4 ./system/src/newlib/_syscalls.o
                0x000000002000015c                errno
 COMMON         0x0000000020000160       0x40 ./src/main.o
                0x0000000020000160                hcan
 *(.bss_end .bss_end.*)
 .bss_end       0x00000000200001a0        0x4 ./system/src/newlib/_startup.o
                0x00000000200001a4                . = ALIGN (0x4)
                0x00000000200001a4                __bss_end__ = .
                0x00000000200001a4                _ebss = .

.noinit_CCMRAM
 *(.noinit.CCMRAM .noinit.CCMRAM.*)

.noinit         0x00000000200001a4        0x0
                0x00000000200001a4                _noinit = .
 *(.noinit .noinit.*)
                0x00000000200001a4                . = ALIGN (0x4)
                0x00000000200001a4                _end_noinit = .
                0x00000000200001a4                PROVIDE (end, _end_noinit)
                0x00000000200001a4                PROVIDE (_end, _end_noinit)
                0x00000000200001a4                PROVIDE (__end, _end_noinit)
                0x00000000200001a4                PROVIDE (__end__, _end_noinit)

._check_stack   0x00000000200001a4      0x100
                0x00000000200002a4                . = (. + _Minimum_Stack_Size)
 *fill*         0x00000000200001a4      0x100 

.b1text
 *(.b1text)
 *(.b1rodata)
 *(.b1rodata.*)

.eb0text
 *(.eb0text)
 *(.eb0rodata)
 *(.eb0rodata.*)

.eb1text
 *(.eb1text)
 *(.eb1rodata)
 *(.eb1rodata.*)

.eb2text
 *(.eb2text)
 *(.eb2rodata)
 *(.eb2rodata.*)

.eb3text
 *(.eb3text)
 *(.eb3rodata)
 *(.eb3rodata.*)

.stab
 *(.stab)

.stabstr
 *(.stabstr)

.stab.excl
 *(.stab.excl)

.stab.exclstr
 *(.stab.exclstr)

.stab.index
 *(.stab.index)

.stab.indexstr
 *(.stab.indexstr)

.comment        0x0000000000000000       0x58
 *(.comment)
 .comment       0x0000000000000000       0x2d ./system/src/stm32f1xx/stm32f1xx_hal.o
                                         0x2e (size before relaxing)
 .comment       0x000000000000002d       0x2e ./system/src/stm32f1xx/stm32f1xx_hal_can.o
 .comment       0x000000000000002d       0x2e ./system/src/stm32f1xx/stm32f1xx_hal_cortex.o
 .comment       0x000000000000002d       0x2e ./system/src/stm32f1xx/stm32f1xx_hal_gpio.o
 .comment       0x000000000000002d       0x2e ./system/src/stm32f1xx/stm32f1xx_hal_rcc.o
 .comment       0x000000000000002d       0x2e ./system/src/newlib/_exit.o
 .comment       0x000000000000002d       0x2e ./system/src/newlib/_sbrk.o
 .comment       0x000000000000002d       0x2e ./system/src/newlib/_startup.o
 .comment       0x000000000000002d       0x2e ./system/src/newlib/_syscalls.o
 .comment       0x000000000000002d       0x2e ./system/src/diag/Trace.o
 .comment       0x000000000000002d       0x2e ./system/src/diag/trace_impl.o
 .comment       0x000000000000002d       0x2e ./system/src/cortexm/_initialize_hardware.o
 .comment       0x000000000000002d       0x2e ./system/src/cortexm/exception_handlers.o
 .comment       0x000000000000002d       0x2e ./system/src/cmsis/system_stm32f1xx.o
 .comment       0x000000000000002d       0x2e ./src/main.o
 .comment       0x000000000000002d       0x2e ./src/stm32f1xx_hal_msp.o
 .comment       0x000000000000002d       0x2e ./src/stm32f1xx_it.o
 .comment       0x000000000000002d       0x2b /usr/lib/gcc/arm-none-eabi/4.8/../../../arm-none-eabi/lib/armv7-m/libg_nano.a(lib_a-errno.o)
                                         0x2c (size before relaxing)
 .comment       0x0000000000000058       0x2c /usr/lib/gcc/arm-none-eabi/4.8/../../../arm-none-eabi/lib/armv7-m/libg_nano.a(lib_a-impure.o)
 .comment       0x0000000000000058       0x2c /usr/lib/gcc/arm-none-eabi/4.8/../../../arm-none-eabi/lib/armv7-m/libg_nano.a(lib_a-strcpy.o)
 .comment       0x0000000000000058       0x2c /usr/lib/gcc/arm-none-eabi/4.8/../../../arm-none-eabi/lib/armv7-m/libg_nano.a(lib_a-strlen.o)
 .comment       0x0000000000000058       0x2c /usr/lib/gcc/arm-none-eabi/4.8/../../../arm-none-eabi/lib/armv7-m/libg_nano.a(lib_a-vsnprintf.o)
 .comment       0x0000000000000058       0x2c /usr/lib/gcc/arm-none-eabi/4.8/../../../arm-none-eabi/lib/armv7-m/libg_nano.a(lib_a-nano-svfprintf.o)
 .comment       0x0000000000000058       0x2c /usr/lib/gcc/arm-none-eabi/4.8/../../../arm-none-eabi/lib/armv7-m/libg_nano.a(lib_a-nano-vfprintf_i.o)
 .comment       0x0000000000000058       0x2c /usr/lib/gcc/arm-none-eabi/4.8/../../../arm-none-eabi/lib/armv7-m/libg_nano.a(lib_a-memchr-stub.o)
 .comment       0x0000000000000058       0x2c /usr/lib/gcc/arm-none-eabi/4.8/../../../arm-none-eabi/lib/armv7-m/libg_nano.a(lib_a-memcpy-stub.o)
 .comment       0x0000000000000058       0x2c /usr/lib/gcc/arm-none-eabi/4.8/../../../arm-none-eabi/lib/armv7-m/libg_nano.a(lib_a-memmove.o)
 .comment       0x0000000000000058       0x2c /usr/lib/gcc/arm-none-eabi/4.8/../../../arm-none-eabi/lib/armv7-m/libg_nano.a(lib_a-nano-freer.o)
 .comment       0x0000000000000058       0x2c /usr/lib/gcc/arm-none-eabi/4.8/../../../arm-none-eabi/lib/armv7-m/libg_nano.a(lib_a-nano-mallocr.o)
 .comment       0x0000000000000058       0x2c /usr/lib/gcc/arm-none-eabi/4.8/../../../arm-none-eabi/lib/armv7-m/libg_nano.a(lib_a-nano-reallocr.o)
 .comment       0x0000000000000058       0x2c /usr/lib/gcc/arm-none-eabi/4.8/../../../arm-none-eabi/lib/armv7-m/libg_nano.a(lib_a-sbrkr.o)
 .comment       0x0000000000000058       0x2c /usr/lib/gcc/arm-none-eabi/4.8/../../../arm-none-eabi/lib/armv7-m/libg_nano.a(lib_a-nano-msizer.o)

.ARM.attributes
                0x0000000000000000       0x31
 .ARM.attributes
                0x0000000000000000       0x33 ./system/src/stm32f1xx/stm32f1xx_hal.o
 .ARM.attributes
                0x0000000000000033       0x33 ./system/src/stm32f1xx/stm32f1xx_hal_can.o
 .ARM.attributes
                0x0000000000000066       0x33 ./system/src/stm32f1xx/stm32f1xx_hal_cortex.o
 .ARM.attributes
                0x0000000000000099       0x33 ./system/src/stm32f1xx/stm32f1xx_hal_gpio.o
 .ARM.attributes
                0x00000000000000cc       0x33 ./system/src/stm32f1xx/stm32f1xx_hal_rcc.o
 .ARM.attributes
                0x00000000000000ff       0x33 ./system/src/newlib/_exit.o
 .ARM.attributes
                0x0000000000000132       0x33 ./system/src/newlib/_sbrk.o
 .ARM.attributes
                0x0000000000000165       0x33 ./system/src/newlib/_startup.o
 .ARM.attributes
                0x0000000000000198       0x33 ./system/src/newlib/_syscalls.o
 .ARM.attributes
                0x00000000000001cb       0x33 ./system/src/diag/Trace.o
 .ARM.attributes
                0x00000000000001fe       0x33 ./system/src/diag/trace_impl.o
 .ARM.attributes
                0x0000000000000231       0x33 ./system/src/cortexm/_initialize_hardware.o
 .ARM.attributes
                0x0000000000000264       0x33 ./system/src/cortexm/exception_handlers.o
 .ARM.attributes
                0x0000000000000297       0x21 ./system/src/cmsis/startup_stm32f103xb.o
 .ARM.attributes
                0x00000000000002b8       0x33 ./system/src/cmsis/system_stm32f1xx.o
 .ARM.attributes
                0x00000000000002eb       0x33 ./src/main.o
 .ARM.attributes
                0x000000000000031e       0x33 ./src/stm32f1xx_hal_msp.o
 .ARM.attributes
                0x0000000000000351       0x33 ./src/stm32f1xx_it.o
 .ARM.attributes
                0x0000000000000384       0x2d /usr/lib/gcc/arm-none-eabi/4.8/../../../arm-none-eabi/lib/armv7-m/libg_nano.a(lib_a-errno.o)
 .ARM.attributes
                0x00000000000003b1       0x2d /usr/lib/gcc/arm-none-eabi/4.8/../../../arm-none-eabi/lib/armv7-m/libg_nano.a(lib_a-impure.o)
 .ARM.attributes
                0x00000000000003de       0x2d /usr/lib/gcc/arm-none-eabi/4.8/../../../arm-none-eabi/lib/armv7-m/libg_nano.a(lib_a-strcpy.o)
 .ARM.attributes
                0x000000000000040b       0x2d /usr/lib/gcc/arm-none-eabi/4.8/../../../arm-none-eabi/lib/armv7-m/libg_nano.a(lib_a-strlen.o)
 .ARM.attributes
                0x0000000000000438       0x2d /usr/lib/gcc/arm-none-eabi/4.8/../../../arm-none-eabi/lib/armv7-m/libg_nano.a(lib_a-vsnprintf.o)
 .ARM.attributes
                0x0000000000000465       0x2d /usr/lib/gcc/arm-none-eabi/4.8/../../../arm-none-eabi/lib/armv7-m/libg_nano.a(lib_a-nano-svfprintf.o)
 .ARM.attributes
                0x0000000000000492       0x2d /usr/lib/gcc/arm-none-eabi/4.8/../../../arm-none-eabi/lib/armv7-m/libg_nano.a(lib_a-nano-vfprintf_i.o)
 .ARM.attributes
                0x00000000000004bf       0x2d /usr/lib/gcc/arm-none-eabi/4.8/../../../arm-none-eabi/lib/armv7-m/libg_nano.a(lib_a-memchr-stub.o)
 .ARM.attributes
                0x00000000000004ec       0x2d /usr/lib/gcc/arm-none-eabi/4.8/../../../arm-none-eabi/lib/armv7-m/libg_nano.a(lib_a-memcpy-stub.o)
 .ARM.attributes
                0x0000000000000519       0x2d /usr/lib/gcc/arm-none-eabi/4.8/../../../arm-none-eabi/lib/armv7-m/libg_nano.a(lib_a-memmove.o)
 .ARM.attributes
                0x0000000000000546       0x2d /usr/lib/gcc/arm-none-eabi/4.8/../../../arm-none-eabi/lib/armv7-m/libg_nano.a(lib_a-nano-freer.o)
 .ARM.attributes
                0x0000000000000573       0x2d /usr/lib/gcc/arm-none-eabi/4.8/../../../arm-none-eabi/lib/armv7-m/libg_nano.a(lib_a-nano-mallocr.o)
 .ARM.attributes
                0x00000000000005a0       0x2d /usr/lib/gcc/arm-none-eabi/4.8/../../../arm-none-eabi/lib/armv7-m/libg_nano.a(lib_a-nano-reallocr.o)
 .ARM.attributes
                0x00000000000005cd       0x2d /usr/lib/gcc/arm-none-eabi/4.8/../../../arm-none-eabi/lib/armv7-m/libg_nano.a(lib_a-sbrkr.o)
 .ARM.attributes
                0x00000000000005fa       0x2d /usr/lib/gcc/arm-none-eabi/4.8/../../../arm-none-eabi/lib/armv7-m/libg_nano.a(lib_a-nano-msizer.o)

.debug
 *(.debug)

.line
 *(.line)

.debug_srcinfo
 *(.debug_srcinfo)

.debug_sfnames
 *(.debug_sfnames)

.debug_aranges  0x0000000000000000      0x7e0
 *(.debug_aranges)
 .debug_aranges
                0x0000000000000000       0xb0 ./system/src/stm32f1xx/stm32f1xx_hal.o
 .debug_aranges
                0x00000000000000b0       0xb0 ./system/src/stm32f1xx/stm32f1xx_hal_can.o
 .debug_aranges
                0x0000000000000160       0x90 ./system/src/stm32f1xx/stm32f1xx_hal_cortex.o
 .debug_aranges
                0x00000000000001f0       0x58 ./system/src/stm32f1xx/stm32f1xx_hal_gpio.o
 .debug_aranges
                0x0000000000000248       0x88 ./system/src/stm32f1xx/stm32f1xx_hal_rcc.o
 .debug_aranges
                0x00000000000002d0       0x28 ./system/src/newlib/_exit.o
 .debug_aranges
                0x00000000000002f8       0x20 ./system/src/newlib/_sbrk.o
 .debug_aranges
                0x0000000000000318       0x40 ./system/src/newlib/_startup.o
 .debug_aranges
                0x0000000000000358       0x30 ./system/src/newlib/_syscalls.o
 .debug_aranges
                0x0000000000000388       0x38 ./system/src/diag/Trace.o
 .debug_aranges
                0x00000000000003c0       0x30 ./system/src/diag/trace_impl.o
 .debug_aranges
                0x00000000000003f0       0x28 ./system/src/cortexm/_initialize_hardware.o
 .debug_aranges
                0x0000000000000418       0x90 ./system/src/cortexm/exception_handlers.o
 .debug_aranges
                0x00000000000004a8       0x28 ./system/src/cmsis/startup_stm32f103xb.o
 .debug_aranges
                0x00000000000004d0       0x28 ./system/src/cmsis/system_stm32f1xx.o
 .debug_aranges
                0x00000000000004f8       0x58 ./src/main.o
 .debug_aranges
                0x0000000000000550       0x30 ./src/stm32f1xx_hal_msp.o
 .debug_aranges
                0x0000000000000580       0x68 ./src/stm32f1xx_it.o
 .debug_aranges
                0x00000000000005e8       0x20 /usr/lib/gcc/arm-none-eabi/4.8/../../../arm-none-eabi/lib/armv7-m/libg_nano.a(lib_a-errno.o)
 .debug_aranges
                0x0000000000000608       0x18 /usr/lib/gcc/arm-none-eabi/4.8/../../../arm-none-eabi/lib/armv7-m/libg_nano.a(lib_a-impure.o)
 .debug_aranges
                0x0000000000000620       0x20 /usr/lib/gcc/arm-none-eabi/4.8/../../../arm-none-eabi/lib/armv7-m/libg_nano.a(lib_a-strcpy.o)
 .debug_aranges
                0x0000000000000640       0x20 /usr/lib/gcc/arm-none-eabi/4.8/../../../arm-none-eabi/lib/armv7-m/libg_nano.a(lib_a-strlen.o)
 .debug_aranges
                0x0000000000000660       0x28 /usr/lib/gcc/arm-none-eabi/4.8/../../../arm-none-eabi/lib/armv7-m/libg_nano.a(lib_a-vsnprintf.o)
 .debug_aranges
                0x0000000000000688       0x30 /usr/lib/gcc/arm-none-eabi/4.8/../../../arm-none-eabi/lib/armv7-m/libg_nano.a(lib_a-nano-svfprintf.o)
 .debug_aranges
                0x00000000000006b8       0x28 /usr/lib/gcc/arm-none-eabi/4.8/../../../arm-none-eabi/lib/armv7-m/libg_nano.a(lib_a-nano-vfprintf_i.o)
 .debug_aranges
                0x00000000000006e0       0x20 /usr/lib/gcc/arm-none-eabi/4.8/../../../arm-none-eabi/lib/armv7-m/libg_nano.a(lib_a-memchr-stub.o)
 .debug_aranges
                0x0000000000000700       0x20 /usr/lib/gcc/arm-none-eabi/4.8/../../../arm-none-eabi/lib/armv7-m/libg_nano.a(lib_a-memcpy-stub.o)
 .debug_aranges
                0x0000000000000720       0x20 /usr/lib/gcc/arm-none-eabi/4.8/../../../arm-none-eabi/lib/armv7-m/libg_nano.a(lib_a-memmove.o)
 .debug_aranges
                0x0000000000000740       0x20 /usr/lib/gcc/arm-none-eabi/4.8/../../../arm-none-eabi/lib/armv7-m/libg_nano.a(lib_a-nano-freer.o)
 .debug_aranges
                0x0000000000000760       0x20 /usr/lib/gcc/arm-none-eabi/4.8/../../../arm-none-eabi/lib/armv7-m/libg_nano.a(lib_a-nano-mallocr.o)
 .debug_aranges
                0x0000000000000780       0x20 /usr/lib/gcc/arm-none-eabi/4.8/../../../arm-none-eabi/lib/armv7-m/libg_nano.a(lib_a-nano-reallocr.o)
 .debug_aranges
                0x00000000000007a0       0x20 /usr/lib/gcc/arm-none-eabi/4.8/../../../arm-none-eabi/lib/armv7-m/libg_nano.a(lib_a-sbrkr.o)
 .debug_aranges
                0x00000000000007c0       0x20 /usr/lib/gcc/arm-none-eabi/4.8/../../../arm-none-eabi/lib/armv7-m/libg_nano.a(lib_a-nano-msizer.o)

.debug_pubnames
 *(.debug_pubnames)

.debug_info     0x0000000000000000     0xded2
 *(.debug_info .gnu.linkonce.wi.*)
 .debug_info    0x0000000000000000      0x6a5 ./system/src/stm32f1xx/stm32f1xx_hal.o
 .debug_info    0x00000000000006a5      0xf10 ./system/src/stm32f1xx/stm32f1xx_hal_can.o
 .debug_info    0x00000000000015b5      0xcf1 ./system/src/stm32f1xx/stm32f1xx_hal_cortex.o
 .debug_info    0x00000000000022a6      0x7f7 ./system/src/stm32f1xx/stm32f1xx_hal_gpio.o
 .debug_info    0x0000000000002a9d     0x1606 ./system/src/stm32f1xx/stm32f1xx_hal_rcc.o
 .debug_info    0x00000000000040a3      0x100 ./system/src/newlib/_exit.o
 .debug_info    0x00000000000041a3      0x125 ./system/src/newlib/_sbrk.o
 .debug_info    0x00000000000042c8      0x474 ./system/src/newlib/_startup.o
 .debug_info    0x000000000000473c      0x1bc ./system/src/newlib/_syscalls.o
 .debug_info    0x00000000000048f8      0x32b ./system/src/diag/Trace.o
 .debug_info    0x0000000000004c23      0x304 ./system/src/diag/trace_impl.o
 .debug_info    0x0000000000004f27      0x294 ./system/src/cortexm/_initialize_hardware.o
 .debug_info    0x00000000000051bb      0x8cd ./system/src/cortexm/exception_handlers.o
 .debug_info    0x0000000000005a88       0x76 ./system/src/cmsis/startup_stm32f103xb.o
 .debug_info    0x0000000000005afe      0x39e ./system/src/cmsis/system_stm32f1xx.o
 .debug_info    0x0000000000005e9c     0x1100 ./src/main.o
 .debug_info    0x0000000000006f9c      0xa70 ./src/stm32f1xx_hal_msp.o
 .debug_info    0x0000000000007a0c      0x66f ./src/stm32f1xx_it.o
 .debug_info    0x000000000000807b      0x735 /usr/lib/gcc/arm-none-eabi/4.8/../../../arm-none-eabi/lib/armv7-m/libg_nano.a(lib_a-errno.o)
 .debug_info    0x00000000000087b0      0x7d3 /usr/lib/gcc/arm-none-eabi/4.8/../../../arm-none-eabi/lib/armv7-m/libg_nano.a(lib_a-impure.o)
 .debug_info    0x0000000000008f83       0xbd /usr/lib/gcc/arm-none-eabi/4.8/../../../arm-none-eabi/lib/armv7-m/libg_nano.a(lib_a-strcpy.o)
 .debug_info    0x0000000000009040       0xcd /usr/lib/gcc/arm-none-eabi/4.8/../../../arm-none-eabi/lib/armv7-m/libg_nano.a(lib_a-strlen.o)
 .debug_info    0x000000000000910d      0x897 /usr/lib/gcc/arm-none-eabi/4.8/../../../arm-none-eabi/lib/armv7-m/libg_nano.a(lib_a-vsnprintf.o)
 .debug_info    0x00000000000099a4      0xde3 /usr/lib/gcc/arm-none-eabi/4.8/../../../arm-none-eabi/lib/armv7-m/libg_nano.a(lib_a-nano-svfprintf.o)
 .debug_info    0x000000000000a787      0xb2c /usr/lib/gcc/arm-none-eabi/4.8/../../../arm-none-eabi/lib/armv7-m/libg_nano.a(lib_a-nano-vfprintf_i.o)
 .debug_info    0x000000000000b2b3       0xf8 /usr/lib/gcc/arm-none-eabi/4.8/../../../arm-none-eabi/lib/armv7-m/libg_nano.a(lib_a-memchr-stub.o)
 .debug_info    0x000000000000b3ab      0x102 /usr/lib/gcc/arm-none-eabi/4.8/../../../arm-none-eabi/lib/armv7-m/libg_nano.a(lib_a-memcpy-stub.o)
 .debug_info    0x000000000000b4ad      0x102 /usr/lib/gcc/arm-none-eabi/4.8/../../../arm-none-eabi/lib/armv7-m/libg_nano.a(lib_a-memmove.o)
 .debug_info    0x000000000000b5af      0x81a /usr/lib/gcc/arm-none-eabi/4.8/../../../arm-none-eabi/lib/armv7-m/libg_nano.a(lib_a-nano-freer.o)
 .debug_info    0x000000000000bdc9      0x8fb /usr/lib/gcc/arm-none-eabi/4.8/../../../arm-none-eabi/lib/armv7-m/libg_nano.a(lib_a-nano-mallocr.o)
 .debug_info    0x000000000000c6c4      0x8b5 /usr/lib/gcc/arm-none-eabi/4.8/../../../arm-none-eabi/lib/armv7-m/libg_nano.a(lib_a-nano-reallocr.o)
 .debug_info    0x000000000000cf79      0x7a0 /usr/lib/gcc/arm-none-eabi/4.8/../../../arm-none-eabi/lib/armv7-m/libg_nano.a(lib_a-sbrkr.o)
 .debug_info    0x000000000000d719      0x7b9 /usr/lib/gcc/arm-none-eabi/4.8/../../../arm-none-eabi/lib/armv7-m/libg_nano.a(lib_a-nano-msizer.o)

.debug_abbrev   0x0000000000000000     0x31b7
 *(.debug_abbrev)
 .debug_abbrev  0x0000000000000000      0x258 ./system/src/stm32f1xx/stm32f1xx_hal.o
 .debug_abbrev  0x0000000000000258      0x220 ./system/src/stm32f1xx/stm32f1xx_hal_can.o
 .debug_abbrev  0x0000000000000478      0x29c ./system/src/stm32f1xx/stm32f1xx_hal_cortex.o
 .debug_abbrev  0x0000000000000714      0x20b ./system/src/stm32f1xx/stm32f1xx_hal_gpio.o
 .debug_abbrev  0x000000000000091f      0x2c9 ./system/src/stm32f1xx/stm32f1xx_hal_rcc.o
 .debug_abbrev  0x0000000000000be8       0xa4 ./system/src/newlib/_exit.o
 .debug_abbrev  0x0000000000000c8c       0xbb ./system/src/newlib/_sbrk.o
 .debug_abbrev  0x0000000000000d47      0x1e9 ./system/src/newlib/_startup.o
 .debug_abbrev  0x0000000000000f30       0xee ./system/src/newlib/_syscalls.o
 .debug_abbrev  0x000000000000101e      0x178 ./system/src/diag/Trace.o
 .debug_abbrev  0x0000000000001196      0x1bd ./system/src/diag/trace_impl.o
 .debug_abbrev  0x0000000000001353       0xea ./system/src/cortexm/_initialize_hardware.o
 .debug_abbrev  0x000000000000143d      0x23e ./system/src/cortexm/exception_handlers.o
 .debug_abbrev  0x000000000000167b       0x12 ./system/src/cmsis/startup_stm32f103xb.o
 .debug_abbrev  0x000000000000168d      0x123 ./system/src/cmsis/system_stm32f1xx.o
 .debug_abbrev  0x00000000000017b0      0x2ac ./src/main.o
 .debug_abbrev  0x0000000000001a5c      0x1a3 ./src/stm32f1xx_hal_msp.o
 .debug_abbrev  0x0000000000001bff      0x17d ./src/stm32f1xx_it.o
 .debug_abbrev  0x0000000000001d7c      0x134 /usr/lib/gcc/arm-none-eabi/4.8/../../../arm-none-eabi/lib/armv7-m/libg_nano.a(lib_a-errno.o)
 .debug_abbrev  0x0000000000001eb0      0x136 /usr/lib/gcc/arm-none-eabi/4.8/../../../arm-none-eabi/lib/armv7-m/libg_nano.a(lib_a-impure.o)
 .debug_abbrev  0x0000000000001fe6       0x72 /usr/lib/gcc/arm-none-eabi/4.8/../../../arm-none-eabi/lib/armv7-m/libg_nano.a(lib_a-strcpy.o)
 .debug_abbrev  0x0000000000002058       0x8c /usr/lib/gcc/arm-none-eabi/4.8/../../../arm-none-eabi/lib/armv7-m/libg_nano.a(lib_a-strlen.o)
 .debug_abbrev  0x00000000000020e4      0x1ba /usr/lib/gcc/arm-none-eabi/4.8/../../../arm-none-eabi/lib/armv7-m/libg_nano.a(lib_a-vsnprintf.o)
 .debug_abbrev  0x000000000000229e      0x278 /usr/lib/gcc/arm-none-eabi/4.8/../../../arm-none-eabi/lib/armv7-m/libg_nano.a(lib_a-nano-svfprintf.o)
 .debug_abbrev  0x0000000000002516      0x1e2 /usr/lib/gcc/arm-none-eabi/4.8/../../../arm-none-eabi/lib/armv7-m/libg_nano.a(lib_a-nano-vfprintf_i.o)
 .debug_abbrev  0x00000000000026f8       0xab /usr/lib/gcc/arm-none-eabi/4.8/../../../arm-none-eabi/lib/armv7-m/libg_nano.a(lib_a-memchr-stub.o)
 .debug_abbrev  0x00000000000027a3       0xa4 /usr/lib/gcc/arm-none-eabi/4.8/../../../arm-none-eabi/lib/armv7-m/libg_nano.a(lib_a-memcpy-stub.o)
 .debug_abbrev  0x0000000000002847       0x9c /usr/lib/gcc/arm-none-eabi/4.8/../../../arm-none-eabi/lib/armv7-m/libg_nano.a(lib_a-memmove.o)
 .debug_abbrev  0x00000000000028e3      0x1b6 /usr/lib/gcc/arm-none-eabi/4.8/../../../arm-none-eabi/lib/armv7-m/libg_nano.a(lib_a-nano-freer.o)
 .debug_abbrev  0x0000000000002a99      0x250 /usr/lib/gcc/arm-none-eabi/4.8/../../../arm-none-eabi/lib/armv7-m/libg_nano.a(lib_a-nano-mallocr.o)
 .debug_abbrev  0x0000000000002ce9      0x1cb /usr/lib/gcc/arm-none-eabi/4.8/../../../arm-none-eabi/lib/armv7-m/libg_nano.a(lib_a-nano-reallocr.o)
 .debug_abbrev  0x0000000000002eb4      0x1a2 /usr/lib/gcc/arm-none-eabi/4.8/../../../arm-none-eabi/lib/armv7-m/libg_nano.a(lib_a-sbrkr.o)
 .debug_abbrev  0x0000000000003056      0x161 /usr/lib/gcc/arm-none-eabi/4.8/../../../arm-none-eabi/lib/armv7-m/libg_nano.a(lib_a-nano-msizer.o)

.debug_line     0x0000000000000000     0x5cdd
 *(.debug_line)
 .debug_line    0x0000000000000000      0x589 ./system/src/stm32f1xx/stm32f1xx_hal.o
 .debug_line    0x0000000000000589      0x92d ./system/src/stm32f1xx/stm32f1xx_hal_can.o
 .debug_line    0x0000000000000eb6      0x5f2 ./system/src/stm32f1xx/stm32f1xx_hal_cortex.o
 .debug_line    0x00000000000014a8      0x638 ./system/src/stm32f1xx/stm32f1xx_hal_gpio.o
 .debug_line    0x0000000000001ae0      0xa81 ./system/src/stm32f1xx/stm32f1xx_hal_rcc.o
 .debug_line    0x0000000000002561      0x1d6 ./system/src/newlib/_exit.o
 .debug_line    0x0000000000002737      0x17d ./system/src/newlib/_sbrk.o
 .debug_line    0x00000000000028b4      0x23b ./system/src/newlib/_startup.o
 .debug_line    0x0000000000002aef      0x23a ./system/src/newlib/_syscalls.o
 .debug_line    0x0000000000002d29      0x22d ./system/src/diag/Trace.o
 .debug_line    0x0000000000002f56      0x2f4 ./system/src/diag/trace_impl.o
 .debug_line    0x000000000000324a      0x171 ./system/src/cortexm/_initialize_hardware.o
 .debug_line    0x00000000000033bb      0x38e ./system/src/cortexm/exception_handlers.o
 .debug_line    0x0000000000003749       0x86 ./system/src/cmsis/startup_stm32f103xb.o
 .debug_line    0x00000000000037cf      0x179 ./system/src/cmsis/system_stm32f1xx.o
 .debug_line    0x0000000000003948      0x50d ./src/main.o
 .debug_line    0x0000000000003e55      0x460 ./src/stm32f1xx_hal_msp.o
 .debug_line    0x00000000000042b5      0x4c8 ./src/stm32f1xx_it.o
 .debug_line    0x000000000000477d      0x10f /usr/lib/gcc/arm-none-eabi/4.8/../../../arm-none-eabi/lib/armv7-m/libg_nano.a(lib_a-errno.o)
 .debug_line    0x000000000000488c       0xf5 /usr/lib/gcc/arm-none-eabi/4.8/../../../arm-none-eabi/lib/armv7-m/libg_nano.a(lib_a-impure.o)
 .debug_line    0x0000000000004981       0xc2 /usr/lib/gcc/arm-none-eabi/4.8/../../../arm-none-eabi/lib/armv7-m/libg_nano.a(lib_a-strcpy.o)
 .debug_line    0x0000000000004a43       0xf9 /usr/lib/gcc/arm-none-eabi/4.8/../../../arm-none-eabi/lib/armv7-m/libg_nano.a(lib_a-strlen.o)
 .debug_line    0x0000000000004b3c      0x1ad /usr/lib/gcc/arm-none-eabi/4.8/../../../arm-none-eabi/lib/armv7-m/libg_nano.a(lib_a-vsnprintf.o)
 .debug_line    0x0000000000004ce9      0x2ed /usr/lib/gcc/arm-none-eabi/4.8/../../../arm-none-eabi/lib/armv7-m/libg_nano.a(lib_a-nano-svfprintf.o)
 .debug_line    0x0000000000004fd6      0x2e8 /usr/lib/gcc/arm-none-eabi/4.8/../../../arm-none-eabi/lib/armv7-m/libg_nano.a(lib_a-nano-vfprintf_i.o)
 .debug_line    0x00000000000052be      0x10d /usr/lib/gcc/arm-none-eabi/4.8/../../../arm-none-eabi/lib/armv7-m/libg_nano.a(lib_a-memchr-stub.o)
 .debug_line    0x00000000000053cb      0x10d /usr/lib/gcc/arm-none-eabi/4.8/../../../arm-none-eabi/lib/armv7-m/libg_nano.a(lib_a-memcpy-stub.o)
 .debug_line    0x00000000000054d8      0x10d /usr/lib/gcc/arm-none-eabi/4.8/../../../arm-none-eabi/lib/armv7-m/libg_nano.a(lib_a-memmove.o)
 .debug_line    0x00000000000055e5      0x14d /usr/lib/gcc/arm-none-eabi/4.8/../../../arm-none-eabi/lib/armv7-m/libg_nano.a(lib_a-nano-freer.o)
 .debug_line    0x0000000000005732      0x1a5 /usr/lib/gcc/arm-none-eabi/4.8/../../../arm-none-eabi/lib/armv7-m/libg_nano.a(lib_a-nano-mallocr.o)
 .debug_line    0x00000000000058d7      0x188 /usr/lib/gcc/arm-none-eabi/4.8/../../../arm-none-eabi/lib/armv7-m/libg_nano.a(lib_a-nano-reallocr.o)
 .debug_line    0x0000000000005a5f      0x16c /usr/lib/gcc/arm-none-eabi/4.8/../../../arm-none-eabi/lib/armv7-m/libg_nano.a(lib_a-sbrkr.o)
 .debug_line    0x0000000000005bcb      0x112 /usr/lib/gcc/arm-none-eabi/4.8/../../../arm-none-eabi/lib/armv7-m/libg_nano.a(lib_a-nano-msizer.o)

.debug_frame    0x0000000000000000      0xf48
 *(.debug_frame)
 .debug_frame   0x0000000000000000      0x164 ./system/src/stm32f1xx/stm32f1xx_hal.o
 .debug_frame   0x0000000000000164      0x1d0 ./system/src/stm32f1xx/stm32f1xx_hal_can.o
 .debug_frame   0x0000000000000334      0x144 ./system/src/stm32f1xx/stm32f1xx_hal_cortex.o
 .debug_frame   0x0000000000000478       0xec ./system/src/stm32f1xx/stm32f1xx_hal_gpio.o
 .debug_frame   0x0000000000000564      0x154 ./system/src/stm32f1xx/stm32f1xx_hal_rcc.o
 .debug_frame   0x00000000000006b8       0x38 ./system/src/newlib/_exit.o
 .debug_frame   0x00000000000006f0       0x28 ./system/src/newlib/_sbrk.o
 .debug_frame   0x0000000000000718       0x7c ./system/src/newlib/_startup.o
 .debug_frame   0x0000000000000794       0x50 ./system/src/newlib/_syscalls.o
 .debug_frame   0x00000000000007e4       0x80 ./system/src/diag/Trace.o
 .debug_frame   0x0000000000000864       0x5c ./system/src/diag/trace_impl.o
 .debug_frame   0x00000000000008c0       0x40 ./system/src/cortexm/_initialize_hardware.o
 .debug_frame   0x0000000000000900      0x154 ./system/src/cortexm/exception_handlers.o
 .debug_frame   0x0000000000000a54       0x30 ./system/src/cmsis/system_stm32f1xx.o
 .debug_frame   0x0000000000000a84       0xc4 ./src/main.o
 .debug_frame   0x0000000000000b48       0x5c ./src/stm32f1xx_hal_msp.o
 .debug_frame   0x0000000000000ba4       0xc0 ./src/stm32f1xx_it.o
 .debug_frame   0x0000000000000c64       0x20 /usr/lib/gcc/arm-none-eabi/4.8/../../../arm-none-eabi/lib/armv7-m/libg_nano.a(lib_a-errno.o)
 .debug_frame   0x0000000000000c84       0x20 /usr/lib/gcc/arm-none-eabi/4.8/../../../arm-none-eabi/lib/armv7-m/libg_nano.a(lib_a-strcpy.o)
 .debug_frame   0x0000000000000ca4       0x20 /usr/lib/gcc/arm-none-eabi/4.8/../../../arm-none-eabi/lib/armv7-m/libg_nano.a(lib_a-strlen.o)
 .debug_frame   0x0000000000000cc4       0x4c /usr/lib/gcc/arm-none-eabi/4.8/../../../arm-none-eabi/lib/armv7-m/libg_nano.a(lib_a-vsnprintf.o)
 .debug_frame   0x0000000000000d10       0x88 /usr/lib/gcc/arm-none-eabi/4.8/../../../arm-none-eabi/lib/armv7-m/libg_nano.a(lib_a-nano-svfprintf.o)
 .debug_frame   0x0000000000000d98       0x60 /usr/lib/gcc/arm-none-eabi/4.8/../../../arm-none-eabi/lib/armv7-m/libg_nano.a(lib_a-nano-vfprintf_i.o)
 .debug_frame   0x0000000000000df8       0x28 /usr/lib/gcc/arm-none-eabi/4.8/../../../arm-none-eabi/lib/armv7-m/libg_nano.a(lib_a-memchr-stub.o)
 .debug_frame   0x0000000000000e20       0x28 /usr/lib/gcc/arm-none-eabi/4.8/../../../arm-none-eabi/lib/armv7-m/libg_nano.a(lib_a-memcpy-stub.o)
 .debug_frame   0x0000000000000e48       0x2c /usr/lib/gcc/arm-none-eabi/4.8/../../../arm-none-eabi/lib/armv7-m/libg_nano.a(lib_a-memmove.o)
 .debug_frame   0x0000000000000e74       0x2c /usr/lib/gcc/arm-none-eabi/4.8/../../../arm-none-eabi/lib/armv7-m/libg_nano.a(lib_a-nano-freer.o)
 .debug_frame   0x0000000000000ea0       0x2c /usr/lib/gcc/arm-none-eabi/4.8/../../../arm-none-eabi/lib/armv7-m/libg_nano.a(lib_a-nano-mallocr.o)
 .debug_frame   0x0000000000000ecc       0x30 /usr/lib/gcc/arm-none-eabi/4.8/../../../arm-none-eabi/lib/armv7-m/libg_nano.a(lib_a-nano-reallocr.o)
 .debug_frame   0x0000000000000efc       0x2c /usr/lib/gcc/arm-none-eabi/4.8/../../../arm-none-eabi/lib/armv7-m/libg_nano.a(lib_a-sbrkr.o)
 .debug_frame   0x0000000000000f28       0x20 /usr/lib/gcc/arm-none-eabi/4.8/../../../arm-none-eabi/lib/armv7-m/libg_nano.a(lib_a-nano-msizer.o)

.debug_str      0x0000000000000000    0x88ee1
 *(.debug_str)
 .debug_str     0x0000000000000000    0x847d5 ./system/src/stm32f1xx/stm32f1xx_hal.o
                                      0x84c7a (size before relaxing)
 .debug_str     0x00000000000847d5      0x5f3 ./system/src/stm32f1xx/stm32f1xx_hal_can.o
                                      0x84be4 (size before relaxing)
 .debug_str     0x0000000000084dc8      0x27d ./system/src/stm32f1xx/stm32f1xx_hal_cortex.o
                                      0x84c72 (size before relaxing)
 .debug_str     0x0000000000085045      0x452 ./system/src/stm32f1xx/stm32f1xx_hal_gpio.o
                                      0x84a5e (size before relaxing)
 .debug_str     0x0000000000085497      0x3d6 ./system/src/stm32f1xx/stm32f1xx_hal_rcc.o
                                      0x84ab7 (size before relaxing)
 .debug_str     0x000000000008586d      0xeeb ./system/src/newlib/_exit.o
                                       0x5d0f (size before relaxing)
 .debug_str     0x0000000000086758      0x4de ./system/src/newlib/_sbrk.o
                                       0x446e (size before relaxing)
 .debug_str     0x0000000000086c36      0x260 ./system/src/newlib/_startup.o
                                       0x4044 (size before relaxing)
 .debug_str     0x0000000000086e96      0xb9b ./system/src/newlib/_syscalls.o
                                       0x5eaf (size before relaxing)
 .debug_str     0x0000000000087a31      0x1e1 ./system/src/diag/Trace.o
                                       0x659f (size before relaxing)
 .debug_str     0x0000000000087c12      0x372 ./system/src/diag/trace_impl.o
                                      0x5c93e (size before relaxing)
 .debug_str     0x0000000000087f84       0x5e ./system/src/cortexm/_initialize_hardware.o
                                      0x59b75 (size before relaxing)
 .debug_str     0x0000000000087fe2      0x19d ./system/src/cortexm/exception_handlers.o
                                      0x5d71f (size before relaxing)
 .debug_str     0x000000000008817f       0x4d ./system/src/cmsis/system_stm32f1xx.o
                                      0x59bc9 (size before relaxing)
 .debug_str     0x00000000000881cc       0xd6 ./src/main.o
                                      0x84fb7 (size before relaxing)
 .debug_str     0x00000000000882a2       0x1b ./src/stm32f1xx_hal_msp.o
                                      0x84c12 (size before relaxing)
 .debug_str     0x00000000000882bd       0x28 ./src/stm32f1xx_it.o
                                      0x848fd (size before relaxing)
 .debug_str     0x00000000000882e5      0x41f /usr/lib/gcc/arm-none-eabi/4.8/../../../arm-none-eabi/lib/armv7-m/libg_nano.a(lib_a-errno.o)
                                        0x518 (size before relaxing)
 .debug_str     0x0000000000088704       0xe7 /usr/lib/gcc/arm-none-eabi/4.8/../../../arm-none-eabi/lib/armv7-m/libg_nano.a(lib_a-impure.o)
                                        0x56f (size before relaxing)
 .debug_str     0x00000000000887eb       0xab /usr/lib/gcc/arm-none-eabi/4.8/../../../arm-none-eabi/lib/armv7-m/libg_nano.a(lib_a-strcpy.o)
                                        0x1cd (size before relaxing)
 .debug_str     0x0000000000088896       0x3e /usr/lib/gcc/arm-none-eabi/4.8/../../../arm-none-eabi/lib/armv7-m/libg_nano.a(lib_a-strlen.o)
                                        0x1dc (size before relaxing)
 .debug_str     0x00000000000888d4       0xb9 /usr/lib/gcc/arm-none-eabi/4.8/../../../arm-none-eabi/lib/armv7-m/libg_nano.a(lib_a-vsnprintf.o)
                                        0x56f (size before relaxing)
 .debug_str     0x000000000008898d      0x1da /usr/lib/gcc/arm-none-eabi/4.8/../../../arm-none-eabi/lib/armv7-m/libg_nano.a(lib_a-nano-svfprintf.o)
                                        0x69c (size before relaxing)
 .debug_str     0x0000000000088b67       0x94 /usr/lib/gcc/arm-none-eabi/4.8/../../../arm-none-eabi/lib/armv7-m/libg_nano.a(lib_a-nano-vfprintf_i.o)
                                        0x641 (size before relaxing)
 .debug_str     0x0000000000088bfb       0x4b /usr/lib/gcc/arm-none-eabi/4.8/../../../arm-none-eabi/lib/armv7-m/libg_nano.a(lib_a-memchr-stub.o)
                                        0x1e9 (size before relaxing)
 .debug_str     0x0000000000088c46       0x4f /usr/lib/gcc/arm-none-eabi/4.8/../../../arm-none-eabi/lib/armv7-m/libg_nano.a(lib_a-memcpy-stub.o)
                                        0x1ed (size before relaxing)
 .debug_str     0x0000000000088c95       0xa8 /usr/lib/gcc/arm-none-eabi/4.8/../../../arm-none-eabi/lib/armv7-m/libg_nano.a(lib_a-memmove.o)
                                        0x1e2 (size before relaxing)
 .debug_str     0x0000000000088d3d      0x100 /usr/lib/gcc/arm-none-eabi/4.8/../../../arm-none-eabi/lib/armv7-m/libg_nano.a(lib_a-nano-freer.o)
                                        0x588 (size before relaxing)
 .debug_str     0x0000000000088e3d       0x46 /usr/lib/gcc/arm-none-eabi/4.8/../../../arm-none-eabi/lib/armv7-m/libg_nano.a(lib_a-nano-mallocr.o)
                                        0x5bd (size before relaxing)
 .debug_str     0x0000000000088e83       0x23 /usr/lib/gcc/arm-none-eabi/4.8/../../../arm-none-eabi/lib/armv7-m/libg_nano.a(lib_a-nano-reallocr.o)
                                        0x590 (size before relaxing)
 .debug_str     0x0000000000088ea6       0x2c /usr/lib/gcc/arm-none-eabi/4.8/../../../arm-none-eabi/lib/armv7-m/libg_nano.a(lib_a-sbrkr.o)
                                        0x527 (size before relaxing)
 .debug_str     0x0000000000088ed2        0xf /usr/lib/gcc/arm-none-eabi/4.8/../../../arm-none-eabi/lib/armv7-m/libg_nano.a(lib_a-nano-msizer.o)
                                        0x56e (size before relaxing)

.debug_loc      0x0000000000000000     0x3cc5
 *(.debug_loc)
 .debug_loc     0x0000000000000000       0x7d ./system/src/stm32f1xx/stm32f1xx_hal.o
 .debug_loc     0x000000000000007d      0x593 ./system/src/stm32f1xx/stm32f1xx_hal_can.o
 .debug_loc     0x0000000000000610      0x63b ./system/src/stm32f1xx/stm32f1xx_hal_cortex.o
 .debug_loc     0x0000000000000c4b      0x43c ./system/src/stm32f1xx/stm32f1xx_hal_gpio.o
 .debug_loc     0x0000000000001087      0xde3 ./system/src/stm32f1xx/stm32f1xx_hal_rcc.o
 .debug_loc     0x0000000000001e6a       0x6b ./system/src/newlib/_sbrk.o
 .debug_loc     0x0000000000001ed5      0x265 ./system/src/newlib/_startup.o
 .debug_loc     0x000000000000213a       0x63 ./system/src/newlib/_syscalls.o
 .debug_loc     0x000000000000219d       0xf7 ./system/src/diag/Trace.o
 .debug_loc     0x0000000000002294      0x17c ./system/src/diag/trace_impl.o
 .debug_loc     0x0000000000002410      0x2a8 ./system/src/cortexm/exception_handlers.o
 .debug_loc     0x00000000000026b8       0xe4 ./system/src/cmsis/system_stm32f1xx.o
 .debug_loc     0x000000000000279c       0x6a ./src/main.o
 .debug_loc     0x0000000000002806       0x42 ./src/stm32f1xx_hal_msp.o
 .debug_loc     0x0000000000002848       0x21 /usr/lib/gcc/arm-none-eabi/4.8/../../../arm-none-eabi/lib/armv7-m/libg_nano.a(lib_a-strcpy.o)
 .debug_loc     0x0000000000002869       0x21 /usr/lib/gcc/arm-none-eabi/4.8/../../../arm-none-eabi/lib/armv7-m/libg_nano.a(lib_a-strlen.o)
 .debug_loc     0x000000000000288a      0x16e /usr/lib/gcc/arm-none-eabi/4.8/../../../arm-none-eabi/lib/armv7-m/libg_nano.a(lib_a-vsnprintf.o)
 .debug_loc     0x00000000000029f8      0x533 /usr/lib/gcc/arm-none-eabi/4.8/../../../arm-none-eabi/lib/armv7-m/libg_nano.a(lib_a-nano-svfprintf.o)
 .debug_loc     0x0000000000002f2b      0x538 /usr/lib/gcc/arm-none-eabi/4.8/../../../arm-none-eabi/lib/armv7-m/libg_nano.a(lib_a-nano-vfprintf_i.o)
 .debug_loc     0x0000000000003463       0xaa /usr/lib/gcc/arm-none-eabi/4.8/../../../arm-none-eabi/lib/armv7-m/libg_nano.a(lib_a-memchr-stub.o)
 .debug_loc     0x000000000000350d       0xaf /usr/lib/gcc/arm-none-eabi/4.8/../../../arm-none-eabi/lib/armv7-m/libg_nano.a(lib_a-memcpy-stub.o)
 .debug_loc     0x00000000000035bc      0x12f /usr/lib/gcc/arm-none-eabi/4.8/../../../arm-none-eabi/lib/armv7-m/libg_nano.a(lib_a-memmove.o)
 .debug_loc     0x00000000000036eb      0x172 /usr/lib/gcc/arm-none-eabi/4.8/../../../arm-none-eabi/lib/armv7-m/libg_nano.a(lib_a-nano-freer.o)
 .debug_loc     0x000000000000385d      0x26a /usr/lib/gcc/arm-none-eabi/4.8/../../../arm-none-eabi/lib/armv7-m/libg_nano.a(lib_a-nano-mallocr.o)
 .debug_loc     0x0000000000003ac7      0x11b /usr/lib/gcc/arm-none-eabi/4.8/../../../arm-none-eabi/lib/armv7-m/libg_nano.a(lib_a-nano-reallocr.o)
 .debug_loc     0x0000000000003be2       0x4d /usr/lib/gcc/arm-none-eabi/4.8/../../../arm-none-eabi/lib/armv7-m/libg_nano.a(lib_a-sbrkr.o)
 .debug_loc     0x0000000000003c2f       0x96 /usr/lib/gcc/arm-none-eabi/4.8/../../../arm-none-eabi/lib/armv7-m/libg_nano.a(lib_a-nano-msizer.o)

.debug_macinfo
 *(.debug_macinfo)

.debug_weaknames
 *(.debug_weaknames)

.debug_funcnames
 *(.debug_funcnames)

.debug_typenames
 *(.debug_typenames)

.debug_varnames
 *(.debug_varnames)
OUTPUT(CAN_Test.elf elf32-littlearm)

.debug_ranges   0x0000000000000000      0x678
 .debug_ranges  0x0000000000000000       0xa0 ./system/src/stm32f1xx/stm32f1xx_hal.o
 .debug_ranges  0x00000000000000a0       0xa0 ./system/src/stm32f1xx/stm32f1xx_hal_can.o
 .debug_ranges  0x0000000000000140       0x80 ./system/src/stm32f1xx/stm32f1xx_hal_cortex.o
 .debug_ranges  0x00000000000001c0       0x48 ./system/src/stm32f1xx/stm32f1xx_hal_gpio.o
 .debug_ranges  0x0000000000000208       0x78 ./system/src/stm32f1xx/stm32f1xx_hal_rcc.o
 .debug_ranges  0x0000000000000280       0x18 ./system/src/newlib/_exit.o
 .debug_ranges  0x0000000000000298       0x10 ./system/src/newlib/_sbrk.o
 .debug_ranges  0x00000000000002a8       0x48 ./system/src/newlib/_startup.o
 .debug_ranges  0x00000000000002f0       0x20 ./system/src/newlib/_syscalls.o
 .debug_ranges  0x0000000000000310       0x28 ./system/src/diag/Trace.o
 .debug_ranges  0x0000000000000338       0x38 ./system/src/diag/trace_impl.o
 .debug_ranges  0x0000000000000370       0x18 ./system/src/cortexm/_initialize_hardware.o
 .debug_ranges  0x0000000000000388       0x98 ./system/src/cortexm/exception_handlers.o
 .debug_ranges  0x0000000000000420       0x20 ./system/src/cmsis/startup_stm32f103xb.o
 .debug_ranges  0x0000000000000440       0x18 ./system/src/cmsis/system_stm32f1xx.o
 .debug_ranges  0x0000000000000458       0x48 ./src/main.o
 .debug_ranges  0x00000000000004a0       0x20 ./src/stm32f1xx_hal_msp.o
 .debug_ranges  0x00000000000004c0       0x58 ./src/stm32f1xx_it.o
 .debug_ranges  0x0000000000000518       0x10 /usr/lib/gcc/arm-none-eabi/4.8/../../../arm-none-eabi/lib/armv7-m/libg_nano.a(lib_a-errno.o)
 .debug_ranges  0x0000000000000528       0x10 /usr/lib/gcc/arm-none-eabi/4.8/../../../arm-none-eabi/lib/armv7-m/libg_nano.a(lib_a-strcpy.o)
 .debug_ranges  0x0000000000000538       0x10 /usr/lib/gcc/arm-none-eabi/4.8/../../../arm-none-eabi/lib/armv7-m/libg_nano.a(lib_a-strlen.o)
 .debug_ranges  0x0000000000000548       0x18 /usr/lib/gcc/arm-none-eabi/4.8/../../../arm-none-eabi/lib/armv7-m/libg_nano.a(lib_a-vsnprintf.o)
 .debug_ranges  0x0000000000000560       0x50 /usr/lib/gcc/arm-none-eabi/4.8/../../../arm-none-eabi/lib/armv7-m/libg_nano.a(lib_a-nano-svfprintf.o)
 .debug_ranges  0x00000000000005b0       0x18 /usr/lib/gcc/arm-none-eabi/4.8/../../../arm-none-eabi/lib/armv7-m/libg_nano.a(lib_a-nano-vfprintf_i.o)
 .debug_ranges  0x00000000000005c8       0x10 /usr/lib/gcc/arm-none-eabi/4.8/../../../arm-none-eabi/lib/armv7-m/libg_nano.a(lib_a-memchr-stub.o)
 .debug_ranges  0x00000000000005d8       0x10 /usr/lib/gcc/arm-none-eabi/4.8/../../../arm-none-eabi/lib/armv7-m/libg_nano.a(lib_a-memcpy-stub.o)
 .debug_ranges  0x00000000000005e8       0x10 /usr/lib/gcc/arm-none-eabi/4.8/../../../arm-none-eabi/lib/armv7-m/libg_nano.a(lib_a-memmove.o)
 .debug_ranges  0x00000000000005f8       0x28 /usr/lib/gcc/arm-none-eabi/4.8/../../../arm-none-eabi/lib/armv7-m/libg_nano.a(lib_a-nano-freer.o)
 .debug_ranges  0x0000000000000620       0x28 /usr/lib/gcc/arm-none-eabi/4.8/../../../arm-none-eabi/lib/armv7-m/libg_nano.a(lib_a-nano-mallocr.o)
 .debug_ranges  0x0000000000000648       0x10 /usr/lib/gcc/arm-none-eabi/4.8/../../../arm-none-eabi/lib/armv7-m/libg_nano.a(lib_a-nano-reallocr.o)
 .debug_ranges  0x0000000000000658       0x10 /usr/lib/gcc/arm-none-eabi/4.8/../../../arm-none-eabi/lib/armv7-m/libg_nano.a(lib_a-sbrkr.o)
 .debug_ranges  0x0000000000000668       0x10 /usr/lib/gcc/arm-none-eabi/4.8/../../../arm-none-eabi/lib/armv7-m/libg_nano.a(lib_a-nano-msizer.o)

.debug_macro    0x0000000000000000    0x18b81
 .debug_macro   0x0000000000000000      0x25a ./system/src/stm32f1xx/stm32f1xx_hal.o
 .debug_macro   0x000000000000025a      0x874 ./system/src/stm32f1xx/stm32f1xx_hal.o
 .debug_macro   0x0000000000000ace       0x16 ./system/src/stm32f1xx/stm32f1xx_hal.o
 .debug_macro   0x0000000000000ae4      0x155 ./system/src/stm32f1xx/stm32f1xx_hal.o
 .debug_macro   0x0000000000000c39       0x2e ./system/src/stm32f1xx/stm32f1xx_hal.o
 .debug_macro   0x0000000000000c67       0x22 ./system/src/stm32f1xx/stm32f1xx_hal.o
 .debug_macro   0x0000000000000c89      0x34e ./system/src/stm32f1xx/stm32f1xx_hal.o
 .debug_macro   0x0000000000000fd7       0x34 ./system/src/stm32f1xx/stm32f1xx_hal.o
 .debug_macro   0x000000000000100b       0x34 ./system/src/stm32f1xx/stm32f1xx_hal.o
 .debug_macro   0x000000000000103f      0xb8e ./system/src/stm32f1xx/stm32f1xx_hal.o
 .debug_macro   0x0000000000001bcd     0xf2f7 ./system/src/stm32f1xx/stm32f1xx_hal.o
 .debug_macro   0x0000000000010ec4       0x43 ./system/src/stm32f1xx/stm32f1xx_hal.o
 .debug_macro   0x0000000000010f07     0x3383 ./system/src/stm32f1xx/stm32f1xx_hal.o
 .debug_macro   0x000000000001428a       0x58 ./system/src/stm32f1xx/stm32f1xx_hal.o
 .debug_macro   0x00000000000142e2       0x16 ./system/src/stm32f1xx/stm32f1xx_hal.o
 .debug_macro   0x00000000000142f8       0x35 ./system/src/stm32f1xx/stm32f1xx_hal.o
 .debug_macro   0x000000000001432d       0xa3 ./system/src/stm32f1xx/stm32f1xx_hal.o
 .debug_macro   0x00000000000143d0       0x16 ./system/src/stm32f1xx/stm32f1xx_hal.o
 .debug_macro   0x00000000000143e6       0x4a ./system/src/stm32f1xx/stm32f1xx_hal.o
 .debug_macro   0x0000000000014430       0x97 ./system/src/stm32f1xx/stm32f1xx_hal.o
 .debug_macro   0x00000000000144c7      0x280 ./system/src/stm32f1xx/stm32f1xx_hal.o
 .debug_macro   0x0000000000014747       0xf6 ./system/src/stm32f1xx/stm32f1xx_hal.o
 .debug_macro   0x000000000001483d       0x10 ./system/src/stm32f1xx/stm32f1xx_hal.o
 .debug_macro   0x000000000001484d       0x52 ./system/src/stm32f1xx/stm32f1xx_hal.o
 .debug_macro   0x000000000001489f       0x16 ./system/src/stm32f1xx/stm32f1xx_hal.o
 .debug_macro   0x00000000000148b5       0x43 ./system/src/stm32f1xx/stm32f1xx_hal.o
 .debug_macro   0x00000000000148f8      0x180 ./system/src/stm32f1xx/stm32f1xx_hal.o
 .debug_macro   0x0000000000014a78       0x10 ./system/src/stm32f1xx/stm32f1xx_hal.o
 .debug_macro   0x0000000000014a88       0x22 ./system/src/stm32f1xx/stm32f1xx_hal.o
 .debug_macro   0x0000000000014aaa       0xbd ./system/src/stm32f1xx/stm32f1xx_hal.o
 .debug_macro   0x0000000000014b67       0x16 ./system/src/stm32f1xx/stm32f1xx_hal.o
 .debug_macro   0x0000000000014b7d      0x16d ./system/src/stm32f1xx/stm32f1xx_hal.o
 .debug_macro   0x0000000000014cea       0x57 ./system/src/stm32f1xx/stm32f1xx_hal.o
 .debug_macro   0x0000000000014d41      0x778 ./system/src/stm32f1xx/stm32f1xx_hal.o
 .debug_macro   0x00000000000154b9      0x28b ./system/src/stm32f1xx/stm32f1xx_hal.o
 .debug_macro   0x0000000000015744      0x141 ./system/src/stm32f1xx/stm32f1xx_hal.o
 .debug_macro   0x0000000000015885      0x197 ./system/src/stm32f1xx/stm32f1xx_hal.o
 .debug_macro   0x0000000000015a1c      0x1ae ./system/src/stm32f1xx/stm32f1xx_hal.o
 .debug_macro   0x0000000000015bca       0x2d ./system/src/stm32f1xx/stm32f1xx_hal.o
 .debug_macro   0x0000000000015bf7       0x3c ./system/src/stm32f1xx/stm32f1xx_hal.o
 .debug_macro   0x0000000000015c33      0x401 ./system/src/stm32f1xx/stm32f1xx_hal.o
 .debug_macro   0x0000000000016034       0x10 ./system/src/stm32f1xx/stm32f1xx_hal.o
 .debug_macro   0x0000000000016044       0x57 ./system/src/stm32f1xx/stm32f1xx_hal.o
 .debug_macro   0x000000000001609b       0x8c ./system/src/stm32f1xx/stm32f1xx_hal.o
 .debug_macro   0x0000000000016127      0x242 ./system/src/stm32f1xx/stm32f1xx_hal.o
 .debug_macro   0x0000000000016369      0x143 ./system/src/stm32f1xx/stm32f1xx_hal.o
 .debug_macro   0x00000000000164ac       0x7c ./system/src/stm32f1xx/stm32f1xx_hal.o
 .debug_macro   0x0000000000016528      0x265 ./system/src/stm32f1xx/stm32f1xx_hal_can.o
 .debug_macro   0x000000000001678d      0x236 ./system/src/stm32f1xx/stm32f1xx_hal_cortex.o
 .debug_macro   0x00000000000169c3      0x2a6 ./system/src/stm32f1xx/stm32f1xx_hal_gpio.o
 .debug_macro   0x0000000000016c69      0x25a ./system/src/stm32f1xx/stm32f1xx_hal_rcc.o
 .debug_macro   0x0000000000016ec3      0x128 ./system/src/newlib/_exit.o
 .debug_macro   0x0000000000016feb      0x10e ./system/src/newlib/_exit.o
 .debug_macro   0x00000000000170f9       0x86 ./system/src/newlib/_exit.o
 .debug_macro   0x000000000001717f       0x35 ./system/src/newlib/_exit.o
 .debug_macro   0x00000000000171b4       0xd1 ./system/src/newlib/_sbrk.o
 .debug_macro   0x0000000000017285       0x19 ./system/src/newlib/_sbrk.o
 .debug_macro   0x000000000001729e      0x16d ./system/src/newlib/_sbrk.o
 .debug_macro   0x000000000001740b       0x10 ./system/src/newlib/_sbrk.o
 .debug_macro   0x000000000001741b      0x23b ./system/src/newlib/_sbrk.o
 .debug_macro   0x0000000000017656       0xdb ./system/src/newlib/_startup.o
 .debug_macro   0x0000000000017731      0x158 ./system/src/newlib/_syscalls.o
 .debug_macro   0x0000000000017889       0x1c ./system/src/newlib/_syscalls.o
 .debug_macro   0x00000000000178a5       0x10 ./system/src/newlib/_syscalls.o
 .debug_macro   0x00000000000178b5       0x10 ./system/src/newlib/_syscalls.o
 .debug_macro   0x00000000000178c5       0x10 ./system/src/newlib/_syscalls.o
 .debug_macro   0x00000000000178d5       0x35 ./system/src/newlib/_syscalls.o
 .debug_macro   0x000000000001790a      0x121 ./system/src/newlib/_syscalls.o
 .debug_macro   0x0000000000017a2b       0x22 ./system/src/newlib/_syscalls.o
 .debug_macro   0x0000000000017a4d      0x10c ./system/src/newlib/_syscalls.o
 .debug_macro   0x0000000000017b59      0x13a ./system/src/newlib/_syscalls.o
 .debug_macro   0x0000000000017c93       0x16 ./system/src/newlib/_syscalls.o
 .debug_macro   0x0000000000017ca9      0x154 ./system/src/diag/Trace.o
 .debug_macro   0x0000000000017dfd       0x52 ./system/src/diag/Trace.o
 .debug_macro   0x0000000000017e4f       0x16 ./system/src/diag/Trace.o
 .debug_macro   0x0000000000017e65       0x1f ./system/src/diag/Trace.o
 .debug_macro   0x0000000000017e84      0x174 ./system/src/diag/trace_impl.o
 .debug_macro   0x0000000000017ff8       0x10 ./system/src/diag/trace_impl.o
 .debug_macro   0x0000000000018008       0xc8 ./system/src/diag/trace_impl.o
 .debug_macro   0x00000000000180d0       0xbe ./system/src/diag/trace_impl.o
 .debug_macro   0x000000000001818e       0x22 ./system/src/diag/trace_impl.o
 .debug_macro   0x00000000000181b0       0x8a ./system/src/cortexm/_initialize_hardware.o
 .debug_macro   0x000000000001823a      0x1af ./system/src/cortexm/exception_handlers.o
 .debug_macro   0x00000000000183e9       0x3a ./system/src/cortexm/exception_handlers.o
 .debug_macro   0x0000000000018423       0x10 ./system/src/cortexm/exception_handlers.o
 .debug_macro   0x0000000000018433       0x8c ./system/src/cmsis/system_stm32f1xx.o
 .debug_macro   0x00000000000184bf      0x24c ./src/main.o
 .debug_macro   0x000000000001870b      0x236 ./src/stm32f1xx_hal_msp.o
 .debug_macro   0x0000000000018941      0x240 ./src/stm32f1xx_it.o
