Archive member included to satisfy reference by file (symbol)

/usr/lib/gcc/arm-none-eabi/6.2.0/../../../../arm-none-eabi/lib/armv7-m/libg_nano.a(lib_a-errno.o)
                              ./system/src/newlib/_sbrk.o (__errno)
/usr/lib/gcc/arm-none-eabi/6.2.0/../../../../arm-none-eabi/lib/armv7-m/libg_nano.a(lib_a-impure.o)
                              /usr/lib/gcc/arm-none-eabi/6.2.0/../../../../arm-none-eabi/lib/armv7-m/libg_nano.a(lib_a-errno.o) (_impure_ptr)
/usr/lib/gcc/arm-none-eabi/6.2.0/../../../../arm-none-eabi/lib/armv7-m/libg_nano.a(lib_a-init.o)
                              ./system/src/cmsis/startup_stm32f103xb.o (__libc_init_array)
/usr/lib/gcc/arm-none-eabi/6.2.0/../../../../arm-none-eabi/lib/armv7-m/libg_nano.a(lib_a-strcpy.o)
                              ./src/main.o (strcpy)
/usr/lib/gcc/arm-none-eabi/6.2.0/../../../../arm-none-eabi/lib/armv7-m/libg_nano.a(lib_a-strlen-stub.o)
                              ./system/src/diag/Trace.o (strlen)
/usr/lib/gcc/arm-none-eabi/6.2.0/../../../../arm-none-eabi/lib/armv7-m/libg_nano.a(lib_a-vsnprintf.o)
                              ./system/src/diag/Trace.o (vsnprintf)
/usr/lib/gcc/arm-none-eabi/6.2.0/../../../../arm-none-eabi/lib/armv7-m/libg_nano.a(lib_a-nano-svfprintf.o)
                              /usr/lib/gcc/arm-none-eabi/6.2.0/../../../../arm-none-eabi/lib/armv7-m/libg_nano.a(lib_a-vsnprintf.o) (_svfprintf_r)
/usr/lib/gcc/arm-none-eabi/6.2.0/../../../../arm-none-eabi/lib/armv7-m/libg_nano.a(lib_a-nano-vfprintf_i.o)
                              /usr/lib/gcc/arm-none-eabi/6.2.0/../../../../arm-none-eabi/lib/armv7-m/libg_nano.a(lib_a-nano-svfprintf.o) (_printf_i)
/usr/lib/gcc/arm-none-eabi/6.2.0/../../../../arm-none-eabi/lib/armv7-m/libg_nano.a(lib_a-memchr-stub.o)
                              /usr/lib/gcc/arm-none-eabi/6.2.0/../../../../arm-none-eabi/lib/armv7-m/libg_nano.a(lib_a-nano-svfprintf.o) (memchr)
/usr/lib/gcc/arm-none-eabi/6.2.0/../../../../arm-none-eabi/lib/armv7-m/libg_nano.a(lib_a-memcpy.o)
                              /usr/lib/gcc/arm-none-eabi/6.2.0/../../../../arm-none-eabi/lib/armv7-m/libg_nano.a(lib_a-nano-svfprintf.o) (memcpy)
/usr/lib/gcc/arm-none-eabi/6.2.0/../../../../arm-none-eabi/lib/armv7-m/libg_nano.a(lib_a-memmove.o)
                              /usr/lib/gcc/arm-none-eabi/6.2.0/../../../../arm-none-eabi/lib/armv7-m/libg_nano.a(lib_a-nano-svfprintf.o) (memmove)
/usr/lib/gcc/arm-none-eabi/6.2.0/../../../../arm-none-eabi/lib/armv7-m/libg_nano.a(lib_a-nano-freer.o)
                              /usr/lib/gcc/arm-none-eabi/6.2.0/../../../../arm-none-eabi/lib/armv7-m/libg_nano.a(lib_a-nano-svfprintf.o) (_free_r)
/usr/lib/gcc/arm-none-eabi/6.2.0/../../../../arm-none-eabi/lib/armv7-m/libg_nano.a(lib_a-nano-mallocr.o)
                              /usr/lib/gcc/arm-none-eabi/6.2.0/../../../../arm-none-eabi/lib/armv7-m/libg_nano.a(lib_a-nano-svfprintf.o) (_malloc_r)
/usr/lib/gcc/arm-none-eabi/6.2.0/../../../../arm-none-eabi/lib/armv7-m/libg_nano.a(lib_a-nano-reallocr.o)
                              /usr/lib/gcc/arm-none-eabi/6.2.0/../../../../arm-none-eabi/lib/armv7-m/libg_nano.a(lib_a-nano-svfprintf.o) (_realloc_r)
/usr/lib/gcc/arm-none-eabi/6.2.0/../../../../arm-none-eabi/lib/armv7-m/libg_nano.a(lib_a-sbrkr.o)
                              /usr/lib/gcc/arm-none-eabi/6.2.0/../../../../arm-none-eabi/lib/armv7-m/libg_nano.a(lib_a-nano-mallocr.o) (_sbrk_r)
/usr/lib/gcc/arm-none-eabi/6.2.0/../../../../arm-none-eabi/lib/armv7-m/libg_nano.a(lib_a-nano-msizer.o)
                              /usr/lib/gcc/arm-none-eabi/6.2.0/../../../../arm-none-eabi/lib/armv7-m/libg_nano.a(lib_a-nano-reallocr.o) (_malloc_usable_size_r)

Allocating common symbols
Common symbol       size              file

errno               0x4               ./system/src/newlib/_syscalls.o
hcan                0x40              ./src/main.o
pFlash              0x20              ./system/src/stm32f1xx/stm32f1xx_hal_flash.o

Discarded input sections

 .group         0x0000000000000000        0x8 ./system/src/stm32f1xx/stm32f1xx_hal.o
 .group         0x0000000000000000        0x8 ./system/src/stm32f1xx/stm32f1xx_hal.o
 .group         0x0000000000000000        0x8 ./system/src/stm32f1xx/stm32f1xx_hal.o
 .group         0x0000000000000000        0x8 ./system/src/stm32f1xx/stm32f1xx_hal.o
 .group         0x0000000000000000        0x8 ./system/src/stm32f1xx/stm32f1xx_hal.o
 .group         0x0000000000000000        0x8 ./system/src/stm32f1xx/stm32f1xx_hal.o
 .group         0x0000000000000000        0x8 ./system/src/stm32f1xx/stm32f1xx_hal.o
 .group         0x0000000000000000        0x8 ./system/src/stm32f1xx/stm32f1xx_hal.o
 .group         0x0000000000000000        0x8 ./system/src/stm32f1xx/stm32f1xx_hal.o
 .group         0x0000000000000000        0x8 ./system/src/stm32f1xx/stm32f1xx_hal.o
 .group         0x0000000000000000        0x8 ./system/src/stm32f1xx/stm32f1xx_hal.o
 .group         0x0000000000000000        0x8 ./system/src/stm32f1xx/stm32f1xx_hal.o
[...]
Memory Configuration

Name             Origin             Length             Attributes
RAM              0x0000000020000000 0x0000000000005000 xrw
CCMRAM           0x0000000000000000 0x0000000000000000 xrw
FLASH            0x0000000008000000 0x0000000000020000 xr
FLASHB1          0x0000000000000000 0x0000000000000000 xr
EXTMEMB0         0x0000000000000000 0x0000000000000000 xr
EXTMEMB1         0x0000000000000000 0x0000000000000000 xr
EXTMEMB2         0x0000000000000000 0x0000000000000000 xr
EXTMEMB3         0x0000000000000000 0x0000000000000000 xr
MEMORY_ARRAY     0x0000000000000000 0x0000000000000000 xrw
*default*        0x0000000000000000 0xffffffffffffffff

Linker script and memory map

LOAD ./system/src/stm32f1xx/stm32f1xx_hal.o
LOAD ./system/src/stm32f1xx/stm32f1xx_hal_can.o
LOAD ./system/src/stm32f1xx/stm32f1xx_hal_cortex.o
LOAD ./system/src/stm32f1xx/stm32f1xx_hal_dma.o
LOAD ./system/src/stm32f1xx/stm32f1xx_hal_flash.o
LOAD ./system/src/stm32f1xx/stm32f1xx_hal_flash_ex.o
LOAD ./system/src/stm32f1xx/stm32f1xx_hal_gpio.o
LOAD ./system/src/stm32f1xx/stm32f1xx_hal_gpio_ex.o
LOAD ./system/src/stm32f1xx/stm32f1xx_hal_pwr.o
LOAD ./system/src/stm32f1xx/stm32f1xx_hal_rcc.o
LOAD ./system/src/stm32f1xx/stm32f1xx_hal_rcc_ex.o
LOAD ./system/src/newlib/_cxx.o
LOAD ./system/src/newlib/_exit.o
LOAD ./system/src/newlib/_sbrk.o
LOAD ./system/src/newlib/_startup.o
LOAD ./system/src/newlib/_syscalls.o
LOAD ./system/src/newlib/assert.o
LOAD ./system/src/diag/Trace.o
LOAD ./system/src/diag/trace_impl.o
LOAD ./system/src/cortexm/_initialize_hardware.o
LOAD ./system/src/cortexm/_reset_hardware.o
LOAD ./system/src/cortexm/exception_handlers.o
LOAD ./system/src/cmsis/startup_stm32f103xb.o
LOAD ./system/src/cmsis/system_stm32f1xx.o
LOAD ./src/main.o
LOAD ./src/stm32f1xx_hal_msp.o
LOAD ./src/stm32f1xx_it.o
LOAD /usr/lib/gcc/arm-none-eabi/6.2.0/../../../../arm-none-eabi/lib/armv7-m/libstdc++_nano.a
LOAD /usr/lib/gcc/arm-none-eabi/6.2.0/../../../../arm-none-eabi/lib/armv7-m/libm.a
START GROUP
LOAD /usr/lib/gcc/arm-none-eabi/6.2.0/armv7-m/libgcc.a
LOAD /usr/lib/gcc/arm-none-eabi/6.2.0/../../../../arm-none-eabi/lib/armv7-m/libg_nano.a
LOAD /usr/lib/gcc/arm-none-eabi/6.2.0/../../../../arm-none-eabi/lib/armv7-m/libc_nano.a
END GROUP
START GROUP
LOAD /usr/lib/gcc/arm-none-eabi/6.2.0/armv7-m/libgcc.a
LOAD /usr/lib/gcc/arm-none-eabi/6.2.0/../../../../arm-none-eabi/lib/armv7-m/libc_nano.a
END GROUP
                0x0000000020005000                __stack = (ORIGIN (RAM) + LENGTH (RAM))
                0x0000000020005000                _estack = __stack
                0x0000000000000400                __Main_Stack_Size = 0x400
                [!provide]                        PROVIDE (_Main_Stack_Size, __Main_Stack_Size)
                0x0000000020004c00                __Main_Stack_Limit = (__stack - __Main_Stack_Size)
                [!provide]                        PROVIDE (_Main_Stack_Limit, __Main_Stack_Limit)
                0x0000000000000100                _Minimum_Stack_Size = 0x100
                0x00000000200001a8                PROVIDE (_Heap_Begin, _end_noinit)
                0x0000000020004c00                PROVIDE (_Heap_Limit, (__stack - __Main_Stack_Size))

.isr_vector     0x0000000008000000      0x34c
 FILL mask 0xff
                0x0000000008000000                __vectors_start = ABSOLUTE (.)
                0x0000000008000000                __vectors_start__ = ABSOLUTE (.)
 *(.isr_vector)
 .isr_vector    0x0000000008000000      0x10c ./system/src/cmsis/startup_stm32f103xb.o
                0x0000000008000000                g_pfnVectors
 *(.cfmconfig)
 *(.after_vectors .after_vectors.*)
 .after_vectors
                0x000000000800010c      0x114 ./system/src/newlib/_startup.o
                0x000000000800010c                _start
 .after_vectors
                0x0000000008000220      0x12c ./system/src/cortexm/exception_handlers.o
                0x0000000008000220                Reset_Handler
                0x000000000800023e                HardFault_Handler_C
                0x00000000080002b4                BusFault_Handler_C
                0x00000000080002fc                UsageFault_Handler_C

.inits          0x000000000800034c       0x28
                0x000000000800034c                __data_regions_array_start = .
                0x000000000800034c        0x4 LONG 0x8003364 LOADADDR (.data)
                0x0000000008000350        0x4 LONG 0x20000000 ADDR (.data)
                0x0000000008000354        0x4 LONG 0x20000078 (ADDR (.data) + SIZEOF (.data))
                0x0000000008000358        0x4 LONG 0x8003364 LOADADDR (.data_CCMRAM)
                0x000000000800035c        0x4 LONG 0x0 ADDR (.data_CCMRAM)
                0x0000000008000360        0x4 LONG 0x0 (ADDR (.data_CCMRAM) + SIZEOF (.data_CCMRAM))
                0x0000000008000364                __data_regions_array_end = .
                0x0000000008000364                __bss_regions_array_start = .
                0x0000000008000364        0x4 LONG 0x20000078 ADDR (.bss)
                0x0000000008000368        0x4 LONG 0x200001a8 (ADDR (.bss) + SIZEOF (.bss))
                0x000000000800036c        0x4 LONG 0x0 ADDR (.bss_CCMRAM)
                0x0000000008000370        0x4 LONG 0x0 (ADDR (.bss_CCMRAM) + SIZEOF (.bss_CCMRAM))
                0x0000000008000374                __bss_regions_array_end = .
 *(.init)
 *(.fini)
                0x0000000008000374                . = ALIGN (0x4)
                0x0000000008000374                PROVIDE (__preinit_array_start, .)
 *(.preinit_array_sysinit .preinit_array_sysinit.*)
 *(.preinit_array_platform .preinit_array_platform.*)
 *(.preinit_array .preinit_array.*)
                0x0000000008000374                PROVIDE (__preinit_array_end, .)
                0x0000000008000374                . = ALIGN (0x4)
                0x0000000008000374                PROVIDE (__init_array_start, .)
 *(SORT(.init_array.*))
 *(.init_array)
                0x0000000008000374                PROVIDE (__init_array_end, .)
                0x0000000008000374                . = ALIGN (0x4)
                0x0000000008000374                PROVIDE (__fini_array_start, .)
 *(SORT(.fini_array.*))
 *(.fini_array)
                0x0000000008000374                PROVIDE (__fini_array_end, .)

.flashtext
 *(.flashtext .flashtext.*)

.text           0x0000000008000374     0x2ff0
 *(.text .text.*)
 .text.HAL_InitTick
                0x0000000008000374       0x28 ./system/src/stm32f1xx/stm32f1xx_hal.o
                0x0000000008000374                HAL_InitTick
 .text.HAL_Init
                0x000000000800039c       0x24 ./system/src/stm32f1xx/stm32f1xx_hal.o
                0x000000000800039c                HAL_Init
 .text.HAL_IncTick
                0x00000000080003c0       0x10 ./system/src/stm32f1xx/stm32f1xx_hal.o
                0x00000000080003c0                HAL_IncTick
 .text.HAL_GetTick
                0x00000000080003d0        0xc ./system/src/stm32f1xx/stm32f1xx_hal.o
                0x00000000080003d0                HAL_GetTick
 .text.HAL_Delay
                0x00000000080003dc       0x1c ./system/src/stm32f1xx/stm32f1xx_hal.o
                0x00000000080003dc                HAL_Delay
 .text.HAL_CAN_ConfigFilter
                0x00000000080003f8      0x170 ./system/src/stm32f1xx/stm32f1xx_hal_can.o
                0x00000000080003f8                HAL_CAN_ConfigFilter
 .text.HAL_CAN_Init
                0x0000000008000568      0x208 ./system/src/stm32f1xx/stm32f1xx_hal_can.o
                0x0000000008000568                HAL_CAN_Init
 .text.HAL_CAN_Transmit
                0x0000000008000770      0x22c ./system/src/stm32f1xx/stm32f1xx_hal_can.o
                0x0000000008000770                HAL_CAN_Transmit
 .text.HAL_CAN_Receive_IT
                0x000000000800099c       0x90 ./system/src/stm32f1xx/stm32f1xx_hal_can.o
                0x000000000800099c                HAL_CAN_Receive_IT
 .text.HAL_CAN_TxCpltCallback
                0x0000000008000a2c        0x2 ./system/src/stm32f1xx/stm32f1xx_hal_can.o
                0x0000000008000a2c                HAL_CAN_TxCpltCallback
 .text.CAN_Transmit_IT
                0x0000000008000a2e       0x42 ./system/src/stm32f1xx/stm32f1xx_hal_can.o
 .text.CAN_Receive_IT
                0x0000000008000a70      0x138 ./system/src/stm32f1xx/stm32f1xx_hal_can.o
 .text.HAL_CAN_ErrorCallback
                0x0000000008000ba8        0x2 ./system/src/stm32f1xx/stm32f1xx_hal_can.o
                0x0000000008000ba8                HAL_CAN_ErrorCallback
 *fill*         0x0000000008000baa        0x2 
 .text.HAL_CAN_IRQHandler
                0x0000000008000bac      0x16c ./system/src/stm32f1xx/stm32f1xx_hal_can.o
                0x0000000008000bac                HAL_CAN_IRQHandler
 .text.HAL_NVIC_SetPriorityGrouping
                0x0000000008000d18       0x3c ./system/src/stm32f1xx/stm32f1xx_hal_cortex.o
                0x0000000008000d18                HAL_NVIC_SetPriorityGrouping
 .text.HAL_NVIC_SetPriority
                0x0000000008000d54       0x88 ./system/src/stm32f1xx/stm32f1xx_hal_cortex.o
                0x0000000008000d54                HAL_NVIC_SetPriority
 .text.HAL_NVIC_EnableIRQ
                0x0000000008000ddc       0x2c ./system/src/stm32f1xx/stm32f1xx_hal_cortex.o
                0x0000000008000ddc                HAL_NVIC_EnableIRQ
 .text.HAL_SYSTICK_Config
                0x0000000008000e08       0x2c ./system/src/stm32f1xx/stm32f1xx_hal_cortex.o
                0x0000000008000e08                HAL_SYSTICK_Config
 .text.HAL_SYSTICK_CLKSourceConfig
                0x0000000008000e34       0x3c ./system/src/stm32f1xx/stm32f1xx_hal_cortex.o
                0x0000000008000e34                HAL_SYSTICK_CLKSourceConfig
 .text.HAL_SYSTICK_Callback
                0x0000000008000e70        0x2 ./system/src/stm32f1xx/stm32f1xx_hal_cortex.o
                0x0000000008000e70                HAL_SYSTICK_Callback
 .text.HAL_SYSTICK_IRQHandler
                0x0000000008000e72        0x8 ./system/src/stm32f1xx/stm32f1xx_hal_cortex.o
                0x0000000008000e72                HAL_SYSTICK_IRQHandler
 *fill*         0x0000000008000e7a        0x2 
 .text.HAL_GPIO_Init
                0x0000000008000e7c      0x324 ./system/src/stm32f1xx/stm32f1xx_hal_gpio.o
                0x0000000008000e7c                HAL_GPIO_Init
 .text.HAL_GPIO_WritePin
                0x00000000080011a0       0x34 ./system/src/stm32f1xx/stm32f1xx_hal_gpio.o
                0x00000000080011a0                HAL_GPIO_WritePin
 .text.HAL_RCC_OscConfig
                0x00000000080011d4      0x70c ./system/src/stm32f1xx/stm32f1xx_hal_rcc.o
                0x00000000080011d4                HAL_RCC_OscConfig
 .text.HAL_RCC_GetSysClockFreq
                0x00000000080018e0       0x8c ./system/src/stm32f1xx/stm32f1xx_hal_rcc.o
                0x00000000080018e0                HAL_RCC_GetSysClockFreq
 .text.HAL_RCC_ClockConfig
                0x000000000800196c      0x298 ./system/src/stm32f1xx/stm32f1xx_hal_rcc.o
                0x000000000800196c                HAL_RCC_ClockConfig
 .text.HAL_RCC_GetHCLKFreq
                0x0000000008001c04        0xc ./system/src/stm32f1xx/stm32f1xx_hal_rcc.o
                0x0000000008001c04                HAL_RCC_GetHCLKFreq
 .text._exit    0x0000000008001c10        0x2 ./system/src/newlib/_exit.o
                0x0000000008001c10                _exit
 *fill*         0x0000000008001c12        0x2 
 .text._sbrk    0x0000000008001c14       0x44 ./system/src/newlib/_sbrk.o
                0x0000000008001c14                _sbrk
 .text.__initialize_args
                0x0000000008001c58       0x10 ./system/src/newlib/_syscalls.o
                0x0000000008001c58                __initialize_args
 .text.trace_printf
                0x0000000008001c68       0x30 ./system/src/diag/Trace.o
                0x0000000008001c68                trace_printf
 .text._trace_write_semihosting_debug
                0x0000000008001c98       0x60 ./system/src/diag/trace_impl.o
 .text.trace_write
                0x0000000008001cf8        0x8 ./system/src/diag/trace_impl.o
                0x0000000008001cf8                trace_write
 .text.__initialize_hardware_early
                0x0000000008001d00       0x18 ./system/src/cortexm/_initialize_hardware.o
                0x0000000008001d00                __initialize_hardware_early
 .text.__initialize_hardware
                0x0000000008001d18        0x8 ./system/src/cortexm/_initialize_hardware.o
                0x0000000008001d18                __initialize_hardware
 .text.dumpExceptionStack
                0x0000000008001d20       0xf4 ./system/src/cortexm/exception_handlers.o
                0x0000000008001d20                dumpExceptionStack
 .text.isSemihosting
                0x0000000008001e14       0x20 ./system/src/cortexm/exception_handlers.o
                0x0000000008001e14                isSemihosting
 .text.Default_Handler
                0x0000000008001e34        0x2 ./system/src/cmsis/startup_stm32f103xb.o
                0x0000000008001e34                RTC_Alarm_IRQHandler
                0x0000000008001e34                EXTI2_IRQHandler
                0x0000000008001e34                TIM1_CC_IRQHandler
                0x0000000008001e34                PVD_IRQHandler
                0x0000000008001e34                EXTI3_IRQHandler
                0x0000000008001e34                EXTI0_IRQHandler
                0x0000000008001e34                I2C2_EV_IRQHandler
                0x0000000008001e34                ADC1_2_IRQHandler
                0x0000000008001e34                SPI1_IRQHandler
                0x0000000008001e34                TAMPER_IRQHandler
                0x0000000008001e34                DMA1_Channel4_IRQHandler
                0x0000000008001e34                USART3_IRQHandler
                0x0000000008001e34                RTC_IRQHandler
                0x0000000008001e34                DMA1_Channel7_IRQHandler
                0x0000000008001e34                CAN1_RX1_IRQHandler
                0x0000000008001e34                TIM4_IRQHandler
                0x0000000008001e34                I2C1_EV_IRQHandler
                0x0000000008001e34                DMA1_Channel6_IRQHandler
                0x0000000008001e34                TIM3_IRQHandler
                0x0000000008001e34                RCC_IRQHandler
                0x0000000008001e34                TIM1_TRG_COM_IRQHandler
                0x0000000008001e34                DMA1_Channel1_IRQHandler
                0x0000000008001e34                Default_Handler
                0x0000000008001e34                EXTI15_10_IRQHandler
                0x0000000008001e34                EXTI9_5_IRQHandler
                0x0000000008001e34                SPI2_IRQHandler
                0x0000000008001e34                DMA1_Channel5_IRQHandler
                0x0000000008001e34                EXTI4_IRQHandler
                0x0000000008001e34                USB_HP_CAN1_TX_IRQHandler
                0x0000000008001e34                DMA1_Channel3_IRQHandler
                0x0000000008001e34                TIM1_UP_IRQHandler
                0x0000000008001e34                WWDG_IRQHandler
                0x0000000008001e34                TIM2_IRQHandler
                0x0000000008001e34                TIM1_BRK_IRQHandler
                0x0000000008001e34                EXTI1_IRQHandler
                0x0000000008001e34                USART2_IRQHandler
                0x0000000008001e34                I2C2_ER_IRQHandler
                0x0000000008001e34                DMA1_Channel2_IRQHandler
                0x0000000008001e34                CAN1_SCE_IRQHandler
                0x0000000008001e34                FLASH_IRQHandler
                0x0000000008001e34                USART1_IRQHandler
                0x0000000008001e34                I2C1_ER_IRQHandler
                0x0000000008001e34                USBWakeUp_IRQHandler
 *fill*         0x0000000008001e36        0x2 
 .text.SystemInit
                0x0000000008001e38       0x4c ./system/src/cmsis/system_stm32f1xx.o
                0x0000000008001e38                SystemInit
 .text.SystemCoreClockUpdate
                0x0000000008001e84       0x94 ./system/src/cmsis/system_stm32f1xx.o
                0x0000000008001e84                SystemCoreClockUpdate
 .text.MX_GPIO_Init
                0x0000000008001f18       0x6c ./src/main.o
 .text.MX_NVIC_Init
                0x0000000008001f84       0x14 ./src/main.o
 .text.Error_Handler
                0x0000000008001f98        0x2 ./src/main.o
                0x0000000008001f98                Error_Handler
 *fill*         0x0000000008001f9a        0x2 
 .text.MX_CAN_Init
                0x0000000008001f9c       0x94 ./src/main.o
 .text.SystemClock_Config
                0x0000000008002030       0x78 ./src/main.o
                0x0000000008002030                SystemClock_Config
 .text.main     0x00000000080020a8      0x150 ./src/main.o
                0x00000000080020a8                main
 .text.HAL_CAN_RxCpltCallback
                0x00000000080021f8       0x4c ./src/main.o
                0x00000000080021f8                HAL_CAN_RxCpltCallback
 .text.assert_failed
                0x0000000008002244        0x2 ./src/main.o
                0x0000000008002244                assert_failed
 *fill*         0x0000000008002246        0x2 
 .text.HAL_MspInit
                0x0000000008002248       0x7c ./src/stm32f1xx_hal_msp.o
                0x0000000008002248                HAL_MspInit
 .text.HAL_CAN_MspInit
                0x00000000080022c4       0x5c ./src/stm32f1xx_hal_msp.o
                0x00000000080022c4                HAL_CAN_MspInit
 .text.NMI_Handler
                0x0000000008002320        0x2 ./src/stm32f1xx_it.o
                0x0000000008002320                NMI_Handler
 .text.HardFault_Handler
                0x0000000008002322        0x2 ./src/stm32f1xx_it.o
                0x0000000008002322                HardFault_Handler
 .text.MemManage_Handler
                0x0000000008002324        0x2 ./src/stm32f1xx_it.o
                0x0000000008002324                MemManage_Handler
 .text.BusFault_Handler
                0x0000000008002326        0x2 ./src/stm32f1xx_it.o
                0x0000000008002326                BusFault_Handler
 .text.UsageFault_Handler
                0x0000000008002328        0x2 ./src/stm32f1xx_it.o
                0x0000000008002328                UsageFault_Handler
 .text.SVC_Handler
                0x000000000800232a        0x2 ./src/stm32f1xx_it.o
                0x000000000800232a                SVC_Handler
 .text.DebugMon_Handler
                0x000000000800232c        0x2 ./src/stm32f1xx_it.o
                0x000000000800232c                DebugMon_Handler
 .text.PendSV_Handler
                0x000000000800232e        0x2 ./src/stm32f1xx_it.o
                0x000000000800232e                PendSV_Handler
 .text.SysTick_Handler
                0x0000000008002330        0xc ./src/stm32f1xx_it.o
                0x0000000008002330                SysTick_Handler
 .text.USB_LP_CAN1_RX0_IRQHandler
                0x000000000800233c       0x10 ./src/stm32f1xx_it.o
                0x000000000800233c                USB_LP_CAN1_RX0_IRQHandler
 .text          0x000000000800234c        0xc /usr/lib/gcc/arm-none-eabi/6.2.0/../../../../arm-none-eabi/lib/armv7-m/libg_nano.a(lib_a-errno.o)
                0x000000000800234c                __errno
 .text          0x0000000008002358       0xbc /usr/lib/gcc/arm-none-eabi/6.2.0/../../../../arm-none-eabi/lib/armv7-m/libg_nano.a(lib_a-strcpy.o)
                0x0000000008002358                strcpy
 .text          0x0000000008002414       0x5c /usr/lib/gcc/arm-none-eabi/6.2.0/../../../../arm-none-eabi/lib/armv7-m/libg_nano.a(lib_a-strlen-stub.o)
                0x0000000008002414                strlen
 .text          0x0000000008002470       0x90 /usr/lib/gcc/arm-none-eabi/6.2.0/../../../../arm-none-eabi/lib/armv7-m/libg_nano.a(lib_a-vsnprintf.o)
                0x0000000008002470                _vsnprintf_r
                0x0000000008002470                _vsniprintf_r
                0x00000000080024e0                vsnprintf
                0x00000000080024e0                vsniprintf
 .text          0x0000000008002500      0x408 /usr/lib/gcc/arm-none-eabi/6.2.0/../../../../arm-none-eabi/lib/armv7-m/libg_nano.a(lib_a-nano-svfprintf.o)
                0x0000000008002500                __ssputs_r
                0x00000000080025c4                __ssprint_r
                0x00000000080026c0                _svfprintf_r
                0x00000000080026c0                _svfiprintf_r
 .text          0x0000000008002908      0x3cc /usr/lib/gcc/arm-none-eabi/6.2.0/../../../../arm-none-eabi/lib/armv7-m/libg_nano.a(lib_a-nano-vfprintf_i.o)
                0x0000000008002908                _printf_common
                0x0000000008002a38                _printf_i
 .text          0x0000000008002cd4       0x8c /usr/lib/gcc/arm-none-eabi/6.2.0/../../../../arm-none-eabi/lib/armv7-m/libg_nano.a(lib_a-memchr-stub.o)
                0x0000000008002cd4                memchr
 .text          0x0000000008002d60       0xec /usr/lib/gcc/arm-none-eabi/6.2.0/../../../../arm-none-eabi/lib/armv7-m/libg_nano.a(lib_a-memcpy.o)
                0x0000000008002d60                memcpy
 .text          0x0000000008002e4c       0xc8 /usr/lib/gcc/arm-none-eabi/6.2.0/../../../../arm-none-eabi/lib/armv7-m/libg_nano.a(lib_a-memmove.o)
                0x0000000008002e4c                memmove
 .text          0x0000000008002f14       0x90 /usr/lib/gcc/arm-none-eabi/6.2.0/../../../../arm-none-eabi/lib/armv7-m/libg_nano.a(lib_a-nano-freer.o)
                0x0000000008002f14                _free_r
 .text          0x0000000008002fa4       0xbc /usr/lib/gcc/arm-none-eabi/6.2.0/../../../../arm-none-eabi/lib/armv7-m/libg_nano.a(lib_a-nano-mallocr.o)
                0x0000000008002fa4                _malloc_r
 .text          0x0000000008003060       0x50 /usr/lib/gcc/arm-none-eabi/6.2.0/../../../../arm-none-eabi/lib/armv7-m/libg_nano.a(lib_a-nano-reallocr.o)
                0x0000000008003060                _realloc_r
 .text          0x00000000080030b0       0x24 /usr/lib/gcc/arm-none-eabi/6.2.0/../../../../arm-none-eabi/lib/armv7-m/libg_nano.a(lib_a-sbrkr.o)
                0x00000000080030b0                _sbrk_r
 .text          0x00000000080030d4       0x14 /usr/lib/gcc/arm-none-eabi/6.2.0/../../../../arm-none-eabi/lib/armv7-m/libg_nano.a(lib_a-nano-msizer.o)
                0x00000000080030d4                _malloc_usable_size_r
 *(.rodata .rodata.* .constdata .constdata.*)
 .rodata.HAL_CAN_ConfigFilter.str1.4
                0x00000000080030e8       0x2c ./system/src/stm32f1xx/stm32f1xx_hal_can.o
 .rodata.HAL_NVIC_SetPriorityGrouping.str1.4
                0x0000000008003114       0x2f ./system/src/stm32f1xx/stm32f1xx_hal_cortex.o
 *fill*         0x0000000008003143        0x1 
 .rodata.HAL_GPIO_Init.str1.4
                0x0000000008003144       0x2d ./system/src/stm32f1xx/stm32f1xx_hal_gpio.o
 *fill*         0x0000000008003171        0x3 
 .rodata        0x0000000008003174       0x12 ./system/src/stm32f1xx/stm32f1xx_hal_rcc.o
 *fill*         0x0000000008003186        0x2 
 .rodata.HAL_RCC_OscConfig.str1.4
                0x0000000008003188       0x2c ./system/src/stm32f1xx/stm32f1xx_hal_rcc.o
 .rodata.dumpExceptionStack.str1.4
                0x00000000080031b4      0x11a ./system/src/cortexm/exception_handlers.o
 *fill*         0x00000000080032ce        0x2 
 .rodata.str1.4
                0x00000000080032d0       0x2a ./system/src/cortexm/exception_handlers.o
 *fill*         0x00000000080032fa        0x2 
 .rodata.AHBPrescTable
                0x00000000080032fc       0x10 ./system/src/cmsis/system_stm32f1xx.o
                0x00000000080032fc                AHBPrescTable
 .rodata        0x000000000800330c        0x6 ./src/main.o
 *fill*         0x0000000008003312        0x2 
 .rodata.main.str1.4
                0x0000000008003314       0x10 ./src/main.o
 .rodata.str1.4
                0x0000000008003324        0x2 /usr/lib/gcc/arm-none-eabi/6.2.0/../../../../arm-none-eabi/lib/armv7-m/libg_nano.a(lib_a-impure.o)
 *fill*         0x0000000008003326        0x2 
 .rodata.str1.4
                0x0000000008003328       0x13 /usr/lib/gcc/arm-none-eabi/6.2.0/../../../../arm-none-eabi/lib/armv7-m/libg_nano.a(lib_a-nano-svfprintf.o)
 *fill*         0x000000000800333b        0x1 
 .rodata.str1.4
                0x000000000800333c       0x28 /usr/lib/gcc/arm-none-eabi/6.2.0/../../../../arm-none-eabi/lib/armv7-m/libg_nano.a(lib_a-nano-vfprintf_i.o)
                                         0x25 (size before relaxing)
 *(vtable)
 *(.eh_frame*)
 *(.glue_7)
 .glue_7        0x0000000008003364        0x0 linker stubs
 *(.glue_7t)
 .glue_7t       0x0000000008003364        0x0 linker stubs

.vfp11_veneer   0x0000000008003364        0x0
 .vfp11_veneer  0x0000000008003364        0x0 linker stubs

.v4_bx          0x0000000008003364        0x0
 .v4_bx         0x0000000008003364        0x0 linker stubs

.iplt           0x0000000008003364        0x0
 .iplt          0x0000000008003364        0x0 ./system/src/stm32f1xx/stm32f1xx_hal.o

.rel.dyn        0x0000000008003364        0x0
 .rel.iplt      0x0000000008003364        0x0 ./system/src/stm32f1xx/stm32f1xx_hal.o

.ARM.extab
 *(.ARM.extab* .gnu.linkonce.armextab.*)
                0x0000000008003364                . = ALIGN (0x4)
                0x0000000008003364                __exidx_start = .

.ARM.exidx
 *(.ARM.exidx* .gnu.linkonce.armexidx.*)
                0x0000000008003364                __exidx_end = .
                0x0000000008003364                . = ALIGN (0x4)
                0x0000000008003364                _etext = .
                0x0000000008003364                __etext = .

.data_CCMRAM    0x0000000000000000        0x0 load address 0x0000000008003364
 FILL mask 0xff
 *(.data.CCMRAM .data.CCMRAM.*)
                0x0000000000000000                . = ALIGN (0x4)
                0x0000000008003364                _sidata = LOADADDR (.data)

.data           0x0000000020000000       0x78 load address 0x0000000008003364
 FILL mask 0xff
                0x0000000020000000                _sdata = .
                0x0000000020000000                __data_start__ = .
 *(.data_begin .data_begin.*)
 .data_begin    0x0000000020000000        0x4 ./system/src/newlib/_startup.o
 *(.data .data.*)
 .data.argv.4180
                0x0000000020000004        0x8 ./system/src/newlib/_syscalls.o
 .data.SystemCoreClock
                0x000000002000000c        0x4 ./system/src/cmsis/system_stm32f1xx.o
                0x000000002000000c                SystemCoreClock
 .data          0x0000000020000010       0x64 /usr/lib/gcc/arm-none-eabi/6.2.0/../../../../arm-none-eabi/lib/armv7-m/libg_nano.a(lib_a-impure.o)
                0x0000000020000010                _impure_ptr
 *(.data_end .data_end.*)
 .data_end      0x0000000020000074        0x4 ./system/src/newlib/_startup.o
                0x0000000020000078                . = ALIGN (0x4)
                0x0000000020000078                _edata = .
                0x0000000020000078                __data_end__ = .

.igot.plt       0x0000000020000078        0x0 load address 0x00000000080033dc
 .igot.plt      0x0000000020000078        0x0 ./system/src/stm32f1xx/stm32f1xx_hal.o

.bss_CCMRAM     0x0000000000000000        0x0
 *(.bss.CCMRAM .bss.CCMRAM.*)

.bss            0x0000000020000078      0x130
                0x0000000020000078                __bss_start__ = .
                0x0000000020000078                _sbss = .
 *(.bss_begin .bss_begin.*)
 .bss_begin     0x0000000020000078        0x4 ./system/src/newlib/_startup.o
 *(.bss .bss.*)
 .bss.uwTick    0x000000002000007c        0x4 ./system/src/stm32f1xx/stm32f1xx_hal.o
 .bss.current_heap_end.3871
                0x0000000020000080        0x4 ./system/src/newlib/_sbrk.o
 .bss.name.4179
                0x0000000020000084        0x1 ./system/src/newlib/_syscalls.o
 *fill*         0x0000000020000085        0x3 
 .bss.buf.5065  0x0000000020000088       0x80 ./system/src/diag/Trace.o
 .bss.CAN_ISR_CALLED
                0x0000000020000108        0x1 ./src/main.o
                0x0000000020000108                CAN_ISR_CALLED
 *fill*         0x0000000020000109        0x3 
 .bss.RxMsg.5902
                0x000000002000010c       0x24 ./src/main.o
 .bss.TxMsg.5901
                0x0000000020000130       0x1c ./src/main.o
 .bss.ontime    0x000000002000014c        0x4 ./src/main.o
                0x000000002000014c                ontime
 .bss.replyflag
                0x0000000020000150        0x1 ./src/main.o
                0x0000000020000150                replyflag
 *fill*         0x0000000020000151        0x3 
 .bss.timecounter
                0x0000000020000154        0x4 ./src/main.o
                0x0000000020000154                timecounter
 .bss           0x0000000020000158        0x8 /usr/lib/gcc/arm-none-eabi/6.2.0/../../../../arm-none-eabi/lib/armv7-m/libg_nano.a(lib_a-nano-mallocr.o)
                0x0000000020000158                __malloc_free_list
                0x000000002000015c                __malloc_sbrk_start
 *(COMMON)
 COMMON         0x0000000020000160        0x4 ./system/src/newlib/_syscalls.o
                0x0000000020000160                errno
 COMMON         0x0000000020000164       0x40 ./src/main.o
                0x0000000020000164                hcan
 *(.bss_end .bss_end.*)
 .bss_end       0x00000000200001a4        0x4 ./system/src/newlib/_startup.o
                0x00000000200001a8                . = ALIGN (0x4)
                0x00000000200001a8                __bss_end__ = .
                0x00000000200001a8                _ebss = .

.noinit_CCMRAM
 *(.noinit.CCMRAM .noinit.CCMRAM.*)

.noinit         0x00000000200001a8        0x0
                0x00000000200001a8                _noinit = .
 *(.noinit .noinit.*)
                0x00000000200001a8                . = ALIGN (0x4)
                0x00000000200001a8                _end_noinit = .
                [!provide]                        PROVIDE (end, _end_noinit)
                [!provide]                        PROVIDE (_end, _end_noinit)
                [!provide]                        PROVIDE (__end, _end_noinit)
                [!provide]                        PROVIDE (__end__, _end_noinit)

._check_stack   0x00000000200001a8      0x100
                0x00000000200002a8                . = (. + _Minimum_Stack_Size)
 *fill*         0x00000000200001a8      0x100 

.b1text
 *(.b1text)
 *(.b1rodata)
 *(.b1rodata.*)

.eb0text
 *(.eb0text)
 *(.eb0rodata)
 *(.eb0rodata.*)

.eb1text
 *(.eb1text)
 *(.eb1rodata)
 *(.eb1rodata.*)

.eb2text
 *(.eb2text)
 *(.eb2rodata)
 *(.eb2rodata.*)

.eb3text
 *(.eb3text)
 *(.eb3rodata)
 *(.eb3rodata.*)

.stab
 *(.stab)

.stabstr
 *(.stabstr)

.stab.excl
 *(.stab.excl)

.stab.exclstr
 *(.stab.exclstr)

.stab.index
 *(.stab.index)

.stab.indexstr
 *(.stab.indexstr)

.comment        0x0000000000000000       0x42
 *(.comment)
 .comment       0x0000000000000000       0x21 ./system/src/stm32f1xx/stm32f1xx_hal.o
                                         0x22 (size before relaxing)
 .comment       0x0000000000000021       0x22 ./system/src/stm32f1xx/stm32f1xx_hal_can.o
 .comment       0x0000000000000021       0x22 ./system/src/stm32f1xx/stm32f1xx_hal_cortex.o
 .comment       0x0000000000000021       0x22 ./system/src/stm32f1xx/stm32f1xx_hal_gpio.o
 .comment       0x0000000000000021       0x22 ./system/src/stm32f1xx/stm32f1xx_hal_rcc.o
 .comment       0x0000000000000021       0x22 ./system/src/newlib/_exit.o
 .comment       0x0000000000000021       0x22 ./system/src/newlib/_sbrk.o
 .comment       0x0000000000000021       0x22 ./system/src/newlib/_startup.o
 .comment       0x0000000000000021       0x22 ./system/src/newlib/_syscalls.o
 .comment       0x0000000000000021       0x22 ./system/src/diag/Trace.o
 .comment       0x0000000000000021       0x22 ./system/src/diag/trace_impl.o
 .comment       0x0000000000000021       0x22 ./system/src/cortexm/_initialize_hardware.o
 .comment       0x0000000000000021       0x22 ./system/src/cortexm/exception_handlers.o
 .comment       0x0000000000000021       0x22 ./system/src/cmsis/system_stm32f1xx.o
 .comment       0x0000000000000021       0x22 ./src/main.o
 .comment       0x0000000000000021       0x22 ./src/stm32f1xx_hal_msp.o
 .comment       0x0000000000000021       0x22 ./src/stm32f1xx_it.o
 .comment       0x0000000000000021       0x21 /usr/lib/gcc/arm-none-eabi/6.2.0/../../../../arm-none-eabi/lib/armv7-m/libg_nano.a(lib_a-errno.o)
                                         0x22 (size before relaxing)
 .comment       0x0000000000000042       0x22 /usr/lib/gcc/arm-none-eabi/6.2.0/../../../../arm-none-eabi/lib/armv7-m/libg_nano.a(lib_a-impure.o)
 .comment       0x0000000000000042       0x22 /usr/lib/gcc/arm-none-eabi/6.2.0/../../../../arm-none-eabi/lib/armv7-m/libg_nano.a(lib_a-strcpy.o)
 .comment       0x0000000000000042       0x22 /usr/lib/gcc/arm-none-eabi/6.2.0/../../../../arm-none-eabi/lib/armv7-m/libg_nano.a(lib_a-strlen-stub.o)
 .comment       0x0000000000000042       0x22 /usr/lib/gcc/arm-none-eabi/6.2.0/../../../../arm-none-eabi/lib/armv7-m/libg_nano.a(lib_a-vsnprintf.o)
 .comment       0x0000000000000042       0x22 /usr/lib/gcc/arm-none-eabi/6.2.0/../../../../arm-none-eabi/lib/armv7-m/libg_nano.a(lib_a-nano-svfprintf.o)
 .comment       0x0000000000000042       0x22 /usr/lib/gcc/arm-none-eabi/6.2.0/../../../../arm-none-eabi/lib/armv7-m/libg_nano.a(lib_a-nano-vfprintf_i.o)
 .comment       0x0000000000000042       0x22 /usr/lib/gcc/arm-none-eabi/6.2.0/../../../../arm-none-eabi/lib/armv7-m/libg_nano.a(lib_a-memchr-stub.o)
 .comment       0x0000000000000042       0x22 /usr/lib/gcc/arm-none-eabi/6.2.0/../../../../arm-none-eabi/lib/armv7-m/libg_nano.a(lib_a-memmove.o)
 .comment       0x0000000000000042       0x22 /usr/lib/gcc/arm-none-eabi/6.2.0/../../../../arm-none-eabi/lib/armv7-m/libg_nano.a(lib_a-nano-freer.o)
 .comment       0x0000000000000042       0x22 /usr/lib/gcc/arm-none-eabi/6.2.0/../../../../arm-none-eabi/lib/armv7-m/libg_nano.a(lib_a-nano-mallocr.o)
 .comment       0x0000000000000042       0x22 /usr/lib/gcc/arm-none-eabi/6.2.0/../../../../arm-none-eabi/lib/armv7-m/libg_nano.a(lib_a-nano-reallocr.o)
 .comment       0x0000000000000042       0x22 /usr/lib/gcc/arm-none-eabi/6.2.0/../../../../arm-none-eabi/lib/armv7-m/libg_nano.a(lib_a-sbrkr.o)
 .comment       0x0000000000000042       0x22 /usr/lib/gcc/arm-none-eabi/6.2.0/../../../../arm-none-eabi/lib/armv7-m/libg_nano.a(lib_a-nano-msizer.o)

.ARM.attributes
                0x0000000000000000       0x31
 .ARM.attributes
                0x0000000000000000       0x33 ./system/src/stm32f1xx/stm32f1xx_hal.o
 .ARM.attributes
                0x0000000000000033       0x33 ./system/src/stm32f1xx/stm32f1xx_hal_can.o
 .ARM.attributes
                0x0000000000000066       0x33 ./system/src/stm32f1xx/stm32f1xx_hal_cortex.o
 .ARM.attributes
                0x0000000000000099       0x33 ./system/src/stm32f1xx/stm32f1xx_hal_gpio.o
 .ARM.attributes
                0x00000000000000cc       0x33 ./system/src/stm32f1xx/stm32f1xx_hal_rcc.o
 .ARM.attributes
                0x00000000000000ff       0x33 ./system/src/newlib/_exit.o
 .ARM.attributes
                0x0000000000000132       0x33 ./system/src/newlib/_sbrk.o
 .ARM.attributes
                0x0000000000000165       0x33 ./system/src/newlib/_startup.o
 .ARM.attributes
                0x0000000000000198       0x33 ./system/src/newlib/_syscalls.o
 .ARM.attributes
                0x00000000000001cb       0x33 ./system/src/diag/Trace.o
 .ARM.attributes
                0x00000000000001fe       0x33 ./system/src/diag/trace_impl.o
 .ARM.attributes
                0x0000000000000231       0x33 ./system/src/cortexm/_initialize_hardware.o
 .ARM.attributes
                0x0000000000000264       0x33 ./system/src/cortexm/exception_handlers.o
 .ARM.attributes
                0x0000000000000297       0x21 ./system/src/cmsis/startup_stm32f103xb.o
 .ARM.attributes
                0x00000000000002b8       0x33 ./system/src/cmsis/system_stm32f1xx.o
 .ARM.attributes
                0x00000000000002eb       0x33 ./src/main.o
 .ARM.attributes
                0x000000000000031e       0x33 ./src/stm32f1xx_hal_msp.o
 .ARM.attributes
                0x0000000000000351       0x33 ./src/stm32f1xx_it.o
 .ARM.attributes
                0x0000000000000384       0x2d /usr/lib/gcc/arm-none-eabi/6.2.0/../../../../arm-none-eabi/lib/armv7-m/libg_nano.a(lib_a-errno.o)
 .ARM.attributes
                0x00000000000003b1       0x2d /usr/lib/gcc/arm-none-eabi/6.2.0/../../../../arm-none-eabi/lib/armv7-m/libg_nano.a(lib_a-impure.o)
 .ARM.attributes
                0x00000000000003de       0x2d /usr/lib/gcc/arm-none-eabi/6.2.0/../../../../arm-none-eabi/lib/armv7-m/libg_nano.a(lib_a-strcpy.o)
 .ARM.attributes
                0x000000000000040b       0x2d /usr/lib/gcc/arm-none-eabi/6.2.0/../../../../arm-none-eabi/lib/armv7-m/libg_nano.a(lib_a-strlen-stub.o)
 .ARM.attributes
                0x0000000000000438       0x2d /usr/lib/gcc/arm-none-eabi/6.2.0/../../../../arm-none-eabi/lib/armv7-m/libg_nano.a(lib_a-vsnprintf.o)
 .ARM.attributes
                0x0000000000000465       0x2d /usr/lib/gcc/arm-none-eabi/6.2.0/../../../../arm-none-eabi/lib/armv7-m/libg_nano.a(lib_a-nano-svfprintf.o)
 .ARM.attributes
                0x0000000000000492       0x2d /usr/lib/gcc/arm-none-eabi/6.2.0/../../../../arm-none-eabi/lib/armv7-m/libg_nano.a(lib_a-nano-vfprintf_i.o)
 .ARM.attributes
                0x00000000000004bf       0x2d /usr/lib/gcc/arm-none-eabi/6.2.0/../../../../arm-none-eabi/lib/armv7-m/libg_nano.a(lib_a-memchr-stub.o)
 .ARM.attributes
                0x00000000000004ec       0x1b /usr/lib/gcc/arm-none-eabi/6.2.0/../../../../arm-none-eabi/lib/armv7-m/libg_nano.a(lib_a-memcpy.o)
 .ARM.attributes
                0x0000000000000507       0x2d /usr/lib/gcc/arm-none-eabi/6.2.0/../../../../arm-none-eabi/lib/armv7-m/libg_nano.a(lib_a-memmove.o)
 .ARM.attributes
                0x0000000000000534       0x2d /usr/lib/gcc/arm-none-eabi/6.2.0/../../../../arm-none-eabi/lib/armv7-m/libg_nano.a(lib_a-nano-freer.o)
 .ARM.attributes
                0x0000000000000561       0x2d /usr/lib/gcc/arm-none-eabi/6.2.0/../../../../arm-none-eabi/lib/armv7-m/libg_nano.a(lib_a-nano-mallocr.o)
 .ARM.attributes
                0x000000000000058e       0x2d /usr/lib/gcc/arm-none-eabi/6.2.0/../../../../arm-none-eabi/lib/armv7-m/libg_nano.a(lib_a-nano-reallocr.o)
 .ARM.attributes
                0x00000000000005bb       0x2d /usr/lib/gcc/arm-none-eabi/6.2.0/../../../../arm-none-eabi/lib/armv7-m/libg_nano.a(lib_a-sbrkr.o)
 .ARM.attributes
                0x00000000000005e8       0x2d /usr/lib/gcc/arm-none-eabi/6.2.0/../../../../arm-none-eabi/lib/armv7-m/libg_nano.a(lib_a-nano-msizer.o)

.debug
 *(.debug)

.line
 *(.line)

.debug_srcinfo
 *(.debug_srcinfo)

.debug_sfnames
 *(.debug_sfnames)

.debug_aranges  0x0000000000000000      0x7c0
 *(.debug_aranges)
 .debug_aranges
                0x0000000000000000       0xb0 ./system/src/stm32f1xx/stm32f1xx_hal.o
 .debug_aranges
                0x00000000000000b0       0xb0 ./system/src/stm32f1xx/stm32f1xx_hal_can.o
 .debug_aranges
                0x0000000000000160       0x90 ./system/src/stm32f1xx/stm32f1xx_hal_cortex.o
 .debug_aranges
                0x00000000000001f0       0x58 ./system/src/stm32f1xx/stm32f1xx_hal_gpio.o
 .debug_aranges
                0x0000000000000248       0x88 ./system/src/stm32f1xx/stm32f1xx_hal_rcc.o
 .debug_aranges
                0x00000000000002d0       0x28 ./system/src/newlib/_exit.o
 .debug_aranges
                0x00000000000002f8       0x20 ./system/src/newlib/_sbrk.o
 .debug_aranges
                0x0000000000000318       0x40 ./system/src/newlib/_startup.o
 .debug_aranges
                0x0000000000000358       0x30 ./system/src/newlib/_syscalls.o
 .debug_aranges
                0x0000000000000388       0x38 ./system/src/diag/Trace.o
 .debug_aranges
                0x00000000000003c0       0x30 ./system/src/diag/trace_impl.o
 .debug_aranges
                0x00000000000003f0       0x28 ./system/src/cortexm/_initialize_hardware.o
 .debug_aranges
                0x0000000000000418       0x90 ./system/src/cortexm/exception_handlers.o
 .debug_aranges
                0x00000000000004a8       0x28 ./system/src/cmsis/startup_stm32f103xb.o
 .debug_aranges
                0x00000000000004d0       0x28 ./system/src/cmsis/system_stm32f1xx.o
 .debug_aranges
                0x00000000000004f8       0x58 ./src/main.o
 .debug_aranges
                0x0000000000000550       0x30 ./src/stm32f1xx_hal_msp.o
 .debug_aranges
                0x0000000000000580       0x68 ./src/stm32f1xx_it.o
 .debug_aranges
                0x00000000000005e8       0x20 /usr/lib/gcc/arm-none-eabi/6.2.0/../../../../arm-none-eabi/lib/armv7-m/libg_nano.a(lib_a-errno.o)
 .debug_aranges
                0x0000000000000608       0x18 /usr/lib/gcc/arm-none-eabi/6.2.0/../../../../arm-none-eabi/lib/armv7-m/libg_nano.a(lib_a-impure.o)
 .debug_aranges
                0x0000000000000620       0x20 /usr/lib/gcc/arm-none-eabi/6.2.0/../../../../arm-none-eabi/lib/armv7-m/libg_nano.a(lib_a-strcpy.o)
 .debug_aranges
                0x0000000000000640       0x20 /usr/lib/gcc/arm-none-eabi/6.2.0/../../../../arm-none-eabi/lib/armv7-m/libg_nano.a(lib_a-strlen-stub.o)
 .debug_aranges
                0x0000000000000660       0x20 /usr/lib/gcc/arm-none-eabi/6.2.0/../../../../arm-none-eabi/lib/armv7-m/libg_nano.a(lib_a-vsnprintf.o)
 .debug_aranges
                0x0000000000000680       0x20 /usr/lib/gcc/arm-none-eabi/6.2.0/../../../../arm-none-eabi/lib/armv7-m/libg_nano.a(lib_a-nano-svfprintf.o)
 .debug_aranges
                0x00000000000006a0       0x20 /usr/lib/gcc/arm-none-eabi/6.2.0/../../../../arm-none-eabi/lib/armv7-m/libg_nano.a(lib_a-nano-vfprintf_i.o)
 .debug_aranges
                0x00000000000006c0       0x20 /usr/lib/gcc/arm-none-eabi/6.2.0/../../../../arm-none-eabi/lib/armv7-m/libg_nano.a(lib_a-memchr-stub.o)
 .debug_aranges
                0x00000000000006e0       0x20 /usr/lib/gcc/arm-none-eabi/6.2.0/../../../../arm-none-eabi/lib/armv7-m/libg_nano.a(lib_a-memcpy.o)
 .debug_aranges
                0x0000000000000700       0x20 /usr/lib/gcc/arm-none-eabi/6.2.0/../../../../arm-none-eabi/lib/armv7-m/libg_nano.a(lib_a-memmove.o)
 .debug_aranges
                0x0000000000000720       0x20 /usr/lib/gcc/arm-none-eabi/6.2.0/../../../../arm-none-eabi/lib/armv7-m/libg_nano.a(lib_a-nano-freer.o)
 .debug_aranges
                0x0000000000000740       0x20 /usr/lib/gcc/arm-none-eabi/6.2.0/../../../../arm-none-eabi/lib/armv7-m/libg_nano.a(lib_a-nano-mallocr.o)
 .debug_aranges
                0x0000000000000760       0x20 /usr/lib/gcc/arm-none-eabi/6.2.0/../../../../arm-none-eabi/lib/armv7-m/libg_nano.a(lib_a-nano-reallocr.o)
 .debug_aranges
                0x0000000000000780       0x20 /usr/lib/gcc/arm-none-eabi/6.2.0/../../../../arm-none-eabi/lib/armv7-m/libg_nano.a(lib_a-sbrkr.o)
 .debug_aranges
                0x00000000000007a0       0x20 /usr/lib/gcc/arm-none-eabi/6.2.0/../../../../arm-none-eabi/lib/armv7-m/libg_nano.a(lib_a-nano-msizer.o)

.debug_pubnames
 *(.debug_pubnames)

.debug_info     0x0000000000000000    0x1822e
 *(.debug_info .gnu.linkonce.wi.*)
 .debug_info    0x0000000000000000      0xee3 ./system/src/stm32f1xx/stm32f1xx_hal.o
 .debug_info    0x0000000000000ee3     0x1768 ./system/src/stm32f1xx/stm32f1xx_hal_can.o
 .debug_info    0x000000000000264b     0x1526 ./system/src/stm32f1xx/stm32f1xx_hal_cortex.o
 .debug_info    0x0000000000003b71     0x1049 ./system/src/stm32f1xx/stm32f1xx_hal_gpio.o
 .debug_info    0x0000000000004bba     0x1d59 ./system/src/stm32f1xx/stm32f1xx_hal_rcc.o
 .debug_info    0x0000000000006913      0x947 ./system/src/newlib/_exit.o
 .debug_info    0x000000000000725a      0x933 ./system/src/newlib/_sbrk.o
 .debug_info    0x0000000000007b8d      0x434 ./system/src/newlib/_startup.o
 .debug_info    0x0000000000007fc1      0x9ff ./system/src/newlib/_syscalls.o
 .debug_info    0x00000000000089c0      0xb1a ./system/src/diag/Trace.o
 .debug_info    0x00000000000094da      0x3bc ./system/src/diag/trace_impl.o
 .debug_info    0x0000000000009896      0x301 ./system/src/cortexm/_initialize_hardware.o
 .debug_info    0x0000000000009b97     0x1175 ./system/src/cortexm/exception_handlers.o
 .debug_info    0x000000000000ad0c       0x83 ./system/src/cmsis/startup_stm32f103xb.o
 .debug_info    0x000000000000ad8f      0x3d1 ./system/src/cmsis/system_stm32f1xx.o
 .debug_info    0x000000000000b160     0x189d ./src/main.o
 .debug_info    0x000000000000c9fd     0x128c ./src/stm32f1xx_hal_msp.o
 .debug_info    0x000000000000dc89      0xec8 ./src/stm32f1xx_it.o
 .debug_info    0x000000000000eb51      0x8c7 /usr/lib/gcc/arm-none-eabi/6.2.0/../../../../arm-none-eabi/lib/armv7-m/libg_nano.a(lib_a-errno.o)
 .debug_info    0x000000000000f418      0x8a0 /usr/lib/gcc/arm-none-eabi/6.2.0/../../../../arm-none-eabi/lib/armv7-m/libg_nano.a(lib_a-impure.o)
 .debug_info    0x000000000000fcb8      0x8b3 /usr/lib/gcc/arm-none-eabi/6.2.0/../../../../arm-none-eabi/lib/armv7-m/libg_nano.a(lib_a-strcpy.o)
 .debug_info    0x000000000001056b      0x8b1 /usr/lib/gcc/arm-none-eabi/6.2.0/../../../../arm-none-eabi/lib/armv7-m/libg_nano.a(lib_a-strlen-stub.o)
 .debug_info    0x0000000000010e1c      0xc1c /usr/lib/gcc/arm-none-eabi/6.2.0/../../../../arm-none-eabi/lib/armv7-m/libg_nano.a(lib_a-vsnprintf.o)
 .debug_info    0x0000000000011a38     0x11b2 /usr/lib/gcc/arm-none-eabi/6.2.0/../../../../arm-none-eabi/lib/armv7-m/libg_nano.a(lib_a-nano-svfprintf.o)
 .debug_info    0x0000000000012bea      0xfb4 /usr/lib/gcc/arm-none-eabi/6.2.0/../../../../arm-none-eabi/lib/armv7-m/libg_nano.a(lib_a-nano-vfprintf_i.o)
 .debug_info    0x0000000000013b9e      0x930 /usr/lib/gcc/arm-none-eabi/6.2.0/../../../../arm-none-eabi/lib/armv7-m/libg_nano.a(lib_a-memchr-stub.o)
 .debug_info    0x00000000000144ce       0xbf /usr/lib/gcc/arm-none-eabi/6.2.0/../../../../arm-none-eabi/lib/armv7-m/libg_nano.a(lib_a-memcpy.o)
 .debug_info    0x000000000001458d      0x925 /usr/lib/gcc/arm-none-eabi/6.2.0/../../../../arm-none-eabi/lib/armv7-m/libg_nano.a(lib_a-memmove.o)
 .debug_info    0x0000000000014eb2      0xa51 /usr/lib/gcc/arm-none-eabi/6.2.0/../../../../arm-none-eabi/lib/armv7-m/libg_nano.a(lib_a-nano-freer.o)
 .debug_info    0x0000000000015903      0xb1f /usr/lib/gcc/arm-none-eabi/6.2.0/../../../../arm-none-eabi/lib/armv7-m/libg_nano.a(lib_a-nano-mallocr.o)
 .debug_info    0x0000000000016422      0xac0 /usr/lib/gcc/arm-none-eabi/6.2.0/../../../../arm-none-eabi/lib/armv7-m/libg_nano.a(lib_a-nano-reallocr.o)
 .debug_info    0x0000000000016ee2      0x955 /usr/lib/gcc/arm-none-eabi/6.2.0/../../../../arm-none-eabi/lib/armv7-m/libg_nano.a(lib_a-sbrkr.o)
 .debug_info    0x0000000000017837      0x9f7 /usr/lib/gcc/arm-none-eabi/6.2.0/../../../../arm-none-eabi/lib/armv7-m/libg_nano.a(lib_a-nano-msizer.o)

.debug_abbrev   0x0000000000000000     0x42f9
 *(.debug_abbrev)
 .debug_abbrev  0x0000000000000000      0x32d ./system/src/stm32f1xx/stm32f1xx_hal.o
 .debug_abbrev  0x000000000000032d      0x2d3 ./system/src/stm32f1xx/stm32f1xx_hal_can.o
 .debug_abbrev  0x0000000000000600      0x3a1 ./system/src/stm32f1xx/stm32f1xx_hal_cortex.o
 .debug_abbrev  0x00000000000009a1      0x2d3 ./system/src/stm32f1xx/stm32f1xx_hal_gpio.o
 .debug_abbrev  0x0000000000000c74      0x32f ./system/src/stm32f1xx/stm32f1xx_hal_rcc.o
 .debug_abbrev  0x0000000000000fa3      0x1ea ./system/src/newlib/_exit.o
 .debug_abbrev  0x000000000000118d      0x1f3 ./system/src/newlib/_sbrk.o
 .debug_abbrev  0x0000000000001380      0x1c4 ./system/src/newlib/_startup.o
 .debug_abbrev  0x0000000000001544      0x22b ./system/src/newlib/_syscalls.o
 .debug_abbrev  0x000000000000176f      0x25c ./system/src/diag/Trace.o
 .debug_abbrev  0x00000000000019cb      0x1d3 ./system/src/diag/trace_impl.o
 .debug_abbrev  0x0000000000001b9e       0xea ./system/src/cortexm/_initialize_hardware.o
 .debug_abbrev  0x0000000000001c88      0x320 ./system/src/cortexm/exception_handlers.o
 .debug_abbrev  0x0000000000001fa8       0x12 ./system/src/cmsis/startup_stm32f103xb.o
 .debug_abbrev  0x0000000000001fba      0x132 ./system/src/cmsis/system_stm32f1xx.o
 .debug_abbrev  0x00000000000020ec      0x344 ./src/main.o
 .debug_abbrev  0x0000000000002430      0x254 ./src/stm32f1xx_hal_msp.o
 .debug_abbrev  0x0000000000002684      0x221 ./src/stm32f1xx_it.o
 .debug_abbrev  0x00000000000028a5      0x16f /usr/lib/gcc/arm-none-eabi/6.2.0/../../../../arm-none-eabi/lib/armv7-m/libg_nano.a(lib_a-errno.o)
 .debug_abbrev  0x0000000000002a14      0x153 /usr/lib/gcc/arm-none-eabi/6.2.0/../../../../arm-none-eabi/lib/armv7-m/libg_nano.a(lib_a-impure.o)
 .debug_abbrev  0x0000000000002b67      0x177 /usr/lib/gcc/arm-none-eabi/6.2.0/../../../../arm-none-eabi/lib/armv7-m/libg_nano.a(lib_a-strcpy.o)
 .debug_abbrev  0x0000000000002cde      0x168 /usr/lib/gcc/arm-none-eabi/6.2.0/../../../../arm-none-eabi/lib/armv7-m/libg_nano.a(lib_a-strlen-stub.o)
 .debug_abbrev  0x0000000000002e46      0x242 /usr/lib/gcc/arm-none-eabi/6.2.0/../../../../arm-none-eabi/lib/armv7-m/libg_nano.a(lib_a-vsnprintf.o)
 .debug_abbrev  0x0000000000003088      0x2d7 /usr/lib/gcc/arm-none-eabi/6.2.0/../../../../arm-none-eabi/lib/armv7-m/libg_nano.a(lib_a-nano-svfprintf.o)
 .debug_abbrev  0x000000000000335f      0x27c /usr/lib/gcc/arm-none-eabi/6.2.0/../../../../arm-none-eabi/lib/armv7-m/libg_nano.a(lib_a-nano-vfprintf_i.o)
 .debug_abbrev  0x00000000000035db      0x19c /usr/lib/gcc/arm-none-eabi/6.2.0/../../../../arm-none-eabi/lib/armv7-m/libg_nano.a(lib_a-memchr-stub.o)
 .debug_abbrev  0x0000000000003777       0x14 /usr/lib/gcc/arm-none-eabi/6.2.0/../../../../arm-none-eabi/lib/armv7-m/libg_nano.a(lib_a-memcpy.o)
 .debug_abbrev  0x000000000000378b      0x19c /usr/lib/gcc/arm-none-eabi/6.2.0/../../../../arm-none-eabi/lib/armv7-m/libg_nano.a(lib_a-memmove.o)
 .debug_abbrev  0x0000000000003927      0x1ef /usr/lib/gcc/arm-none-eabi/6.2.0/../../../../arm-none-eabi/lib/armv7-m/libg_nano.a(lib_a-nano-freer.o)
 .debug_abbrev  0x0000000000003b16      0x274 /usr/lib/gcc/arm-none-eabi/6.2.0/../../../../arm-none-eabi/lib/armv7-m/libg_nano.a(lib_a-nano-mallocr.o)
 .debug_abbrev  0x0000000000003d8a      0x1ee /usr/lib/gcc/arm-none-eabi/6.2.0/../../../../arm-none-eabi/lib/armv7-m/libg_nano.a(lib_a-nano-reallocr.o)
 .debug_abbrev  0x0000000000003f78      0x1d6 /usr/lib/gcc/arm-none-eabi/6.2.0/../../../../arm-none-eabi/lib/armv7-m/libg_nano.a(lib_a-sbrkr.o)
 .debug_abbrev  0x000000000000414e      0x1ab /usr/lib/gcc/arm-none-eabi/6.2.0/../../../../arm-none-eabi/lib/armv7-m/libg_nano.a(lib_a-nano-msizer.o)

.debug_line     0x0000000000000000     0x6760
 *(.debug_line)
 .debug_line    0x0000000000000000      0x606 ./system/src/stm32f1xx/stm32f1xx_hal.o
 .debug_line    0x0000000000000606      0x9f5 ./system/src/stm32f1xx/stm32f1xx_hal_can.o
 .debug_line    0x0000000000000ffb      0x692 ./system/src/stm32f1xx/stm32f1xx_hal_cortex.o
 .debug_line    0x000000000000168d      0x750 ./system/src/stm32f1xx/stm32f1xx_hal_gpio.o
 .debug_line    0x0000000000001ddd      0xaf0 ./system/src/stm32f1xx/stm32f1xx_hal_rcc.o
 .debug_line    0x00000000000028cd      0x253 ./system/src/newlib/_exit.o
 .debug_line    0x0000000000002b20      0x208 ./system/src/newlib/_sbrk.o
 .debug_line    0x0000000000002d28      0x2c2 ./system/src/newlib/_startup.o
 .debug_line    0x0000000000002fea      0x2b9 ./system/src/newlib/_syscalls.o
 .debug_line    0x00000000000032a3      0x2b2 ./system/src/diag/Trace.o
 .debug_line    0x0000000000003555      0x36d ./system/src/diag/trace_impl.o
 .debug_line    0x00000000000038c2      0x173 ./system/src/cortexm/_initialize_hardware.o
 .debug_line    0x0000000000003a35      0x417 ./system/src/cortexm/exception_handlers.o
 .debug_line    0x0000000000003e4c       0x86 ./system/src/cmsis/startup_stm32f103xb.o
 .debug_line    0x0000000000003ed2      0x188 ./system/src/cmsis/system_stm32f1xx.o
 .debug_line    0x000000000000405a      0x599 ./src/main.o
 .debug_line    0x00000000000045f3      0x4e1 ./src/stm32f1xx_hal_msp.o
 .debug_line    0x0000000000004ad4      0x545 ./src/stm32f1xx_it.o
 .debug_line    0x0000000000005019       0xf9 /usr/lib/gcc/arm-none-eabi/6.2.0/../../../../arm-none-eabi/lib/armv7-m/libg_nano.a(lib_a-errno.o)
 .debug_line    0x0000000000005112       0xde /usr/lib/gcc/arm-none-eabi/6.2.0/../../../../arm-none-eabi/lib/armv7-m/libg_nano.a(lib_a-impure.o)
 .debug_line    0x00000000000051f0      0x13a /usr/lib/gcc/arm-none-eabi/6.2.0/../../../../arm-none-eabi/lib/armv7-m/libg_nano.a(lib_a-strcpy.o)
 .debug_line    0x000000000000532a      0x13f /usr/lib/gcc/arm-none-eabi/6.2.0/../../../../arm-none-eabi/lib/armv7-m/libg_nano.a(lib_a-strlen-stub.o)
 .debug_line    0x0000000000005469      0x1bc /usr/lib/gcc/arm-none-eabi/6.2.0/../../../../arm-none-eabi/lib/armv7-m/libg_nano.a(lib_a-vsnprintf.o)
 .debug_line    0x0000000000005625      0x37b /usr/lib/gcc/arm-none-eabi/6.2.0/../../../../arm-none-eabi/lib/armv7-m/libg_nano.a(lib_a-nano-svfprintf.o)
 .debug_line    0x00000000000059a0      0x387 /usr/lib/gcc/arm-none-eabi/6.2.0/../../../../arm-none-eabi/lib/armv7-m/libg_nano.a(lib_a-nano-vfprintf_i.o)
 .debug_line    0x0000000000005d27      0x173 /usr/lib/gcc/arm-none-eabi/6.2.0/../../../../arm-none-eabi/lib/armv7-m/libg_nano.a(lib_a-memchr-stub.o)
 .debug_line    0x0000000000005e9a       0xbb /usr/lib/gcc/arm-none-eabi/6.2.0/../../../../arm-none-eabi/lib/armv7-m/libg_nano.a(lib_a-memcpy.o)
 .debug_line    0x0000000000005f55      0x172 /usr/lib/gcc/arm-none-eabi/6.2.0/../../../../arm-none-eabi/lib/armv7-m/libg_nano.a(lib_a-memmove.o)
 .debug_line    0x00000000000060c7      0x155 /usr/lib/gcc/arm-none-eabi/6.2.0/../../../../arm-none-eabi/lib/armv7-m/libg_nano.a(lib_a-nano-freer.o)
 .debug_line    0x000000000000621c      0x191 /usr/lib/gcc/arm-none-eabi/6.2.0/../../../../arm-none-eabi/lib/armv7-m/libg_nano.a(lib_a-nano-mallocr.o)
 .debug_line    0x00000000000063ad      0x168 /usr/lib/gcc/arm-none-eabi/6.2.0/../../../../arm-none-eabi/lib/armv7-m/libg_nano.a(lib_a-nano-reallocr.o)
 .debug_line    0x0000000000006515      0x147 /usr/lib/gcc/arm-none-eabi/6.2.0/../../../../arm-none-eabi/lib/armv7-m/libg_nano.a(lib_a-sbrkr.o)
 .debug_line    0x000000000000665c      0x104 /usr/lib/gcc/arm-none-eabi/6.2.0/../../../../arm-none-eabi/lib/armv7-m/libg_nano.a(lib_a-nano-msizer.o)

.debug_frame    0x0000000000000000      0xff4
 *(.debug_frame)
 .debug_frame   0x0000000000000000      0x168 ./system/src/stm32f1xx/stm32f1xx_hal.o
 .debug_frame   0x0000000000000168      0x1dc ./system/src/stm32f1xx/stm32f1xx_hal_can.o
 .debug_frame   0x0000000000000344      0x144 ./system/src/stm32f1xx/stm32f1xx_hal_cortex.o
 .debug_frame   0x0000000000000488       0xfc ./system/src/stm32f1xx/stm32f1xx_hal_gpio.o
 .debug_frame   0x0000000000000584      0x170 ./system/src/stm32f1xx/stm32f1xx_hal_rcc.o
 .debug_frame   0x00000000000006f4       0x38 ./system/src/newlib/_exit.o
 .debug_frame   0x000000000000072c       0x28 ./system/src/newlib/_sbrk.o
 .debug_frame   0x0000000000000754       0x7c ./system/src/newlib/_startup.o
 .debug_frame   0x00000000000007d0       0x50 ./system/src/newlib/_syscalls.o
 .debug_frame   0x0000000000000820       0x94 ./system/src/diag/Trace.o
 .debug_frame   0x00000000000008b4       0x64 ./system/src/diag/trace_impl.o
 .debug_frame   0x0000000000000918       0x40 ./system/src/cortexm/_initialize_hardware.o
 .debug_frame   0x0000000000000958      0x158 ./system/src/cortexm/exception_handlers.o
 .debug_frame   0x0000000000000ab0       0x30 ./system/src/cmsis/system_stm32f1xx.o
 .debug_frame   0x0000000000000ae0       0xdc ./src/main.o
 .debug_frame   0x0000000000000bbc       0x64 ./src/stm32f1xx_hal_msp.o
 .debug_frame   0x0000000000000c20       0xc0 ./src/stm32f1xx_it.o
 .debug_frame   0x0000000000000ce0       0x20 /usr/lib/gcc/arm-none-eabi/6.2.0/../../../../arm-none-eabi/lib/armv7-m/libg_nano.a(lib_a-errno.o)
 .debug_frame   0x0000000000000d00       0x20 /usr/lib/gcc/arm-none-eabi/6.2.0/../../../../arm-none-eabi/lib/armv7-m/libg_nano.a(lib_a-strcpy.o)
 .debug_frame   0x0000000000000d20       0x20 /usr/lib/gcc/arm-none-eabi/6.2.0/../../../../arm-none-eabi/lib/armv7-m/libg_nano.a(lib_a-strlen-stub.o)
 .debug_frame   0x0000000000000d40       0x60 /usr/lib/gcc/arm-none-eabi/6.2.0/../../../../arm-none-eabi/lib/armv7-m/libg_nano.a(lib_a-vsnprintf.o)
 .debug_frame   0x0000000000000da0       0x98 /usr/lib/gcc/arm-none-eabi/6.2.0/../../../../arm-none-eabi/lib/armv7-m/libg_nano.a(lib_a-nano-svfprintf.o)
 .debug_frame   0x0000000000000e38       0x68 /usr/lib/gcc/arm-none-eabi/6.2.0/../../../../arm-none-eabi/lib/armv7-m/libg_nano.a(lib_a-nano-vfprintf_i.o)
 .debug_frame   0x0000000000000ea0       0x34 /usr/lib/gcc/arm-none-eabi/6.2.0/../../../../arm-none-eabi/lib/armv7-m/libg_nano.a(lib_a-memchr-stub.o)
 .debug_frame   0x0000000000000ed4       0x30 /usr/lib/gcc/arm-none-eabi/6.2.0/../../../../arm-none-eabi/lib/armv7-m/libg_nano.a(lib_a-memmove.o)
 .debug_frame   0x0000000000000f04       0x40 /usr/lib/gcc/arm-none-eabi/6.2.0/../../../../arm-none-eabi/lib/armv7-m/libg_nano.a(lib_a-nano-freer.o)
 .debug_frame   0x0000000000000f44       0x2c /usr/lib/gcc/arm-none-eabi/6.2.0/../../../../arm-none-eabi/lib/armv7-m/libg_nano.a(lib_a-nano-mallocr.o)
 .debug_frame   0x0000000000000f70       0x38 /usr/lib/gcc/arm-none-eabi/6.2.0/../../../../arm-none-eabi/lib/armv7-m/libg_nano.a(lib_a-nano-reallocr.o)
 .debug_frame   0x0000000000000fa8       0x2c /usr/lib/gcc/arm-none-eabi/6.2.0/../../../../arm-none-eabi/lib/armv7-m/libg_nano.a(lib_a-sbrkr.o)
 .debug_frame   0x0000000000000fd4       0x20 /usr/lib/gcc/arm-none-eabi/6.2.0/../../../../arm-none-eabi/lib/armv7-m/libg_nano.a(lib_a-nano-msizer.o)

.debug_str      0x0000000000000000    0x89f1e
 *(.debug_str)
 .debug_str     0x0000000000000000    0x856d8 ./system/src/stm32f1xx/stm32f1xx_hal.o
                                      0x85c52 (size before relaxing)
 .debug_str     0x00000000000856d8      0x5eb ./system/src/stm32f1xx/stm32f1xx_hal_can.o
                                      0x85bbe (size before relaxing)
 .debug_str     0x0000000000085cc3      0x287 ./system/src/stm32f1xx/stm32f1xx_hal_cortex.o
                                      0x85c4c (size before relaxing)
 .debug_str     0x0000000000085f4a      0x452 ./system/src/stm32f1xx/stm32f1xx_hal_gpio.o
                                      0x85a38 (size before relaxing)
 .debug_str     0x000000000008639c      0x3aa ./system/src/stm32f1xx/stm32f1xx_hal_rcc.o
                                      0x85a65 (size before relaxing)
 .debug_str     0x0000000000086746     0x10e6 ./system/src/newlib/_exit.o
                                       0x6f1b (size before relaxing)
 .debug_str     0x000000000008782c      0x4f5 ./system/src/newlib/_sbrk.o
                                       0x62e6 (size before relaxing)
 .debug_str     0x0000000000087d21      0x260 ./system/src/newlib/_startup.o
                                       0x5a93 (size before relaxing)
 .debug_str     0x0000000000087f81      0xd7b ./system/src/newlib/_syscalls.o
                                       0x70b8 (size before relaxing)
 .debug_str     0x0000000000088cfc      0x188 ./system/src/diag/Trace.o
                                       0x76e4 (size before relaxing)
 .debug_str     0x0000000000088e84      0x37b ./system/src/diag/trace_impl.o
                                      0x5d76b (size before relaxing)
 .debug_str     0x00000000000891ff       0x5e ./system/src/cortexm/_initialize_hardware.o
                                      0x59cc3 (size before relaxing)
 .debug_str     0x000000000008925d      0x19d ./system/src/cortexm/exception_handlers.o
                                      0x5e8fd (size before relaxing)
 .debug_str     0x00000000000893fa       0x4d ./system/src/cmsis/system_stm32f1xx.o
                                      0x59ceb (size before relaxing)
 .debug_str     0x0000000000089447       0xd6 ./src/main.o
                                      0x85f67 (size before relaxing)
 .debug_str     0x000000000008951d       0x1b ./src/stm32f1xx_hal_msp.o
                                      0x85be2 (size before relaxing)
 .debug_str     0x0000000000089538       0x28 ./src/stm32f1xx_it.o
                                      0x858d7 (size before relaxing)
 .debug_str     0x0000000000089560      0x14b /usr/lib/gcc/arm-none-eabi/6.2.0/../../../../arm-none-eabi/lib/armv7-m/libg_nano.a(lib_a-errno.o)
                                        0x5a1 (size before relaxing)
 .debug_str     0x00000000000896ab       0x8f /usr/lib/gcc/arm-none-eabi/6.2.0/../../../../arm-none-eabi/lib/armv7-m/libg_nano.a(lib_a-impure.o)
                                        0x58f (size before relaxing)
 .debug_str     0x000000000008973a       0x92 /usr/lib/gcc/arm-none-eabi/6.2.0/../../../../arm-none-eabi/lib/armv7-m/libg_nano.a(lib_a-strcpy.o)
                                        0x599 (size before relaxing)
 .debug_str     0x00000000000897cc       0x3b /usr/lib/gcc/arm-none-eabi/6.2.0/../../../../arm-none-eabi/lib/armv7-m/libg_nano.a(lib_a-strlen-stub.o)
                                        0x5a5 (size before relaxing)
 .debug_str     0x0000000000089807      0x182 /usr/lib/gcc/arm-none-eabi/6.2.0/../../../../arm-none-eabi/lib/armv7-m/libg_nano.a(lib_a-vsnprintf.o)
                                        0x733 (size before relaxing)
 .debug_str     0x0000000000089989      0x228 /usr/lib/gcc/arm-none-eabi/6.2.0/../../../../arm-none-eabi/lib/armv7-m/libg_nano.a(lib_a-nano-svfprintf.o)
                                        0x8fe (size before relaxing)
 .debug_str     0x0000000000089bb1       0x8e /usr/lib/gcc/arm-none-eabi/6.2.0/../../../../arm-none-eabi/lib/armv7-m/libg_nano.a(lib_a-nano-vfprintf_i.o)
                                        0x89d (size before relaxing)
 .debug_str     0x0000000000089c3f       0x55 /usr/lib/gcc/arm-none-eabi/6.2.0/../../../../arm-none-eabi/lib/armv7-m/libg_nano.a(lib_a-memchr-stub.o)
                                        0x5bf (size before relaxing)
 .debug_str     0x0000000000089c94       0xa7 /usr/lib/gcc/arm-none-eabi/6.2.0/../../../../arm-none-eabi/lib/armv7-m/libg_nano.a(lib_a-memmove.o)
                                        0x5c6 (size before relaxing)
 .debug_str     0x0000000000089d3b      0x153 /usr/lib/gcc/arm-none-eabi/6.2.0/../../../../arm-none-eabi/lib/armv7-m/libg_nano.a(lib_a-nano-freer.o)
                                        0x6a1 (size before relaxing)
 .debug_str     0x0000000000089e8e       0x32 /usr/lib/gcc/arm-none-eabi/6.2.0/../../../../arm-none-eabi/lib/armv7-m/libg_nano.a(lib_a-nano-mallocr.o)
                                        0x6b8 (size before relaxing)
 .debug_str     0x0000000000089ec0       0x23 /usr/lib/gcc/arm-none-eabi/6.2.0/../../../../arm-none-eabi/lib/armv7-m/libg_nano.a(lib_a-nano-reallocr.o)
                                        0x6bc (size before relaxing)
 .debug_str     0x0000000000089ee3       0x2c /usr/lib/gcc/arm-none-eabi/6.2.0/../../../../arm-none-eabi/lib/armv7-m/libg_nano.a(lib_a-sbrkr.o)
                                        0x5d2 (size before relaxing)
 .debug_str     0x0000000000089f0f        0xf /usr/lib/gcc/arm-none-eabi/6.2.0/../../../../arm-none-eabi/lib/armv7-m/libg_nano.a(lib_a-nano-msizer.o)
                                        0x69a (size before relaxing)

.debug_loc      0x0000000000000000     0x3fe5
 *(.debug_loc)
 .debug_loc     0x0000000000000000       0x81 ./system/src/stm32f1xx/stm32f1xx_hal.o
 .debug_loc     0x0000000000000081      0x5e5 ./system/src/stm32f1xx/stm32f1xx_hal_can.o
 .debug_loc     0x0000000000000666      0x6cd ./system/src/stm32f1xx/stm32f1xx_hal_cortex.o
 .debug_loc     0x0000000000000d33      0x577 ./system/src/stm32f1xx/stm32f1xx_hal_gpio.o
 .debug_loc     0x00000000000012aa      0x923 ./system/src/stm32f1xx/stm32f1xx_hal_rcc.o
 .debug_loc     0x0000000000001bcd       0x85 ./system/src/newlib/_sbrk.o
 .debug_loc     0x0000000000001c52      0x19e ./system/src/newlib/_startup.o
 .debug_loc     0x0000000000001df0       0x63 ./system/src/newlib/_syscalls.o
 .debug_loc     0x0000000000001e53       0xf6 ./system/src/diag/Trace.o
 .debug_loc     0x0000000000001f49      0x121 ./system/src/diag/trace_impl.o
 .debug_loc     0x000000000000206a      0x291 ./system/src/cortexm/exception_handlers.o
 .debug_loc     0x00000000000022fb       0xdf ./system/src/cmsis/system_stm32f1xx.o
 .debug_loc     0x00000000000023da       0x80 ./src/main.o
 .debug_loc     0x000000000000245a       0x5b ./src/stm32f1xx_hal_msp.o
 .debug_loc     0x00000000000024b5       0x21 /usr/lib/gcc/arm-none-eabi/6.2.0/../../../../arm-none-eabi/lib/armv7-m/libg_nano.a(lib_a-strcpy.o)
 .debug_loc     0x00000000000024d6       0x21 /usr/lib/gcc/arm-none-eabi/6.2.0/../../../../arm-none-eabi/lib/armv7-m/libg_nano.a(lib_a-strlen-stub.o)
 .debug_loc     0x00000000000024f7      0x21f /usr/lib/gcc/arm-none-eabi/6.2.0/../../../../arm-none-eabi/lib/armv7-m/libg_nano.a(lib_a-vsnprintf.o)
 .debug_loc     0x0000000000002716      0x6cb /usr/lib/gcc/arm-none-eabi/6.2.0/../../../../arm-none-eabi/lib/armv7-m/libg_nano.a(lib_a-nano-svfprintf.o)
 .debug_loc     0x0000000000002de1      0x67f /usr/lib/gcc/arm-none-eabi/6.2.0/../../../../arm-none-eabi/lib/armv7-m/libg_nano.a(lib_a-nano-vfprintf_i.o)
 .debug_loc     0x0000000000003460      0x202 /usr/lib/gcc/arm-none-eabi/6.2.0/../../../../arm-none-eabi/lib/armv7-m/libg_nano.a(lib_a-memchr-stub.o)
 .debug_loc     0x0000000000003662      0x281 /usr/lib/gcc/arm-none-eabi/6.2.0/../../../../arm-none-eabi/lib/armv7-m/libg_nano.a(lib_a-memmove.o)
 .debug_loc     0x00000000000038e3      0x140 /usr/lib/gcc/arm-none-eabi/6.2.0/../../../../arm-none-eabi/lib/armv7-m/libg_nano.a(lib_a-nano-freer.o)
 .debug_loc     0x0000000000003a23      0x378 /usr/lib/gcc/arm-none-eabi/6.2.0/../../../../arm-none-eabi/lib/armv7-m/libg_nano.a(lib_a-nano-mallocr.o)
 .debug_loc     0x0000000000003d9b      0x185 /usr/lib/gcc/arm-none-eabi/6.2.0/../../../../arm-none-eabi/lib/armv7-m/libg_nano.a(lib_a-nano-reallocr.o)
 .debug_loc     0x0000000000003f20       0x4d /usr/lib/gcc/arm-none-eabi/6.2.0/../../../../arm-none-eabi/lib/armv7-m/libg_nano.a(lib_a-sbrkr.o)
 .debug_loc     0x0000000000003f6d       0x78 /usr/lib/gcc/arm-none-eabi/6.2.0/../../../../arm-none-eabi/lib/armv7-m/libg_nano.a(lib_a-nano-msizer.o)

.debug_macinfo
 *(.debug_macinfo)

.debug_weaknames
 *(.debug_weaknames)

.debug_funcnames
 *(.debug_funcnames)

.debug_typenames
 *(.debug_typenames)

.debug_varnames
 *(.debug_varnames)
OUTPUT(CAN_Test.elf elf32-littlearm)

.debug_ranges   0x0000000000000000      0x6e0
 .debug_ranges  0x0000000000000000       0xa0 ./system/src/stm32f1xx/stm32f1xx_hal.o
 .debug_ranges  0x00000000000000a0       0xa0 ./system/src/stm32f1xx/stm32f1xx_hal_can.o
 .debug_ranges  0x0000000000000140       0xe0 ./system/src/stm32f1xx/stm32f1xx_hal_cortex.o
 .debug_ranges  0x0000000000000220       0x48 ./system/src/stm32f1xx/stm32f1xx_hal_gpio.o
 .debug_ranges  0x0000000000000268       0x78 ./system/src/stm32f1xx/stm32f1xx_hal_rcc.o
 .debug_ranges  0x00000000000002e0       0x18 ./system/src/newlib/_exit.o
 .debug_ranges  0x00000000000002f8       0x10 ./system/src/newlib/_sbrk.o
 .debug_ranges  0x0000000000000308       0x78 ./system/src/newlib/_startup.o
 .debug_ranges  0x0000000000000380       0x20 ./system/src/newlib/_syscalls.o
 .debug_ranges  0x00000000000003a0       0x28 ./system/src/diag/Trace.o
 .debug_ranges  0x00000000000003c8       0x38 ./system/src/diag/trace_impl.o
 .debug_ranges  0x0000000000000400       0x18 ./system/src/cortexm/_initialize_hardware.o
 .debug_ranges  0x0000000000000418       0x80 ./system/src/cortexm/exception_handlers.o
 .debug_ranges  0x0000000000000498       0x20 ./system/src/cmsis/startup_stm32f103xb.o
 .debug_ranges  0x00000000000004b8       0x18 ./system/src/cmsis/system_stm32f1xx.o
 .debug_ranges  0x00000000000004d0       0x48 ./src/main.o
 .debug_ranges  0x0000000000000518       0x20 ./src/stm32f1xx_hal_msp.o
 .debug_ranges  0x0000000000000538       0x58 ./src/stm32f1xx_it.o
 .debug_ranges  0x0000000000000590       0x10 /usr/lib/gcc/arm-none-eabi/6.2.0/../../../../arm-none-eabi/lib/armv7-m/libg_nano.a(lib_a-strcpy.o)
 .debug_ranges  0x00000000000005a0       0x10 /usr/lib/gcc/arm-none-eabi/6.2.0/../../../../arm-none-eabi/lib/armv7-m/libg_nano.a(lib_a-strlen-stub.o)
 .debug_ranges  0x00000000000005b0       0x40 /usr/lib/gcc/arm-none-eabi/6.2.0/../../../../arm-none-eabi/lib/armv7-m/libg_nano.a(lib_a-nano-svfprintf.o)
 .debug_ranges  0x00000000000005f0       0xb0 /usr/lib/gcc/arm-none-eabi/6.2.0/../../../../arm-none-eabi/lib/armv7-m/libg_nano.a(lib_a-nano-vfprintf_i.o)
 .debug_ranges  0x00000000000006a0       0x40 /usr/lib/gcc/arm-none-eabi/6.2.0/../../../../arm-none-eabi/lib/armv7-m/libg_nano.a(lib_a-nano-mallocr.o)

.debug_macro    0x0000000000000000    0x19348
 .debug_macro   0x0000000000000000      0x2ba ./system/src/stm32f1xx/stm32f1xx_hal.o
 .debug_macro   0x00000000000002ba      0x8c8 ./system/src/stm32f1xx/stm32f1xx_hal.o
 .debug_macro   0x0000000000000b82       0x16 ./system/src/stm32f1xx/stm32f1xx_hal.o
 .debug_macro   0x0000000000000b98      0x155 ./system/src/stm32f1xx/stm32f1xx_hal.o
 .debug_macro   0x0000000000000ced       0x2e ./system/src/stm32f1xx/stm32f1xx_hal.o
 .debug_macro   0x0000000000000d1b       0x22 ./system/src/stm32f1xx/stm32f1xx_hal.o
 .debug_macro   0x0000000000000d3d      0x34e ./system/src/stm32f1xx/stm32f1xx_hal.o
 .debug_macro   0x000000000000108b       0x34 ./system/src/stm32f1xx/stm32f1xx_hal.o
 .debug_macro   0x00000000000010bf       0x34 ./system/src/stm32f1xx/stm32f1xx_hal.o
 .debug_macro   0x00000000000010f3      0xb8e ./system/src/stm32f1xx/stm32f1xx_hal.o
 .debug_macro   0x0000000000001c81     0xf2f7 ./system/src/stm32f1xx/stm32f1xx_hal.o
 .debug_macro   0x0000000000010f78       0x43 ./system/src/stm32f1xx/stm32f1xx_hal.o
 .debug_macro   0x0000000000010fbb     0x3383 ./system/src/stm32f1xx/stm32f1xx_hal.o
 .debug_macro   0x000000000001433e       0x22 ./system/src/stm32f1xx/stm32f1xx_hal.o
 .debug_macro   0x0000000000014360       0x46 ./system/src/stm32f1xx/stm32f1xx_hal.o
 .debug_macro   0x00000000000143a6       0x8d ./system/src/stm32f1xx/stm32f1xx_hal.o
 .debug_macro   0x0000000000014433       0x35 ./system/src/stm32f1xx/stm32f1xx_hal.o
 .debug_macro   0x0000000000014468       0x9c ./system/src/stm32f1xx/stm32f1xx_hal.o
 .debug_macro   0x0000000000014504       0x16 ./system/src/stm32f1xx/stm32f1xx_hal.o
 .debug_macro   0x000000000001451a       0x4a ./system/src/stm32f1xx/stm32f1xx_hal.o
 .debug_macro   0x0000000000014564       0x97 ./system/src/stm32f1xx/stm32f1xx_hal.o
 .debug_macro   0x00000000000145fb      0x30d ./system/src/stm32f1xx/stm32f1xx_hal.o
 .debug_macro   0x0000000000014908       0xfd ./system/src/stm32f1xx/stm32f1xx_hal.o
 .debug_macro   0x0000000000014a05       0x10 ./system/src/stm32f1xx/stm32f1xx_hal.o
 .debug_macro   0x0000000000014a15       0x52 ./system/src/stm32f1xx/stm32f1xx_hal.o
 .debug_macro   0x0000000000014a67       0x16 ./system/src/stm32f1xx/stm32f1xx_hal.o
 .debug_macro   0x0000000000014a7d       0x43 ./system/src/stm32f1xx/stm32f1xx_hal.o
 .debug_macro   0x0000000000014ac0      0x187 ./system/src/stm32f1xx/stm32f1xx_hal.o
 .debug_macro   0x0000000000014c47       0x22 ./system/src/stm32f1xx/stm32f1xx_hal.o
 .debug_macro   0x0000000000014c69       0x22 ./system/src/stm32f1xx/stm32f1xx_hal.o
 .debug_macro   0x0000000000014c8b       0x3a ./system/src/stm32f1xx/stm32f1xx_hal.o
 .debug_macro   0x0000000000014cc5       0x10 ./system/src/stm32f1xx/stm32f1xx_hal.o
 .debug_macro   0x0000000000014cd5       0x40 ./system/src/stm32f1xx/stm32f1xx_hal.o
 .debug_macro   0x0000000000014d15       0x6c ./system/src/stm32f1xx/stm32f1xx_hal.o
 .debug_macro   0x0000000000014d81       0x16 ./system/src/stm32f1xx/stm32f1xx_hal.o
 .debug_macro   0x0000000000014d97      0x182 ./system/src/stm32f1xx/stm32f1xx_hal.o
 .debug_macro   0x0000000000014f19       0x57 ./system/src/stm32f1xx/stm32f1xx_hal.o
 .debug_macro   0x0000000000014f70      0x778 ./system/src/stm32f1xx/stm32f1xx_hal.o
 .debug_macro   0x00000000000156e8      0x28b ./system/src/stm32f1xx/stm32f1xx_hal.o
 .debug_macro   0x0000000000015973      0x141 ./system/src/stm32f1xx/stm32f1xx_hal.o
 .debug_macro   0x0000000000015ab4      0x197 ./system/src/stm32f1xx/stm32f1xx_hal.o
 .debug_macro   0x0000000000015c4b      0x1ae ./system/src/stm32f1xx/stm32f1xx_hal.o
 .debug_macro   0x0000000000015df9       0x2d ./system/src/stm32f1xx/stm32f1xx_hal.o
 .debug_macro   0x0000000000015e26       0x3c ./system/src/stm32f1xx/stm32f1xx_hal.o
 .debug_macro   0x0000000000015e62      0x401 ./system/src/stm32f1xx/stm32f1xx_hal.o
 .debug_macro   0x0000000000016263       0x10 ./system/src/stm32f1xx/stm32f1xx_hal.o
 .debug_macro   0x0000000000016273       0x57 ./system/src/stm32f1xx/stm32f1xx_hal.o
 .debug_macro   0x00000000000162ca       0x8c ./system/src/stm32f1xx/stm32f1xx_hal.o
 .debug_macro   0x0000000000016356      0x242 ./system/src/stm32f1xx/stm32f1xx_hal.o
 .debug_macro   0x0000000000016598      0x143 ./system/src/stm32f1xx/stm32f1xx_hal.o
 .debug_macro   0x00000000000166db       0x7c ./system/src/stm32f1xx/stm32f1xx_hal.o
 .debug_macro   0x0000000000016757      0x2c5 ./system/src/stm32f1xx/stm32f1xx_hal_can.o
 .debug_macro   0x0000000000016a1c      0x296 ./system/src/stm32f1xx/stm32f1xx_hal_cortex.o
 .debug_macro   0x0000000000016cb2      0x306 ./system/src/stm32f1xx/stm32f1xx_hal_gpio.o
 .debug_macro   0x0000000000016fb8      0x2ba ./system/src/stm32f1xx/stm32f1xx_hal_rcc.o
 .debug_macro   0x0000000000017272      0x182 ./system/src/newlib/_exit.o
 .debug_macro   0x00000000000173f4      0x10e ./system/src/newlib/_exit.o
 .debug_macro   0x0000000000017502       0x8d ./system/src/newlib/_exit.o
 .debug_macro   0x000000000001758f       0x35 ./system/src/newlib/_exit.o
 .debug_macro   0x00000000000175c4      0x137 ./system/src/newlib/_sbrk.o
 .debug_macro   0x00000000000176fb      0x174 ./system/src/newlib/_sbrk.o
 .debug_macro   0x000000000001786f       0x10 ./system/src/newlib/_sbrk.o
 .debug_macro   0x000000000001787f      0x23b ./system/src/newlib/_sbrk.o
 .debug_macro   0x0000000000017aba      0x141 ./system/src/newlib/_startup.o
 .debug_macro   0x0000000000017bfb      0x1b2 ./system/src/newlib/_syscalls.o
 .debug_macro   0x0000000000017dad       0x1c ./system/src/newlib/_syscalls.o
 .debug_macro   0x0000000000017dc9       0x10 ./system/src/newlib/_syscalls.o
 .debug_macro   0x0000000000017dd9       0x10 ./system/src/newlib/_syscalls.o
 .debug_macro   0x0000000000017de9       0x10 ./system/src/newlib/_syscalls.o
 .debug_macro   0x0000000000017df9       0x35 ./system/src/newlib/_syscalls.o
 .debug_macro   0x0000000000017e2e      0x122 ./system/src/newlib/_syscalls.o
 .debug_macro   0x0000000000017f50       0x88 ./system/src/newlib/_syscalls.o
 .debug_macro   0x0000000000017fd8      0x10c ./system/src/newlib/_syscalls.o
 .debug_macro   0x00000000000180e4      0x159 ./system/src/newlib/_syscalls.o
 .debug_macro   0x000000000001823d       0x16 ./system/src/newlib/_syscalls.o
 .debug_macro   0x0000000000018253      0x1af ./system/src/diag/Trace.o
 .debug_macro   0x0000000000018402       0x52 ./system/src/diag/Trace.o
 .debug_macro   0x0000000000018454       0x16 ./system/src/diag/Trace.o
 .debug_macro   0x000000000001846a      0x1c7 ./system/src/diag/trace_impl.o
 .debug_macro   0x0000000000018631       0x10 ./system/src/diag/trace_impl.o
 .debug_macro   0x0000000000018641       0xcf ./system/src/diag/trace_impl.o
 .debug_macro   0x0000000000018710       0x19 ./system/src/diag/trace_impl.o
 .debug_macro   0x0000000000018729       0xbe ./system/src/diag/trace_impl.o
 .debug_macro   0x00000000000187e7       0x22 ./system/src/diag/trace_impl.o
 .debug_macro   0x0000000000018809       0x8a ./system/src/cortexm/_initialize_hardware.o
 .debug_macro   0x0000000000018893      0x1fd ./system/src/cortexm/exception_handlers.o
 .debug_macro   0x0000000000018a90       0x3a ./system/src/cortexm/exception_handlers.o
 .debug_macro   0x0000000000018aca       0x10 ./system/src/cortexm/exception_handlers.o
 .debug_macro   0x0000000000018ada       0x8c ./system/src/cmsis/system_stm32f1xx.o
 .debug_macro   0x0000000000018b66      0x2ac ./src/main.o
 .debug_macro   0x0000000000018e12      0x296 ./src/stm32f1xx_hal_msp.o
 .debug_macro   0x00000000000190a8      0x2a0 ./src/stm32f1xx_it.o
