Archive member included to satisfy reference by file (symbol)

/usr/lib/gcc/arm-none-eabi/6.2.0/armv7-m/libgcc.a(_lshrdi3.o)
                              ./system/src/stm32f1xx/stm32f1xx_hal_flash.o (__aeabi_llsr)
/usr/lib/gcc/arm-none-eabi/6.2.0/../../../../arm-none-eabi/lib/armv7-m/libg_nano.a(lib_a-errno.o)
                              ./system/src/newlib/_sbrk.o (__errno)
/usr/lib/gcc/arm-none-eabi/6.2.0/../../../../arm-none-eabi/lib/armv7-m/libg_nano.a(lib_a-impure.o)
                              /usr/lib/gcc/arm-none-eabi/6.2.0/../../../../arm-none-eabi/lib/armv7-m/libg_nano.a(lib_a-errno.o) (_impure_ptr)
/usr/lib/gcc/arm-none-eabi/6.2.0/../../../../arm-none-eabi/lib/armv7-m/libg_nano.a(lib_a-init.o)
                              ./system/src/cmsis/startup_stm32f103xb.o (__libc_init_array)
/usr/lib/gcc/arm-none-eabi/6.2.0/../../../../arm-none-eabi/lib/armv7-m/libg_nano.a(lib_a-memset.o)
                              ./system/src/stm32f1xx/stm32f1xx_hal_rcc.o (memset)
/usr/lib/gcc/arm-none-eabi/6.2.0/../../../../arm-none-eabi/lib/armv7-m/libg_nano.a(lib_a-strcpy.o)
                              ./src/main.o (strcpy)
/usr/lib/gcc/arm-none-eabi/6.2.0/../../../../arm-none-eabi/lib/armv7-m/libg_nano.a(lib_a-strlen-stub.o)
                              ./src/main.o (strlen)

Allocating common symbols
Common symbol       size              file

errno               0x4               ./system/src/newlib/_syscalls.o
hcan                0x40              ./src/main.o
pFlash              0x20              ./system/src/stm32f1xx/stm32f1xx_hal_flash.o

Discarded input sections

 .text          0x0000000000000000        0x0 ./system/src/stm32f1xx/stm32f1xx_hal.o
 .data          0x0000000000000000        0x0 ./system/src/stm32f1xx/stm32f1xx_hal.o
 .bss           0x0000000000000000        0x0 ./system/src/stm32f1xx/stm32f1xx_hal.o
 .text.HAL_MspInit
                0x0000000000000000        0x2 ./system/src/stm32f1xx/stm32f1xx_hal.o
 .text.HAL_MspDeInit
                0x0000000000000000        0x2 ./system/src/stm32f1xx/stm32f1xx_hal.o
 .text.HAL_DeInit
                0x0000000000000000       0x20 ./system/src/stm32f1xx/stm32f1xx_hal.o
 .text.HAL_SuspendTick
                0x0000000000000000       0x10 ./system/src/stm32f1xx/stm32f1xx_hal.o
 .text.HAL_ResumeTick
                0x0000000000000000       0x10 ./system/src/stm32f1xx/stm32f1xx_hal.o
 .text.HAL_GetHalVersion
                0x0000000000000000        0x8 ./system/src/stm32f1xx/stm32f1xx_hal.o
 .text.HAL_GetREVID
                0x0000000000000000       0x1c ./system/src/stm32f1xx/stm32f1xx_hal.o
 .text.HAL_GetDEVID
                0x0000000000000000       0x10 ./system/src/stm32f1xx/stm32f1xx_hal.o
 .text.HAL_DBGMCU_EnableDBGSleepMode
                0x0000000000000000       0x10 ./system/src/stm32f1xx/stm32f1xx_hal.o
 .text.HAL_DBGMCU_DisableDBGSleepMode
                0x0000000000000000       0x10 ./system/src/stm32f1xx/stm32f1xx_hal.o
 .text.HAL_DBGMCU_EnableDBGStopMode
                0x0000000000000000       0x10 ./system/src/stm32f1xx/stm32f1xx_hal.o
 .text.HAL_DBGMCU_DisableDBGStopMode
                0x0000000000000000       0x10 ./system/src/stm32f1xx/stm32f1xx_hal.o
 .text.HAL_DBGMCU_EnableDBGStandbyMode
                0x0000000000000000       0x10 ./system/src/stm32f1xx/stm32f1xx_hal.o
 .text.HAL_DBGMCU_DisableDBGStandbyMode
                0x0000000000000000       0x10 ./system/src/stm32f1xx/stm32f1xx_hal.o
 .text          0x0000000000000000        0x0 ./system/src/stm32f1xx/stm32f1xx_hal_can.o
 .data          0x0000000000000000        0x0 ./system/src/stm32f1xx/stm32f1xx_hal_can.o
 .bss           0x0000000000000000        0x0 ./system/src/stm32f1xx/stm32f1xx_hal_can.o
 .text.HAL_CAN_MspInit
                0x0000000000000000        0x2 ./system/src/stm32f1xx/stm32f1xx_hal_can.o
 .text.HAL_CAN_MspDeInit
                0x0000000000000000        0x2 ./system/src/stm32f1xx/stm32f1xx_hal_can.o
 .text.HAL_CAN_DeInit
                0x0000000000000000       0x20 ./system/src/stm32f1xx/stm32f1xx_hal_can.o
 .text.HAL_CAN_Transmit_IT
                0x0000000000000000       0xda ./system/src/stm32f1xx/stm32f1xx_hal_can.o
 .text.HAL_CAN_Receive
                0x0000000000000000      0x114 ./system/src/stm32f1xx/stm32f1xx_hal_can.o
 .text.HAL_CAN_Sleep
                0x0000000000000000       0x76 ./system/src/stm32f1xx/stm32f1xx_hal_can.o
 .text.HAL_CAN_WakeUp
                0x0000000000000000       0x68 ./system/src/stm32f1xx/stm32f1xx_hal_can.o
 .text.HAL_CAN_RxCpltCallback
                0x0000000000000000        0x2 ./system/src/stm32f1xx/stm32f1xx_hal_can.o
 .text.HAL_CAN_GetState
                0x0000000000000000        0x6 ./system/src/stm32f1xx/stm32f1xx_hal_can.o
 .text.HAL_CAN_GetError
                0x0000000000000000        0x4 ./system/src/stm32f1xx/stm32f1xx_hal_can.o
 .text          0x0000000000000000        0x0 ./system/src/stm32f1xx/stm32f1xx_hal_cortex.o
 .data          0x0000000000000000        0x0 ./system/src/stm32f1xx/stm32f1xx_hal_cortex.o
 .bss           0x0000000000000000        0x0 ./system/src/stm32f1xx/stm32f1xx_hal_cortex.o
 .text.HAL_NVIC_DisableIRQ
                0x0000000000000000       0x1c ./system/src/stm32f1xx/stm32f1xx_hal_cortex.o
 .text.HAL_NVIC_SystemReset
                0x0000000000000000       0x24 ./system/src/stm32f1xx/stm32f1xx_hal_cortex.o
 .text.HAL_NVIC_GetPriorityGrouping
                0x0000000000000000       0x10 ./system/src/stm32f1xx/stm32f1xx_hal_cortex.o
 .text.HAL_NVIC_GetPriority
                0x0000000000000000       0x5c ./system/src/stm32f1xx/stm32f1xx_hal_cortex.o
 .text.HAL_NVIC_SetPendingIRQ
                0x0000000000000000       0x1c ./system/src/stm32f1xx/stm32f1xx_hal_cortex.o
 .text.HAL_NVIC_GetPendingIRQ
                0x0000000000000000       0x1c ./system/src/stm32f1xx/stm32f1xx_hal_cortex.o
 .text.HAL_NVIC_ClearPendingIRQ
                0x0000000000000000       0x1c ./system/src/stm32f1xx/stm32f1xx_hal_cortex.o
 .text.HAL_NVIC_GetActive
                0x0000000000000000       0x1c ./system/src/stm32f1xx/stm32f1xx_hal_cortex.o
 .text          0x0000000000000000        0x0 ./system/src/stm32f1xx/stm32f1xx_hal_dma.o
 .data          0x0000000000000000        0x0 ./system/src/stm32f1xx/stm32f1xx_hal_dma.o
 .bss           0x0000000000000000        0x0 ./system/src/stm32f1xx/stm32f1xx_hal_dma.o
 .text.HAL_DMA_Init
                0x0000000000000000       0x4a ./system/src/stm32f1xx/stm32f1xx_hal_dma.o
 .text.HAL_DMA_DeInit
                0x0000000000000000      0x120 ./system/src/stm32f1xx/stm32f1xx_hal_dma.o
 .text.HAL_DMA_Start
                0x0000000000000000       0x42 ./system/src/stm32f1xx/stm32f1xx_hal_dma.o
 .text.HAL_DMA_Start_IT
                0x0000000000000000       0x5a ./system/src/stm32f1xx/stm32f1xx_hal_dma.o
 .text.HAL_DMA_Abort
                0x0000000000000000       0x4c ./system/src/stm32f1xx/stm32f1xx_hal_dma.o
 .text.HAL_DMA_PollForTransfer
                0x0000000000000000      0x220 ./system/src/stm32f1xx/stm32f1xx_hal_dma.o
 .text.HAL_DMA_IRQHandler
                0x0000000000000000      0x190 ./system/src/stm32f1xx/stm32f1xx_hal_dma.o
 .text.HAL_DMA_GetState
                0x0000000000000000        0x6 ./system/src/stm32f1xx/stm32f1xx_hal_dma.o
 .text.HAL_DMA_GetError
                0x0000000000000000        0x4 ./system/src/stm32f1xx/stm32f1xx_hal_dma.o
 .debug_info    0x0000000000000000      0xe8f ./system/src/stm32f1xx/stm32f1xx_hal_dma.o
 .debug_abbrev  0x0000000000000000      0x2cf ./system/src/stm32f1xx/stm32f1xx_hal_dma.o
 .debug_loc     0x0000000000000000      0x446 ./system/src/stm32f1xx/stm32f1xx_hal_dma.o
 .debug_aranges
                0x0000000000000000       0x60 ./system/src/stm32f1xx/stm32f1xx_hal_dma.o
 .debug_ranges  0x0000000000000000       0x80 ./system/src/stm32f1xx/stm32f1xx_hal_dma.o
 .debug_line    0x0000000000000000      0x5aa ./system/src/stm32f1xx/stm32f1xx_hal_dma.o
 .debug_str     0x0000000000000000      0x8f1 ./system/src/stm32f1xx/stm32f1xx_hal_dma.o
 .comment       0x0000000000000000       0x22 ./system/src/stm32f1xx/stm32f1xx_hal_dma.o
 .debug_frame   0x0000000000000000      0x104 ./system/src/stm32f1xx/stm32f1xx_hal_dma.o
 .ARM.attributes
                0x0000000000000000       0x33 ./system/src/stm32f1xx/stm32f1xx_hal_dma.o
 .text          0x0000000000000000        0x0 ./system/src/stm32f1xx/stm32f1xx_hal_flash.o
 .data          0x0000000000000000        0x0 ./system/src/stm32f1xx/stm32f1xx_hal_flash.o
 .bss           0x0000000000000000        0x0 ./system/src/stm32f1xx/stm32f1xx_hal_flash.o
 .text.FLASH_SetErrorCode
                0x0000000000000000       0x4c ./system/src/stm32f1xx/stm32f1xx_hal_flash.o
 .text.HAL_FLASH_Program_IT
                0x0000000000000000       0x5c ./system/src/stm32f1xx/stm32f1xx_hal_flash.o
 .text.HAL_FLASH_EndOfOperationCallback
                0x0000000000000000        0x2 ./system/src/stm32f1xx/stm32f1xx_hal_flash.o
 .text.HAL_FLASH_OperationErrorCallback
                0x0000000000000000        0x2 ./system/src/stm32f1xx/stm32f1xx_hal_flash.o
 .text.HAL_FLASH_IRQHandler
                0x0000000000000000      0x114 ./system/src/stm32f1xx/stm32f1xx_hal_flash.o
 .text.HAL_FLASH_Unlock
                0x0000000000000000       0x24 ./system/src/stm32f1xx/stm32f1xx_hal_flash.o
 .text.HAL_FLASH_Lock
                0x0000000000000000       0x14 ./system/src/stm32f1xx/stm32f1xx_hal_flash.o
 .text.HAL_FLASH_OB_Unlock
                0x0000000000000000       0x24 ./system/src/stm32f1xx/stm32f1xx_hal_flash.o
 .text.HAL_FLASH_OB_Lock
                0x0000000000000000       0x14 ./system/src/stm32f1xx/stm32f1xx_hal_flash.o
 .text.HAL_FLASH_OB_Launch
                0x0000000000000000        0xa ./system/src/stm32f1xx/stm32f1xx_hal_flash.o
 .text.HAL_FLASH_GetError
                0x0000000000000000        0xc ./system/src/stm32f1xx/stm32f1xx_hal_flash.o
 .text.FLASH_WaitForLastOperation
                0x0000000000000000       0x54 ./system/src/stm32f1xx/stm32f1xx_hal_flash.o
 .text.HAL_FLASH_Program
                0x0000000000000000       0x8c ./system/src/stm32f1xx/stm32f1xx_hal_flash.o
 .debug_info    0x0000000000000000      0xe43 ./system/src/stm32f1xx/stm32f1xx_hal_flash.o
 .debug_abbrev  0x0000000000000000      0x381 ./system/src/stm32f1xx/stm32f1xx_hal_flash.o
 .debug_loc     0x0000000000000000      0x2ea ./system/src/stm32f1xx/stm32f1xx_hal_flash.o
 .debug_aranges
                0x0000000000000000       0x78 ./system/src/stm32f1xx/stm32f1xx_hal_flash.o
 .debug_ranges  0x0000000000000000       0xb8 ./system/src/stm32f1xx/stm32f1xx_hal_flash.o
 .debug_line    0x0000000000000000      0x409 ./system/src/stm32f1xx/stm32f1xx_hal_flash.o
 .debug_str     0x0000000000000000      0x900 ./system/src/stm32f1xx/stm32f1xx_hal_flash.o
 .comment       0x0000000000000000       0x22 ./system/src/stm32f1xx/stm32f1xx_hal_flash.o
 .debug_frame   0x0000000000000000      0x128 ./system/src/stm32f1xx/stm32f1xx_hal_flash.o
 .ARM.attributes
                0x0000000000000000       0x33 ./system/src/stm32f1xx/stm32f1xx_hal_flash.o
 COMMON         0x0000000000000000       0x20 ./system/src/stm32f1xx/stm32f1xx_hal_flash.o
 .text          0x0000000000000000        0x0 ./system/src/stm32f1xx/stm32f1xx_hal_flash_ex.o
 .data          0x0000000000000000        0x0 ./system/src/stm32f1xx/stm32f1xx_hal_flash_ex.o
 .bss           0x0000000000000000        0x0 ./system/src/stm32f1xx/stm32f1xx_hal_flash_ex.o
 .text.FLASH_MassErase.isra.0
                0x0000000000000000       0x24 ./system/src/stm32f1xx/stm32f1xx_hal_flash_ex.o
 .text.FLASH_OB_RDP_LevelConfig
                0x0000000000000000       0x64 ./system/src/stm32f1xx/stm32f1xx_hal_flash_ex.o
 .text.HAL_FLASHEx_OBErase
                0x0000000000000000       0x54 ./system/src/stm32f1xx/stm32f1xx_hal_flash_ex.o
 .text.HAL_FLASHEx_OBProgram
                0x0000000000000000      0x1fc ./system/src/stm32f1xx/stm32f1xx_hal_flash_ex.o
 .text.HAL_FLASHEx_OBGetConfig
                0x0000000000000000       0x34 ./system/src/stm32f1xx/stm32f1xx_hal_flash_ex.o
 .text.HAL_FLASHEx_OBGetUserData
                0x0000000000000000       0x38 ./system/src/stm32f1xx/stm32f1xx_hal_flash_ex.o
 .text.FLASH_PageErase
                0x0000000000000000       0x24 ./system/src/stm32f1xx/stm32f1xx_hal_flash_ex.o
 .text.HAL_FLASHEx_Erase
                0x0000000000000000       0x9c ./system/src/stm32f1xx/stm32f1xx_hal_flash_ex.o
 .text.HAL_FLASHEx_Erase_IT
                0x0000000000000000       0x50 ./system/src/stm32f1xx/stm32f1xx_hal_flash_ex.o
 .debug_info    0x0000000000000000     0x13d3 ./system/src/stm32f1xx/stm32f1xx_hal_flash_ex.o
 .debug_abbrev  0x0000000000000000      0x398 ./system/src/stm32f1xx/stm32f1xx_hal_flash_ex.o
 .debug_loc     0x0000000000000000      0x71e ./system/src/stm32f1xx/stm32f1xx_hal_flash_ex.o
 .debug_aranges
                0x0000000000000000       0x60 ./system/src/stm32f1xx/stm32f1xx_hal_flash_ex.o
 .debug_ranges  0x0000000000000000       0xe0 ./system/src/stm32f1xx/stm32f1xx_hal_flash_ex.o
 .debug_line    0x0000000000000000      0x450 ./system/src/stm32f1xx/stm32f1xx_hal_flash_ex.o
 .debug_str     0x0000000000000000      0xa2a ./system/src/stm32f1xx/stm32f1xx_hal_flash_ex.o
 .comment       0x0000000000000000       0x22 ./system/src/stm32f1xx/stm32f1xx_hal_flash_ex.o
 .debug_frame   0x0000000000000000       0xf0 ./system/src/stm32f1xx/stm32f1xx_hal_flash_ex.o
 .ARM.attributes
                0x0000000000000000       0x33 ./system/src/stm32f1xx/stm32f1xx_hal_flash_ex.o
 .text          0x0000000000000000        0x0 ./system/src/stm32f1xx/stm32f1xx_hal_gpio.o
 .data          0x0000000000000000        0x0 ./system/src/stm32f1xx/stm32f1xx_hal_gpio.o
 .bss           0x0000000000000000        0x0 ./system/src/stm32f1xx/stm32f1xx_hal_gpio.o
 .text.HAL_GPIO_DeInit
                0x0000000000000000       0xe0 ./system/src/stm32f1xx/stm32f1xx_hal_gpio.o
 .text.HAL_GPIO_ReadPin
                0x0000000000000000        0xc ./system/src/stm32f1xx/stm32f1xx_hal_gpio.o
 .text.HAL_GPIO_TogglePin
                0x0000000000000000        0x8 ./system/src/stm32f1xx/stm32f1xx_hal_gpio.o
 .text.HAL_GPIO_LockPin
                0x0000000000000000       0x2a ./system/src/stm32f1xx/stm32f1xx_hal_gpio.o
 .text.HAL_GPIO_EXTI_Callback
                0x0000000000000000        0x2 ./system/src/stm32f1xx/stm32f1xx_hal_gpio.o
 .text.HAL_GPIO_EXTI_IRQHandler
                0x0000000000000000       0x18 ./system/src/stm32f1xx/stm32f1xx_hal_gpio.o
 .text          0x0000000000000000        0x0 ./system/src/stm32f1xx/stm32f1xx_hal_gpio_ex.o
 .data          0x0000000000000000        0x0 ./system/src/stm32f1xx/stm32f1xx_hal_gpio_ex.o
 .bss           0x0000000000000000        0x0 ./system/src/stm32f1xx/stm32f1xx_hal_gpio_ex.o
 .text.HAL_GPIOEx_ConfigEventout
                0x0000000000000000       0x14 ./system/src/stm32f1xx/stm32f1xx_hal_gpio_ex.o
 .text.HAL_GPIOEx_EnableEventout
                0x0000000000000000       0x10 ./system/src/stm32f1xx/stm32f1xx_hal_gpio_ex.o
 .text.HAL_GPIOEx_DisableEventout
                0x0000000000000000       0x10 ./system/src/stm32f1xx/stm32f1xx_hal_gpio_ex.o
 .debug_info    0x0000000000000000      0x9c9 ./system/src/stm32f1xx/stm32f1xx_hal_gpio_ex.o
 .debug_abbrev  0x0000000000000000      0x1db ./system/src/stm32f1xx/stm32f1xx_hal_gpio_ex.o
 .debug_loc     0x0000000000000000       0x21 ./system/src/stm32f1xx/stm32f1xx_hal_gpio_ex.o
 .debug_aranges
                0x0000000000000000       0x30 ./system/src/stm32f1xx/stm32f1xx_hal_gpio_ex.o
 .debug_ranges  0x0000000000000000       0x20 ./system/src/stm32f1xx/stm32f1xx_hal_gpio_ex.o
 .debug_line    0x0000000000000000      0x174 ./system/src/stm32f1xx/stm32f1xx_hal_gpio_ex.o
 .debug_str     0x0000000000000000      0x656 ./system/src/stm32f1xx/stm32f1xx_hal_gpio_ex.o
 .comment       0x0000000000000000       0x22 ./system/src/stm32f1xx/stm32f1xx_hal_gpio_ex.o
 .debug_frame   0x0000000000000000       0x40 ./system/src/stm32f1xx/stm32f1xx_hal_gpio_ex.o
 .ARM.attributes
                0x0000000000000000       0x33 ./system/src/stm32f1xx/stm32f1xx_hal_gpio_ex.o
 .text          0x0000000000000000        0x0 ./system/src/stm32f1xx/stm32f1xx_hal_pwr.o
 .data          0x0000000000000000        0x0 ./system/src/stm32f1xx/stm32f1xx_hal_pwr.o
 .bss           0x0000000000000000        0x0 ./system/src/stm32f1xx/stm32f1xx_hal_pwr.o
 .text.PWR_OverloadWfe
                0x0000000000000000        0x6 ./system/src/stm32f1xx/stm32f1xx_hal_pwr.o
 .text.HAL_PWR_DeInit
                0x0000000000000000       0x18 ./system/src/stm32f1xx/stm32f1xx_hal_pwr.o
 .text.HAL_PWR_EnableBkUpAccess
                0x0000000000000000       0x1c ./system/src/stm32f1xx/stm32f1xx_hal_pwr.o
 .text.HAL_PWR_DisableBkUpAccess
                0x0000000000000000       0x1c ./system/src/stm32f1xx/stm32f1xx_hal_pwr.o
 .text.HAL_PWR_ConfigPVD
                0x0000000000000000       0x6c ./system/src/stm32f1xx/stm32f1xx_hal_pwr.o
 .text.HAL_PWR_EnablePVD
                0x0000000000000000       0x1a ./system/src/stm32f1xx/stm32f1xx_hal_pwr.o
 .text.HAL_PWR_DisablePVD
                0x0000000000000000       0x1a ./system/src/stm32f1xx/stm32f1xx_hal_pwr.o
 .text.HAL_PWR_EnableWakeUpPin
                0x0000000000000000       0x18 ./system/src/stm32f1xx/stm32f1xx_hal_pwr.o
 .text.HAL_PWR_DisableWakeUpPin
                0x0000000000000000       0x18 ./system/src/stm32f1xx/stm32f1xx_hal_pwr.o
 .text.HAL_PWR_EnterSLEEPMode
                0x0000000000000000       0x20 ./system/src/stm32f1xx/stm32f1xx_hal_pwr.o
 .text.HAL_PWR_EnterSTOPMode
                0x0000000000000000       0x48 ./system/src/stm32f1xx/stm32f1xx_hal_pwr.o
 .text.HAL_PWR_EnterSTANDBYMode
                0x0000000000000000       0x20 ./system/src/stm32f1xx/stm32f1xx_hal_pwr.o
 .text.HAL_PWR_EnableSleepOnExit
                0x0000000000000000       0x10 ./system/src/stm32f1xx/stm32f1xx_hal_pwr.o
 .text.HAL_PWR_DisableSleepOnExit
                0x0000000000000000       0x10 ./system/src/stm32f1xx/stm32f1xx_hal_pwr.o
 .text.HAL_PWR_EnableSEVOnPend
                0x0000000000000000       0x10 ./system/src/stm32f1xx/stm32f1xx_hal_pwr.o
 .text.HAL_PWR_DisableSEVOnPend
                0x0000000000000000       0x10 ./system/src/stm32f1xx/stm32f1xx_hal_pwr.o
 .text.HAL_PWR_PVDCallback
                0x0000000000000000        0x2 ./system/src/stm32f1xx/stm32f1xx_hal_pwr.o
 .text.HAL_PWR_PVD_IRQHandler
                0x0000000000000000       0x1c ./system/src/stm32f1xx/stm32f1xx_hal_pwr.o
 .debug_info    0x0000000000000000      0xfe3 ./system/src/stm32f1xx/stm32f1xx_hal_pwr.o
 .debug_abbrev  0x0000000000000000      0x2e2 ./system/src/stm32f1xx/stm32f1xx_hal_pwr.o
 .debug_loc     0x0000000000000000       0xfe ./system/src/stm32f1xx/stm32f1xx_hal_pwr.o
 .debug_aranges
                0x0000000000000000       0xa8 ./system/src/stm32f1xx/stm32f1xx_hal_pwr.o
 .debug_ranges  0x0000000000000000       0x98 ./system/src/stm32f1xx/stm32f1xx_hal_pwr.o
 .debug_line    0x0000000000000000      0x34f ./system/src/stm32f1xx/stm32f1xx_hal_pwr.o
 .debug_str     0x0000000000000000      0x89a ./system/src/stm32f1xx/stm32f1xx_hal_pwr.o
 .comment       0x0000000000000000       0x22 ./system/src/stm32f1xx/stm32f1xx_hal_pwr.o
 .debug_frame   0x0000000000000000      0x140 ./system/src/stm32f1xx/stm32f1xx_hal_pwr.o
 .ARM.attributes
                0x0000000000000000       0x33 ./system/src/stm32f1xx/stm32f1xx_hal_pwr.o
 .text          0x0000000000000000        0x0 ./system/src/stm32f1xx/stm32f1xx_hal_rcc.o
 .data          0x0000000000000000        0x0 ./system/src/stm32f1xx/stm32f1xx_hal_rcc.o
 .bss           0x0000000000000000        0x0 ./system/src/stm32f1xx/stm32f1xx_hal_rcc.o
 .text.HAL_RCC_DeInit
                0x0000000000000000       0x54 ./system/src/stm32f1xx/stm32f1xx_hal_rcc.o
 .text.HAL_RCC_MCOConfig
                0x0000000000000000       0x50 ./system/src/stm32f1xx/stm32f1xx_hal_rcc.o
 .text.HAL_RCC_EnableCSS
                0x0000000000000000       0x1c ./system/src/stm32f1xx/stm32f1xx_hal_rcc.o
 .text.HAL_RCC_DisableCSS
                0x0000000000000000       0x1c ./system/src/stm32f1xx/stm32f1xx_hal_rcc.o
 .text.HAL_RCC_GetPCLK1Freq
                0x0000000000000000       0x30 ./system/src/stm32f1xx/stm32f1xx_hal_rcc.o
 .text.HAL_RCC_GetPCLK2Freq
                0x0000000000000000       0x30 ./system/src/stm32f1xx/stm32f1xx_hal_rcc.o
 .text.HAL_RCC_GetOscConfig
                0x0000000000000000       0x8c ./system/src/stm32f1xx/stm32f1xx_hal_rcc.o
 .text.HAL_RCC_GetClockConfig
                0x0000000000000000       0x3c ./system/src/stm32f1xx/stm32f1xx_hal_rcc.o
 .text.HAL_RCC_CSSCallback
                0x0000000000000000        0x2 ./system/src/stm32f1xx/stm32f1xx_hal_rcc.o
 .text.HAL_RCC_NMI_IRQHandler
                0x0000000000000000       0x20 ./system/src/stm32f1xx/stm32f1xx_hal_rcc.o
 .text          0x0000000000000000        0x0 ./system/src/stm32f1xx/stm32f1xx_hal_rcc_ex.o
 .data          0x0000000000000000        0x0 ./system/src/stm32f1xx/stm32f1xx_hal_rcc_ex.o
 .bss           0x0000000000000000        0x0 ./system/src/stm32f1xx/stm32f1xx_hal_rcc_ex.o
 .text.HAL_RCCEx_PeriphCLKConfig
                0x0000000000000000      0x10c ./system/src/stm32f1xx/stm32f1xx_hal_rcc_ex.o
 .text.HAL_RCCEx_GetPeriphCLKConfig
                0x0000000000000000       0x24 ./system/src/stm32f1xx/stm32f1xx_hal_rcc_ex.o
 .text.HAL_RCCEx_GetPeriphCLKFreq
                0x0000000000000000      0x110 ./system/src/stm32f1xx/stm32f1xx_hal_rcc_ex.o
 .rodata        0x0000000000000000       0x10 ./system/src/stm32f1xx/stm32f1xx_hal_rcc_ex.o
 .debug_info    0x0000000000000000      0xd8d ./system/src/stm32f1xx/stm32f1xx_hal_rcc_ex.o
 .debug_abbrev  0x0000000000000000      0x32e ./system/src/stm32f1xx/stm32f1xx_hal_rcc_ex.o
 .debug_loc     0x0000000000000000      0x35c ./system/src/stm32f1xx/stm32f1xx_hal_rcc_ex.o
 .debug_aranges
                0x0000000000000000       0x30 ./system/src/stm32f1xx/stm32f1xx_hal_rcc_ex.o
 .debug_ranges  0x0000000000000000       0x80 ./system/src/stm32f1xx/stm32f1xx_hal_rcc_ex.o
 .debug_line    0x0000000000000000      0x332 ./system/src/stm32f1xx/stm32f1xx_hal_rcc_ex.o
 .debug_str     0x0000000000000000      0x7bb ./system/src/stm32f1xx/stm32f1xx_hal_rcc_ex.o
 .comment       0x0000000000000000       0x22 ./system/src/stm32f1xx/stm32f1xx_hal_rcc_ex.o
 .debug_frame   0x0000000000000000       0x6c ./system/src/stm32f1xx/stm32f1xx_hal_rcc_ex.o
 .ARM.attributes
                0x0000000000000000       0x33 ./system/src/stm32f1xx/stm32f1xx_hal_rcc_ex.o
 .text          0x0000000000000000        0x0 ./system/src/newlib/_cxx.o
 .data          0x0000000000000000        0x0 ./system/src/newlib/_cxx.o
 .bss           0x0000000000000000        0x0 ./system/src/newlib/_cxx.o
 .text._ZN9__gnu_cxx27__verbose_terminate_handlerEv
                0x0000000000000000        0x6 ./system/src/newlib/_cxx.o
 .text.__cxa_pure_virtual
                0x0000000000000000        0x6 ./system/src/newlib/_cxx.o
 .debug_info    0x0000000000000000      0xf80 ./system/src/newlib/_cxx.o
 .debug_abbrev  0x0000000000000000      0x2f5 ./system/src/newlib/_cxx.o
 .debug_aranges
                0x0000000000000000       0x20 ./system/src/newlib/_cxx.o
 .debug_ranges  0x0000000000000000       0x10 ./system/src/newlib/_cxx.o
 .debug_line    0x0000000000000000      0x1a6 ./system/src/newlib/_cxx.o
 .debug_str     0x0000000000000000      0x7da ./system/src/newlib/_cxx.o
 .comment       0x0000000000000000       0x22 ./system/src/newlib/_cxx.o
 .debug_frame   0x0000000000000000       0x40 ./system/src/newlib/_cxx.o
 .ARM.attributes
                0x0000000000000000       0x33 ./system/src/newlib/_cxx.o
 .text          0x0000000000000000        0x0 ./system/src/newlib/_exit.o
 .data          0x0000000000000000        0x0 ./system/src/newlib/_exit.o
 .bss           0x0000000000000000        0x0 ./system/src/newlib/_exit.o
 .text.abort    0x0000000000000000        0x8 ./system/src/newlib/_exit.o
 .text          0x0000000000000000        0x0 ./system/src/newlib/_sbrk.o
 .data          0x0000000000000000        0x0 ./system/src/newlib/_sbrk.o
 .bss           0x0000000000000000        0x0 ./system/src/newlib/_sbrk.o
 .text._sbrk    0x0000000000000000       0x3c ./system/src/newlib/_sbrk.o
 .bss.current_heap_end.3871
                0x0000000000000000        0x4 ./system/src/newlib/_sbrk.o
 .debug_info    0x0000000000000000      0x92f ./system/src/newlib/_sbrk.o
 .debug_abbrev  0x0000000000000000      0x1f0 ./system/src/newlib/_sbrk.o
 .debug_loc     0x0000000000000000       0x6a ./system/src/newlib/_sbrk.o
 .debug_aranges
                0x0000000000000000       0x20 ./system/src/newlib/_sbrk.o
 .debug_ranges  0x0000000000000000       0x10 ./system/src/newlib/_sbrk.o
 .debug_line    0x0000000000000000       0xea ./system/src/newlib/_sbrk.o
 .debug_str     0x0000000000000000      0x5c6 ./system/src/newlib/_sbrk.o
 .comment       0x0000000000000000       0x22 ./system/src/newlib/_sbrk.o
 .debug_frame   0x0000000000000000       0x28 ./system/src/newlib/_sbrk.o
 .ARM.attributes
                0x0000000000000000       0x33 ./system/src/newlib/_sbrk.o
 .text          0x0000000000000000        0x0 ./system/src/newlib/_startup.o
 .data          0x0000000000000000        0x0 ./system/src/newlib/_startup.o
 .bss           0x0000000000000000        0x0 ./system/src/newlib/_startup.o
 .text.__initialize_data
                0x0000000000000000       0x10 ./system/src/newlib/_startup.o
 .text.__initialize_bss
                0x0000000000000000        0xe ./system/src/newlib/_startup.o
 .text.__run_init_array
                0x0000000000000000       0x44 ./system/src/newlib/_startup.o
 .text.__run_fini_array
                0x0000000000000000       0x24 ./system/src/newlib/_startup.o
 .text          0x0000000000000000        0x0 ./system/src/newlib/_syscalls.o
 .data          0x0000000000000000        0x0 ./system/src/newlib/_syscalls.o
 .bss           0x0000000000000000        0x0 ./system/src/newlib/_syscalls.o
 .text.raise    0x0000000000000000       0x10 ./system/src/newlib/_syscalls.o
 .text.kill     0x0000000000000000       0x10 ./system/src/newlib/_syscalls.o
 .bss.__dso_handle
                0x0000000000000000        0x4 ./system/src/newlib/_syscalls.o
 COMMON         0x0000000000000000        0x4 ./system/src/newlib/_syscalls.o
 .text          0x0000000000000000        0x0 ./system/src/newlib/assert.o
 .data          0x0000000000000000        0x0 ./system/src/newlib/assert.o
 .bss           0x0000000000000000        0x0 ./system/src/newlib/assert.o
 .text.__assert_func
                0x0000000000000000        0x6 ./system/src/newlib/assert.o
 .debug_info    0x0000000000000000      0x95c ./system/src/newlib/assert.o
 .debug_abbrev  0x0000000000000000      0x1f5 ./system/src/newlib/assert.o
 .debug_loc     0x0000000000000000       0x84 ./system/src/newlib/assert.o
 .debug_aranges
                0x0000000000000000       0x20 ./system/src/newlib/assert.o
 .debug_ranges  0x0000000000000000       0x10 ./system/src/newlib/assert.o
 .debug_line    0x0000000000000000      0x124 ./system/src/newlib/assert.o
 .debug_str     0x0000000000000000      0x5cf ./system/src/newlib/assert.o
 .comment       0x0000000000000000       0x22 ./system/src/newlib/assert.o
 .debug_frame   0x0000000000000000       0x28 ./system/src/newlib/assert.o
 .ARM.attributes
                0x0000000000000000       0x33 ./system/src/newlib/assert.o
 .text          0x0000000000000000        0x0 ./system/src/diag/Trace.o
 .data          0x0000000000000000        0x0 ./system/src/diag/Trace.o
 .bss           0x0000000000000000        0x0 ./system/src/diag/Trace.o
 .debug_line    0x0000000000000000        0x0 ./system/src/diag/Trace.o
 .debug_str     0x0000000000000000       0xe0 ./system/src/diag/Trace.o
 .comment       0x0000000000000000       0x22 ./system/src/diag/Trace.o
 .ARM.attributes
                0x0000000000000000       0x33 ./system/src/diag/Trace.o
 .text          0x0000000000000000        0x0 ./system/src/diag/trace_impl.o
 .data          0x0000000000000000        0x0 ./system/src/diag/trace_impl.o
 .bss           0x0000000000000000        0x0 ./system/src/diag/trace_impl.o
 .debug_line    0x0000000000000000        0x0 ./system/src/diag/trace_impl.o
 .debug_str     0x0000000000000000       0xe5 ./system/src/diag/trace_impl.o
 .comment       0x0000000000000000       0x22 ./system/src/diag/trace_impl.o
 .ARM.attributes
                0x0000000000000000       0x33 ./system/src/diag/trace_impl.o
 .text          0x0000000000000000        0x0 ./system/src/cortexm/_initialize_hardware.o
 .data          0x0000000000000000        0x0 ./system/src/cortexm/_initialize_hardware.o
 .bss           0x0000000000000000        0x0 ./system/src/cortexm/_initialize_hardware.o
 .text          0x0000000000000000        0x0 ./system/src/cortexm/_reset_hardware.o
 .data          0x0000000000000000        0x0 ./system/src/cortexm/_reset_hardware.o
 .bss           0x0000000000000000        0x0 ./system/src/cortexm/_reset_hardware.o
 .text          0x0000000000000000        0x0 ./system/src/cortexm/exception_handlers.o
 .data          0x0000000000000000        0x0 ./system/src/cortexm/exception_handlers.o
 .bss           0x0000000000000000        0x0 ./system/src/cortexm/exception_handlers.o
 .text          0x0000000000000000       0x14 ./system/src/cmsis/startup_stm32f103xb.o
 .data          0x0000000000000000        0x0 ./system/src/cmsis/startup_stm32f103xb.o
 .bss           0x0000000000000000        0x0 ./system/src/cmsis/startup_stm32f103xb.o
 .text.Reset_Handler
                0x0000000000000000       0x48 ./system/src/cmsis/startup_stm32f103xb.o
 .text          0x0000000000000000        0x0 ./system/src/cmsis/system_stm32f1xx.o
 .data          0x0000000000000000        0x0 ./system/src/cmsis/system_stm32f1xx.o
 .bss           0x0000000000000000        0x0 ./system/src/cmsis/system_stm32f1xx.o
 .rodata.APBPrescTable
                0x0000000000000000        0x8 ./system/src/cmsis/system_stm32f1xx.o
 .text          0x0000000000000000        0x0 ./src/main.o
 .data          0x0000000000000000        0x0 ./src/main.o
 .bss           0x0000000000000000        0x0 ./src/main.o
 .text.Error_Handler
                0x0000000000000000        0x2 ./src/main.o
 .text          0x0000000000000000        0x0 ./src/stm32f1xx_hal_msp.o
 .data          0x0000000000000000        0x0 ./src/stm32f1xx_hal_msp.o
 .bss           0x0000000000000000        0x0 ./src/stm32f1xx_hal_msp.o
 .text.HAL_CAN_MspDeInit
                0x0000000000000000       0x38 ./src/stm32f1xx_hal_msp.o
 .text          0x0000000000000000        0x0 ./src/stm32f1xx_it.o
 .data          0x0000000000000000        0x0 ./src/stm32f1xx_it.o
 .bss           0x0000000000000000        0x0 ./src/stm32f1xx_it.o
 .text          0x0000000000000000       0x18 /usr/lib/gcc/arm-none-eabi/6.2.0/armv7-m/libgcc.a(_lshrdi3.o)
 .data          0x0000000000000000        0x0 /usr/lib/gcc/arm-none-eabi/6.2.0/armv7-m/libgcc.a(_lshrdi3.o)
 .bss           0x0000000000000000        0x0 /usr/lib/gcc/arm-none-eabi/6.2.0/armv7-m/libgcc.a(_lshrdi3.o)
 .debug_line    0x0000000000000000       0x6f /usr/lib/gcc/arm-none-eabi/6.2.0/armv7-m/libgcc.a(_lshrdi3.o)
 .debug_info    0x0000000000000000       0xba /usr/lib/gcc/arm-none-eabi/6.2.0/armv7-m/libgcc.a(_lshrdi3.o)
 .debug_abbrev  0x0000000000000000       0x14 /usr/lib/gcc/arm-none-eabi/6.2.0/armv7-m/libgcc.a(_lshrdi3.o)
 .debug_aranges
                0x0000000000000000       0x20 /usr/lib/gcc/arm-none-eabi/6.2.0/armv7-m/libgcc.a(_lshrdi3.o)
 .ARM.attributes
                0x0000000000000000       0x1d /usr/lib/gcc/arm-none-eabi/6.2.0/armv7-m/libgcc.a(_lshrdi3.o)
 .text          0x0000000000000000        0xc /usr/lib/gcc/arm-none-eabi/6.2.0/../../../../arm-none-eabi/lib/armv7-m/libg_nano.a(lib_a-errno.o)
 .data          0x0000000000000000        0x0 /usr/lib/gcc/arm-none-eabi/6.2.0/../../../../arm-none-eabi/lib/armv7-m/libg_nano.a(lib_a-errno.o)
 .bss           0x0000000000000000        0x0 /usr/lib/gcc/arm-none-eabi/6.2.0/../../../../arm-none-eabi/lib/armv7-m/libg_nano.a(lib_a-errno.o)
 .debug_info    0x0000000000000000      0x8c7 /usr/lib/gcc/arm-none-eabi/6.2.0/../../../../arm-none-eabi/lib/armv7-m/libg_nano.a(lib_a-errno.o)
 .debug_abbrev  0x0000000000000000      0x16f /usr/lib/gcc/arm-none-eabi/6.2.0/../../../../arm-none-eabi/lib/armv7-m/libg_nano.a(lib_a-errno.o)
 .debug_aranges
                0x0000000000000000       0x20 /usr/lib/gcc/arm-none-eabi/6.2.0/../../../../arm-none-eabi/lib/armv7-m/libg_nano.a(lib_a-errno.o)
 .debug_line    0x0000000000000000       0xf9 /usr/lib/gcc/arm-none-eabi/6.2.0/../../../../arm-none-eabi/lib/armv7-m/libg_nano.a(lib_a-errno.o)
 .debug_str     0x0000000000000000      0x5a1 /usr/lib/gcc/arm-none-eabi/6.2.0/../../../../arm-none-eabi/lib/armv7-m/libg_nano.a(lib_a-errno.o)
 .comment       0x0000000000000000       0x22 /usr/lib/gcc/arm-none-eabi/6.2.0/../../../../arm-none-eabi/lib/armv7-m/libg_nano.a(lib_a-errno.o)
 .debug_frame   0x0000000000000000       0x20 /usr/lib/gcc/arm-none-eabi/6.2.0/../../../../arm-none-eabi/lib/armv7-m/libg_nano.a(lib_a-errno.o)
 .ARM.attributes
                0x0000000000000000       0x2d /usr/lib/gcc/arm-none-eabi/6.2.0/../../../../arm-none-eabi/lib/armv7-m/libg_nano.a(lib_a-errno.o)
 .text          0x0000000000000000        0x0 /usr/lib/gcc/arm-none-eabi/6.2.0/../../../../arm-none-eabi/lib/armv7-m/libg_nano.a(lib_a-impure.o)
 .data          0x0000000000000000       0x64 /usr/lib/gcc/arm-none-eabi/6.2.0/../../../../arm-none-eabi/lib/armv7-m/libg_nano.a(lib_a-impure.o)
 .bss           0x0000000000000000        0x0 /usr/lib/gcc/arm-none-eabi/6.2.0/../../../../arm-none-eabi/lib/armv7-m/libg_nano.a(lib_a-impure.o)
 .rodata        0x0000000000000000        0x4 /usr/lib/gcc/arm-none-eabi/6.2.0/../../../../arm-none-eabi/lib/armv7-m/libg_nano.a(lib_a-impure.o)
 .rodata.str1.4
                0x0000000000000000        0x2 /usr/lib/gcc/arm-none-eabi/6.2.0/../../../../arm-none-eabi/lib/armv7-m/libg_nano.a(lib_a-impure.o)
 .debug_info    0x0000000000000000      0x8a0 /usr/lib/gcc/arm-none-eabi/6.2.0/../../../../arm-none-eabi/lib/armv7-m/libg_nano.a(lib_a-impure.o)
 .debug_abbrev  0x0000000000000000      0x153 /usr/lib/gcc/arm-none-eabi/6.2.0/../../../../arm-none-eabi/lib/armv7-m/libg_nano.a(lib_a-impure.o)
 .debug_aranges
                0x0000000000000000       0x18 /usr/lib/gcc/arm-none-eabi/6.2.0/../../../../arm-none-eabi/lib/armv7-m/libg_nano.a(lib_a-impure.o)
 .debug_line    0x0000000000000000       0xde /usr/lib/gcc/arm-none-eabi/6.2.0/../../../../arm-none-eabi/lib/armv7-m/libg_nano.a(lib_a-impure.o)
 .debug_str     0x0000000000000000      0x58f /usr/lib/gcc/arm-none-eabi/6.2.0/../../../../arm-none-eabi/lib/armv7-m/libg_nano.a(lib_a-impure.o)
 .comment       0x0000000000000000       0x22 /usr/lib/gcc/arm-none-eabi/6.2.0/../../../../arm-none-eabi/lib/armv7-m/libg_nano.a(lib_a-impure.o)
 .ARM.attributes
                0x0000000000000000       0x2d /usr/lib/gcc/arm-none-eabi/6.2.0/../../../../arm-none-eabi/lib/armv7-m/libg_nano.a(lib_a-impure.o)
 .text          0x0000000000000000       0x50 /usr/lib/gcc/arm-none-eabi/6.2.0/../../../../arm-none-eabi/lib/armv7-m/libg_nano.a(lib_a-init.o)
 .data          0x0000000000000000        0x0 /usr/lib/gcc/arm-none-eabi/6.2.0/../../../../arm-none-eabi/lib/armv7-m/libg_nano.a(lib_a-init.o)
 .bss           0x0000000000000000        0x0 /usr/lib/gcc/arm-none-eabi/6.2.0/../../../../arm-none-eabi/lib/armv7-m/libg_nano.a(lib_a-init.o)
 .debug_info    0x0000000000000000      0x110 /usr/lib/gcc/arm-none-eabi/6.2.0/../../../../arm-none-eabi/lib/armv7-m/libg_nano.a(lib_a-init.o)
 .debug_abbrev  0x0000000000000000       0xba /usr/lib/gcc/arm-none-eabi/6.2.0/../../../../arm-none-eabi/lib/armv7-m/libg_nano.a(lib_a-init.o)
 .debug_loc     0x0000000000000000       0xae /usr/lib/gcc/arm-none-eabi/6.2.0/../../../../arm-none-eabi/lib/armv7-m/libg_nano.a(lib_a-init.o)
 .debug_aranges
                0x0000000000000000       0x20 /usr/lib/gcc/arm-none-eabi/6.2.0/../../../../arm-none-eabi/lib/armv7-m/libg_nano.a(lib_a-init.o)
 .debug_line    0x0000000000000000       0xb6 /usr/lib/gcc/arm-none-eabi/6.2.0/../../../../arm-none-eabi/lib/armv7-m/libg_nano.a(lib_a-init.o)
 .debug_str     0x0000000000000000      0x1e0 /usr/lib/gcc/arm-none-eabi/6.2.0/../../../../arm-none-eabi/lib/armv7-m/libg_nano.a(lib_a-init.o)
 .comment       0x0000000000000000       0x22 /usr/lib/gcc/arm-none-eabi/6.2.0/../../../../arm-none-eabi/lib/armv7-m/libg_nano.a(lib_a-init.o)
 .debug_frame   0x0000000000000000       0x2c /usr/lib/gcc/arm-none-eabi/6.2.0/../../../../arm-none-eabi/lib/armv7-m/libg_nano.a(lib_a-init.o)
 .ARM.attributes
                0x0000000000000000       0x2d /usr/lib/gcc/arm-none-eabi/6.2.0/../../../../arm-none-eabi/lib/armv7-m/libg_nano.a(lib_a-init.o)
 .text          0x0000000000000000       0x9c /usr/lib/gcc/arm-none-eabi/6.2.0/../../../../arm-none-eabi/lib/armv7-m/libg_nano.a(lib_a-memset.o)
 .data          0x0000000000000000        0x0 /usr/lib/gcc/arm-none-eabi/6.2.0/../../../../arm-none-eabi/lib/armv7-m/libg_nano.a(lib_a-memset.o)
 .bss           0x0000000000000000        0x0 /usr/lib/gcc/arm-none-eabi/6.2.0/../../../../arm-none-eabi/lib/armv7-m/libg_nano.a(lib_a-memset.o)
 .debug_info    0x0000000000000000      0x916 /usr/lib/gcc/arm-none-eabi/6.2.0/../../../../arm-none-eabi/lib/armv7-m/libg_nano.a(lib_a-memset.o)
 .debug_abbrev  0x0000000000000000      0x197 /usr/lib/gcc/arm-none-eabi/6.2.0/../../../../arm-none-eabi/lib/armv7-m/libg_nano.a(lib_a-memset.o)
 .debug_loc     0x0000000000000000      0x1bd /usr/lib/gcc/arm-none-eabi/6.2.0/../../../../arm-none-eabi/lib/armv7-m/libg_nano.a(lib_a-memset.o)
 .debug_aranges
                0x0000000000000000       0x20 /usr/lib/gcc/arm-none-eabi/6.2.0/../../../../arm-none-eabi/lib/armv7-m/libg_nano.a(lib_a-memset.o)
 .debug_line    0x0000000000000000      0x163 /usr/lib/gcc/arm-none-eabi/6.2.0/../../../../arm-none-eabi/lib/armv7-m/libg_nano.a(lib_a-memset.o)
 .debug_str     0x0000000000000000      0x5a7 /usr/lib/gcc/arm-none-eabi/6.2.0/../../../../arm-none-eabi/lib/armv7-m/libg_nano.a(lib_a-memset.o)
 .comment       0x0000000000000000       0x22 /usr/lib/gcc/arm-none-eabi/6.2.0/../../../../arm-none-eabi/lib/armv7-m/libg_nano.a(lib_a-memset.o)
 .debug_frame   0x0000000000000000       0x34 /usr/lib/gcc/arm-none-eabi/6.2.0/../../../../arm-none-eabi/lib/armv7-m/libg_nano.a(lib_a-memset.o)
 .ARM.attributes
                0x0000000000000000       0x2d /usr/lib/gcc/arm-none-eabi/6.2.0/../../../../arm-none-eabi/lib/armv7-m/libg_nano.a(lib_a-memset.o)
 .data          0x0000000000000000        0x0 /usr/lib/gcc/arm-none-eabi/6.2.0/../../../../arm-none-eabi/lib/armv7-m/libg_nano.a(lib_a-strcpy.o)
 .bss           0x0000000000000000        0x0 /usr/lib/gcc/arm-none-eabi/6.2.0/../../../../arm-none-eabi/lib/armv7-m/libg_nano.a(lib_a-strcpy.o)
 .data          0x0000000000000000        0x0 /usr/lib/gcc/arm-none-eabi/6.2.0/../../../../arm-none-eabi/lib/armv7-m/libg_nano.a(lib_a-strlen-stub.o)
 .bss           0x0000000000000000        0x0 /usr/lib/gcc/arm-none-eabi/6.2.0/../../../../arm-none-eabi/lib/armv7-m/libg_nano.a(lib_a-strlen-stub.o)

Memory Configuration

Name             Origin             Length             Attributes
RAM              0x0000000020000000 0x0000000000005000 xrw
CCMRAM           0x0000000000000000 0x0000000000000000 xrw
FLASH            0x0000000008000000 0x0000000000020000 xr
FLASHB1          0x0000000000000000 0x0000000000000000 xr
EXTMEMB0         0x0000000000000000 0x0000000000000000 xr
EXTMEMB1         0x0000000000000000 0x0000000000000000 xr
EXTMEMB2         0x0000000000000000 0x0000000000000000 xr
EXTMEMB3         0x0000000000000000 0x0000000000000000 xr
MEMORY_ARRAY     0x0000000000000000 0x0000000000000000 xrw
*default*        0x0000000000000000 0xffffffffffffffff

Linker script and memory map

LOAD ./system/src/stm32f1xx/stm32f1xx_hal.o
LOAD ./system/src/stm32f1xx/stm32f1xx_hal_can.o
LOAD ./system/src/stm32f1xx/stm32f1xx_hal_cortex.o
LOAD ./system/src/stm32f1xx/stm32f1xx_hal_dma.o
LOAD ./system/src/stm32f1xx/stm32f1xx_hal_flash.o
LOAD ./system/src/stm32f1xx/stm32f1xx_hal_flash_ex.o
LOAD ./system/src/stm32f1xx/stm32f1xx_hal_gpio.o
LOAD ./system/src/stm32f1xx/stm32f1xx_hal_gpio_ex.o
LOAD ./system/src/stm32f1xx/stm32f1xx_hal_pwr.o
LOAD ./system/src/stm32f1xx/stm32f1xx_hal_rcc.o
LOAD ./system/src/stm32f1xx/stm32f1xx_hal_rcc_ex.o
LOAD ./system/src/newlib/_cxx.o
LOAD ./system/src/newlib/_exit.o
LOAD ./system/src/newlib/_sbrk.o
LOAD ./system/src/newlib/_startup.o
LOAD ./system/src/newlib/_syscalls.o
LOAD ./system/src/newlib/assert.o
LOAD ./system/src/diag/Trace.o
LOAD ./system/src/diag/trace_impl.o
LOAD ./system/src/cortexm/_initialize_hardware.o
LOAD ./system/src/cortexm/_reset_hardware.o
LOAD ./system/src/cortexm/exception_handlers.o
LOAD ./system/src/cmsis/startup_stm32f103xb.o
LOAD ./system/src/cmsis/system_stm32f1xx.o
LOAD ./src/main.o
LOAD ./src/stm32f1xx_hal_msp.o
LOAD ./src/stm32f1xx_it.o
LOAD /usr/lib/gcc/arm-none-eabi/6.2.0/../../../../arm-none-eabi/lib/armv7-m/libstdc++_nano.a
LOAD /usr/lib/gcc/arm-none-eabi/6.2.0/../../../../arm-none-eabi/lib/armv7-m/libm.a
START GROUP
LOAD /usr/lib/gcc/arm-none-eabi/6.2.0/armv7-m/libgcc.a
LOAD /usr/lib/gcc/arm-none-eabi/6.2.0/../../../../arm-none-eabi/lib/armv7-m/libg_nano.a
LOAD /usr/lib/gcc/arm-none-eabi/6.2.0/../../../../arm-none-eabi/lib/armv7-m/libc_nano.a
END GROUP
START GROUP
LOAD /usr/lib/gcc/arm-none-eabi/6.2.0/armv7-m/libgcc.a
LOAD /usr/lib/gcc/arm-none-eabi/6.2.0/../../../../arm-none-eabi/lib/armv7-m/libc_nano.a
END GROUP
                0x0000000020005000                __stack = (ORIGIN (RAM) + LENGTH (RAM))
                0x0000000020005000                _estack = __stack
                0x0000000000000400                __Main_Stack_Size = 0x400
                [!provide]                        PROVIDE (_Main_Stack_Size, __Main_Stack_Size)
                0x0000000020004c00                __Main_Stack_Limit = (__stack - __Main_Stack_Size)
                [!provide]                        PROVIDE (_Main_Stack_Limit, __Main_Stack_Limit)
                0x0000000000000100                _Minimum_Stack_Size = 0x100
                0x00000000200000a0                PROVIDE (_Heap_Begin, _end_noinit)
                0x0000000020004c00                PROVIDE (_Heap_Limit, (__stack - __Main_Stack_Size))

.isr_vector     0x0000000008000000      0x250
 FILL mask 0xff
                0x0000000008000000                __vectors_start = ABSOLUTE (.)
                0x0000000008000000                __vectors_start__ = ABSOLUTE (.)
 *(.isr_vector)
 .isr_vector    0x0000000008000000      0x10c ./system/src/cmsis/startup_stm32f103xb.o
                0x0000000008000000                g_pfnVectors
 *(.cfmconfig)
 *(.after_vectors .after_vectors.*)
 .after_vectors
                0x000000000800010c       0xb8 ./system/src/newlib/_startup.o
                0x000000000800010c                _start
 .after_vectors
                0x00000000080001c4       0x8c ./system/src/cortexm/exception_handlers.o
                0x00000000080001c4                Reset_Handler
                0x00000000080001de                HardFault_Handler_C
                0x000000000800021e                BusFault_Handler_C
                0x0000000008000234                UsageFault_Handler_C

.inits          0x0000000008000250       0x28
                0x0000000008000250                __data_regions_array_start = .
                0x0000000008000250        0x4 LONG 0x8001874 LOADADDR (.data)
                0x0000000008000254        0x4 LONG 0x20000000 ADDR (.data)
                0x0000000008000258        0x4 LONG 0x2000000c (ADDR (.data) + SIZEOF (.data))
                0x000000000800025c        0x4 LONG 0x8001874 LOADADDR (.data_CCMRAM)
                0x0000000008000260        0x4 LONG 0x0 ADDR (.data_CCMRAM)
                0x0000000008000264        0x4 LONG 0x0 (ADDR (.data_CCMRAM) + SIZEOF (.data_CCMRAM))
                0x0000000008000268                __data_regions_array_end = .
                0x0000000008000268                __bss_regions_array_start = .
                0x0000000008000268        0x4 LONG 0x2000000c ADDR (.bss)
                0x000000000800026c        0x4 LONG 0x200000a0 (ADDR (.bss) + SIZEOF (.bss))
                0x0000000008000270        0x4 LONG 0x0 ADDR (.bss_CCMRAM)
                0x0000000008000274        0x4 LONG 0x0 (ADDR (.bss_CCMRAM) + SIZEOF (.bss_CCMRAM))
                0x0000000008000278                __bss_regions_array_end = .
 *(.init)
 *(.fini)
                0x0000000008000278                . = ALIGN (0x4)
                0x0000000008000278                PROVIDE (__preinit_array_start, .)
 *(.preinit_array_sysinit .preinit_array_sysinit.*)
 *(.preinit_array_platform .preinit_array_platform.*)
 *(.preinit_array .preinit_array.*)
                0x0000000008000278                PROVIDE (__preinit_array_end, .)
                0x0000000008000278                . = ALIGN (0x4)
                0x0000000008000278                PROVIDE (__init_array_start, .)
 *(SORT(.init_array.*))
 *(.init_array)
                0x0000000008000278                PROVIDE (__init_array_end, .)
                0x0000000008000278                . = ALIGN (0x4)
                0x0000000008000278                PROVIDE (__fini_array_start, .)
 *(SORT(.fini_array.*))
 *(.fini_array)
                0x0000000008000278                PROVIDE (__fini_array_end, .)

.flashtext
 *(.flashtext .flashtext.*)

.text           0x0000000008000278     0x15f9
 *(.text .text.*)
 .text.HAL_InitTick
                0x0000000008000278       0x24 ./system/src/stm32f1xx/stm32f1xx_hal.o
                0x0000000008000278                HAL_InitTick
 .text.HAL_Init
                0x000000000800029c       0x24 ./system/src/stm32f1xx/stm32f1xx_hal.o
                0x000000000800029c                HAL_Init
 .text.HAL_IncTick
                0x00000000080002c0       0x10 ./system/src/stm32f1xx/stm32f1xx_hal.o
                0x00000000080002c0                HAL_IncTick
 .text.HAL_GetTick
                0x00000000080002d0        0xc ./system/src/stm32f1xx/stm32f1xx_hal.o
                0x00000000080002d0                HAL_GetTick
 .text.HAL_Delay
                0x00000000080002dc       0x1a ./system/src/stm32f1xx/stm32f1xx_hal.o
                0x00000000080002dc                HAL_Delay
 .text.HAL_CAN_ConfigFilter
                0x00000000080002f6       0xc6 ./system/src/stm32f1xx/stm32f1xx_hal_can.o
                0x00000000080002f6                HAL_CAN_ConfigFilter
 .text.HAL_CAN_Init
                0x00000000080003bc       0xfa ./system/src/stm32f1xx/stm32f1xx_hal_can.o
                0x00000000080003bc                HAL_CAN_Init
 *fill*         0x00000000080004b6        0x2 
 .text.HAL_CAN_Transmit
                0x00000000080004b8      0x150 ./system/src/stm32f1xx/stm32f1xx_hal_can.o
                0x00000000080004b8                HAL_CAN_Transmit
 .text.HAL_CAN_Receive_IT
                0x0000000008000608       0x64 ./system/src/stm32f1xx/stm32f1xx_hal_can.o
                0x0000000008000608                HAL_CAN_Receive_IT
 .text.HAL_CAN_TxCpltCallback
                0x000000000800066c        0x2 ./system/src/stm32f1xx/stm32f1xx_hal_can.o
                0x000000000800066c                HAL_CAN_TxCpltCallback
 .text.CAN_Receive_IT
                0x000000000800066e       0xd2 ./system/src/stm32f1xx/stm32f1xx_hal_can.o
 .text.HAL_CAN_ErrorCallback
                0x0000000008000740        0x2 ./system/src/stm32f1xx/stm32f1xx_hal_can.o
                0x0000000008000740                HAL_CAN_ErrorCallback
 *fill*         0x0000000008000742        0x2 
 .text.HAL_CAN_IRQHandler
                0x0000000008000744      0x164 ./system/src/stm32f1xx/stm32f1xx_hal_can.o
                0x0000000008000744                HAL_CAN_IRQHandler
 .text.HAL_NVIC_SetPriorityGrouping
                0x00000000080008a8       0x24 ./system/src/stm32f1xx/stm32f1xx_hal_cortex.o
                0x00000000080008a8                HAL_NVIC_SetPriorityGrouping
 .text.HAL_NVIC_SetPriority
                0x00000000080008cc       0x68 ./system/src/stm32f1xx/stm32f1xx_hal_cortex.o
                0x00000000080008cc                HAL_NVIC_SetPriority
 .text.HAL_NVIC_EnableIRQ
                0x0000000008000934       0x18 ./system/src/stm32f1xx/stm32f1xx_hal_cortex.o
                0x0000000008000934                HAL_NVIC_EnableIRQ
 .text.HAL_SYSTICK_Config
                0x000000000800094c       0x2c ./system/src/stm32f1xx/stm32f1xx_hal_cortex.o
                0x000000000800094c                HAL_SYSTICK_Config
 .text.HAL_SYSTICK_CLKSourceConfig
                0x0000000008000978       0x18 ./system/src/stm32f1xx/stm32f1xx_hal_cortex.o
                0x0000000008000978                HAL_SYSTICK_CLKSourceConfig
 .text.HAL_SYSTICK_Callback
                0x0000000008000990        0x2 ./system/src/stm32f1xx/stm32f1xx_hal_cortex.o
                0x0000000008000990                HAL_SYSTICK_Callback
 .text.HAL_SYSTICK_IRQHandler
                0x0000000008000992        0x8 ./system/src/stm32f1xx/stm32f1xx_hal_cortex.o
                0x0000000008000992                HAL_SYSTICK_IRQHandler
 *fill*         0x000000000800099a        0x2 
 .text.HAL_GPIO_Init
                0x000000000800099c      0x1c0 ./system/src/stm32f1xx/stm32f1xx_hal_gpio.o
                0x000000000800099c                HAL_GPIO_Init
 .text.HAL_GPIO_WritePin
                0x0000000008000b5c        0xa ./system/src/stm32f1xx/stm32f1xx_hal_gpio.o
                0x0000000008000b5c                HAL_GPIO_WritePin
 *fill*         0x0000000008000b66        0x2 
 .text.HAL_RCC_OscConfig
                0x0000000008000b68      0x4b0 ./system/src/stm32f1xx/stm32f1xx_hal_rcc.o
                0x0000000008000b68                HAL_RCC_OscConfig
 .text.HAL_RCC_GetSysClockFreq
                0x0000000008001018       0x94 ./system/src/stm32f1xx/stm32f1xx_hal_rcc.o
                0x0000000008001018                HAL_RCC_GetSysClockFreq
 .text.HAL_RCC_ClockConfig
                0x00000000080010ac      0x168 ./system/src/stm32f1xx/stm32f1xx_hal_rcc.o
                0x00000000080010ac                HAL_RCC_ClockConfig
 .text.HAL_RCC_GetHCLKFreq
                0x0000000008001214        0xc ./system/src/stm32f1xx/stm32f1xx_hal_rcc.o
                0x0000000008001214                HAL_RCC_GetHCLKFreq
 .text._exit    0x0000000008001220        0x6 ./system/src/newlib/_exit.o
                0x0000000008001220                _exit
 *fill*         0x0000000008001226        0x2 
 .text.__initialize_args
                0x0000000008001228       0x10 ./system/src/newlib/_syscalls.o
                0x0000000008001228                __initialize_args
 .text.__initialize_hardware_early
                0x0000000008001238       0x18 ./system/src/cortexm/_initialize_hardware.o
                0x0000000008001238                __initialize_hardware_early
 .text.__initialize_hardware
                0x0000000008001250        0x4 ./system/src/cortexm/_initialize_hardware.o
                0x0000000008001250                __initialize_hardware
 .text.__reset_hardware
                0x0000000008001254       0x24 ./system/src/cortexm/_reset_hardware.o
                0x0000000008001254                __reset_hardware
 .text.isSemihosting
                0x0000000008001278       0x1c ./system/src/cortexm/exception_handlers.o
                0x0000000008001278                isSemihosting
 .text.Default_Handler
                0x0000000008001294        0x2 ./system/src/cmsis/startup_stm32f103xb.o
                0x0000000008001294                RTC_Alarm_IRQHandler
                0x0000000008001294                EXTI2_IRQHandler
                0x0000000008001294                TIM1_CC_IRQHandler
                0x0000000008001294                PVD_IRQHandler
                0x0000000008001294                EXTI3_IRQHandler
                0x0000000008001294                EXTI0_IRQHandler
                0x0000000008001294                I2C2_EV_IRQHandler
                0x0000000008001294                ADC1_2_IRQHandler
                0x0000000008001294                SPI1_IRQHandler
                0x0000000008001294                TAMPER_IRQHandler
                0x0000000008001294                DMA1_Channel4_IRQHandler
                0x0000000008001294                USART3_IRQHandler
                0x0000000008001294                RTC_IRQHandler
                0x0000000008001294                DMA1_Channel7_IRQHandler
                0x0000000008001294                CAN1_RX1_IRQHandler
                0x0000000008001294                TIM4_IRQHandler
                0x0000000008001294                I2C1_EV_IRQHandler
                0x0000000008001294                DMA1_Channel6_IRQHandler
                0x0000000008001294                TIM3_IRQHandler
                0x0000000008001294                RCC_IRQHandler
                0x0000000008001294                TIM1_TRG_COM_IRQHandler
                0x0000000008001294                DMA1_Channel1_IRQHandler
                0x0000000008001294                Default_Handler
                0x0000000008001294                EXTI15_10_IRQHandler
                0x0000000008001294                EXTI9_5_IRQHandler
                0x0000000008001294                SPI2_IRQHandler
                0x0000000008001294                DMA1_Channel5_IRQHandler
                0x0000000008001294                EXTI4_IRQHandler
                0x0000000008001294                USB_HP_CAN1_TX_IRQHandler
                0x0000000008001294                DMA1_Channel3_IRQHandler
                0x0000000008001294                TIM1_UP_IRQHandler
                0x0000000008001294                WWDG_IRQHandler
                0x0000000008001294                TIM2_IRQHandler
                0x0000000008001294                TIM1_BRK_IRQHandler
                0x0000000008001294                EXTI1_IRQHandler
                0x0000000008001294                USART2_IRQHandler
                0x0000000008001294                I2C2_ER_IRQHandler
                0x0000000008001294                DMA1_Channel2_IRQHandler
                0x0000000008001294                CAN1_SCE_IRQHandler
                0x0000000008001294                FLASH_IRQHandler
                0x0000000008001294                USART1_IRQHandler
                0x0000000008001294                I2C1_ER_IRQHandler
                0x0000000008001294                USBWakeUp_IRQHandler
 *fill*         0x0000000008001296        0x2 
 .text.SystemInit
                0x0000000008001298       0x4c ./system/src/cmsis/system_stm32f1xx.o
                0x0000000008001298                SystemInit
 .text.SystemCoreClockUpdate
                0x00000000080012e4       0x5c ./system/src/cmsis/system_stm32f1xx.o
                0x00000000080012e4                SystemCoreClockUpdate
 .text.SystemClock_Config
                0x0000000008001340       0x6e ./src/main.o
                0x0000000008001340                SystemClock_Config
 *fill*         0x00000000080013ae        0x2 
 .text.startup.main
                0x00000000080013b0      0x228 ./src/main.o
                0x00000000080013b0                main
 .text.HAL_CAN_RxCpltCallback
                0x00000000080015d8       0x4c ./src/main.o
                0x00000000080015d8                HAL_CAN_RxCpltCallback
 .text.HAL_MspInit
                0x0000000008001624       0x7c ./src/stm32f1xx_hal_msp.o
                0x0000000008001624                HAL_MspInit
 .text.HAL_CAN_MspInit
                0x00000000080016a0       0x58 ./src/stm32f1xx_hal_msp.o
                0x00000000080016a0                HAL_CAN_MspInit
 .text.NMI_Handler
                0x00000000080016f8        0x2 ./src/stm32f1xx_it.o
                0x00000000080016f8                NMI_Handler
 .text.HardFault_Handler
                0x00000000080016fa        0x2 ./src/stm32f1xx_it.o
                0x00000000080016fa                HardFault_Handler
 .text.MemManage_Handler
                0x00000000080016fc        0x2 ./src/stm32f1xx_it.o
                0x00000000080016fc                MemManage_Handler
 .text.BusFault_Handler
                0x00000000080016fe        0x2 ./src/stm32f1xx_it.o
                0x00000000080016fe                BusFault_Handler
 .text.UsageFault_Handler
                0x0000000008001700        0x2 ./src/stm32f1xx_it.o
                0x0000000008001700                UsageFault_Handler
 .text.SVC_Handler
                0x0000000008001702        0x2 ./src/stm32f1xx_it.o
                0x0000000008001702                SVC_Handler
 .text.DebugMon_Handler
                0x0000000008001704        0x2 ./src/stm32f1xx_it.o
                0x0000000008001704                DebugMon_Handler
 .text.PendSV_Handler
                0x0000000008001706        0x2 ./src/stm32f1xx_it.o
                0x0000000008001706                PendSV_Handler
 .text.SysTick_Handler
                0x0000000008001708        0xe ./src/stm32f1xx_it.o
                0x0000000008001708                SysTick_Handler
 *fill*         0x0000000008001716        0x2 
 .text.USB_LP_CAN1_RX0_IRQHandler
                0x0000000008001718        0xc ./src/stm32f1xx_it.o
                0x0000000008001718                USB_LP_CAN1_RX0_IRQHandler
 .text          0x0000000008001724       0xbc /usr/lib/gcc/arm-none-eabi/6.2.0/../../../../arm-none-eabi/lib/armv7-m/libg_nano.a(lib_a-strcpy.o)
                0x0000000008001724                strcpy
 .text          0x00000000080017e0       0x5c /usr/lib/gcc/arm-none-eabi/6.2.0/../../../../arm-none-eabi/lib/armv7-m/libg_nano.a(lib_a-strlen-stub.o)
                0x00000000080017e0                strlen
 *(.rodata .rodata.* .constdata .constdata.*)
 .rodata        0x000000000800183c       0x10 ./system/src/stm32f1xx/stm32f1xx_hal_rcc.o
 .rodata.AHBPrescTable
                0x000000000800184c       0x10 ./system/src/cmsis/system_stm32f1xx.o
                0x000000000800184c                AHBPrescTable
 .rodata        0x000000000800185c        0x6 ./src/main.o
 .rodata.main.str1.1
                0x0000000008001862        0xf ./src/main.o
 *(vtable)
 *(.eh_frame*)
 *(.glue_7)
 .glue_7        0x0000000008001871        0x0 linker stubs
 *(.glue_7t)
 .glue_7t       0x0000000008001871        0x0 linker stubs

.vfp11_veneer   0x0000000008001874        0x0
 .vfp11_veneer  0x0000000008001874        0x0 linker stubs

.v4_bx          0x0000000008001874        0x0
 .v4_bx         0x0000000008001874        0x0 linker stubs

.iplt           0x0000000008001874        0x0
 .iplt          0x0000000008001874        0x0 ./system/src/stm32f1xx/stm32f1xx_hal.o

.rel.dyn        0x0000000008001874        0x0
 .rel.iplt      0x0000000008001874        0x0 ./system/src/stm32f1xx/stm32f1xx_hal.o

.ARM.extab
 *(.ARM.extab* .gnu.linkonce.armextab.*)
                0x0000000008001874                . = ALIGN (0x4)
                0x0000000008001874                __exidx_start = .

.ARM.exidx
 *(.ARM.exidx* .gnu.linkonce.armexidx.*)
                0x0000000008001874                __exidx_end = .
                0x0000000008001874                . = ALIGN (0x4)
                0x0000000008001874                _etext = .
                0x0000000008001874                __etext = .

.data_CCMRAM    0x0000000000000000        0x0 load address 0x0000000008001874
 FILL mask 0xff
 *(.data.CCMRAM .data.CCMRAM.*)
                0x0000000000000000                . = ALIGN (0x4)
                0x0000000008001874                _sidata = LOADADDR (.data)

.data           0x0000000020000000        0xc load address 0x0000000008001874
 FILL mask 0xff
                0x0000000020000000                _sdata = .
                0x0000000020000000                __data_start__ = .
 *(.data_begin .data_begin.*)
 *(.data .data.*)
 .data.argv.4180
                0x0000000020000000        0x8 ./system/src/newlib/_syscalls.o
 .data.SystemCoreClock
                0x0000000020000008        0x4 ./system/src/cmsis/system_stm32f1xx.o
                0x0000000020000008                SystemCoreClock
 *(.data_end .data_end.*)
                0x000000002000000c                . = ALIGN (0x4)
                0x000000002000000c                _edata = .
                0x000000002000000c                __data_end__ = .

.igot.plt       0x000000002000000c        0x0 load address 0x0000000008001880
 .igot.plt      0x000000002000000c        0x0 ./system/src/stm32f1xx/stm32f1xx_hal.o

.bss_CCMRAM     0x0000000000000000        0x0
 *(.bss.CCMRAM .bss.CCMRAM.*)

.bss            0x000000002000000c       0x94
                0x000000002000000c                __bss_start__ = .
                0x000000002000000c                _sbss = .
 *(.bss_begin .bss_begin.*)
 *(.bss .bss.*)
 .bss.uwTick    0x000000002000000c        0x4 ./system/src/stm32f1xx/stm32f1xx_hal.o
 .bss.name.4179
                0x0000000020000010        0x1 ./system/src/newlib/_syscalls.o
 .bss.CAN_ISR_CALLED
                0x0000000020000011        0x1 ./src/main.o
                0x0000000020000011                CAN_ISR_CALLED
 *fill*         0x0000000020000012        0x2 
 .bss.RxMsg.5899
                0x0000000020000014       0x24 ./src/main.o
 .bss.TxMsg.5898
                0x0000000020000038       0x1c ./src/main.o
 .bss.ontime    0x0000000020000054        0x4 ./src/main.o
                0x0000000020000054                ontime
 .bss.replyflag
                0x0000000020000058        0x1 ./src/main.o
                0x0000000020000058                replyflag
 *fill*         0x0000000020000059        0x3 
 .bss.timecounter
                0x000000002000005c        0x4 ./src/main.o
                0x000000002000005c                timecounter
 *(COMMON)
 COMMON         0x0000000020000060       0x40 ./src/main.o
                0x0000000020000060                hcan
 *(.bss_end .bss_end.*)
                0x00000000200000a0                . = ALIGN (0x4)
                0x00000000200000a0                __bss_end__ = .
                0x00000000200000a0                _ebss = .

.noinit_CCMRAM
 *(.noinit.CCMRAM .noinit.CCMRAM.*)

.noinit         0x00000000200000a0        0x0
                0x00000000200000a0                _noinit = .
 *(.noinit .noinit.*)
                0x00000000200000a0                . = ALIGN (0x4)
                0x00000000200000a0                _end_noinit = .
                [!provide]                        PROVIDE (end, _end_noinit)
                [!provide]                        PROVIDE (_end, _end_noinit)
                [!provide]                        PROVIDE (__end, _end_noinit)
                [!provide]                        PROVIDE (__end__, _end_noinit)

._check_stack   0x00000000200000a0      0x100
                0x00000000200001a0                . = (. + _Minimum_Stack_Size)
 *fill*         0x00000000200000a0      0x100 

.b1text
 *(.b1text)
 *(.b1rodata)
 *(.b1rodata.*)

.eb0text
 *(.eb0text)
 *(.eb0rodata)
 *(.eb0rodata.*)

.eb1text
 *(.eb1text)
 *(.eb1rodata)
 *(.eb1rodata.*)

.eb2text
 *(.eb2text)
 *(.eb2rodata)
 *(.eb2rodata.*)

.eb3text
 *(.eb3text)
 *(.eb3rodata)
 *(.eb3rodata.*)

.stab
 *(.stab)

.stabstr
 *(.stabstr)

.stab.excl
 *(.stab.excl)

.stab.exclstr
 *(.stab.exclstr)

.stab.index
 *(.stab.index)

.stab.indexstr
 *(.stab.indexstr)

.comment        0x0000000000000000       0x42
 *(.comment)
 .comment       0x0000000000000000       0x21 ./system/src/stm32f1xx/stm32f1xx_hal.o
                                         0x22 (size before relaxing)
 .comment       0x0000000000000021       0x22 ./system/src/stm32f1xx/stm32f1xx_hal_can.o
 .comment       0x0000000000000021       0x22 ./system/src/stm32f1xx/stm32f1xx_hal_cortex.o
 .comment       0x0000000000000021       0x22 ./system/src/stm32f1xx/stm32f1xx_hal_gpio.o
 .comment       0x0000000000000021       0x22 ./system/src/stm32f1xx/stm32f1xx_hal_rcc.o
 .comment       0x0000000000000021       0x22 ./system/src/newlib/_exit.o
 .comment       0x0000000000000021       0x22 ./system/src/newlib/_startup.o
 .comment       0x0000000000000021       0x22 ./system/src/newlib/_syscalls.o
 .comment       0x0000000000000021       0x22 ./system/src/cortexm/_initialize_hardware.o
 .comment       0x0000000000000021       0x22 ./system/src/cortexm/_reset_hardware.o
 .comment       0x0000000000000021       0x22 ./system/src/cortexm/exception_handlers.o
 .comment       0x0000000000000021       0x22 ./system/src/cmsis/system_stm32f1xx.o
 .comment       0x0000000000000021       0x22 ./src/main.o
 .comment       0x0000000000000021       0x22 ./src/stm32f1xx_hal_msp.o
 .comment       0x0000000000000021       0x22 ./src/stm32f1xx_it.o
 .comment       0x0000000000000021       0x21 /usr/lib/gcc/arm-none-eabi/6.2.0/../../../../arm-none-eabi/lib/armv7-m/libg_nano.a(lib_a-strcpy.o)
                                         0x22 (size before relaxing)
 .comment       0x0000000000000042       0x22 /usr/lib/gcc/arm-none-eabi/6.2.0/../../../../arm-none-eabi/lib/armv7-m/libg_nano.a(lib_a-strlen-stub.o)

.ARM.attributes
                0x0000000000000000       0x31
 .ARM.attributes
                0x0000000000000000       0x33 ./system/src/stm32f1xx/stm32f1xx_hal.o
 .ARM.attributes
                0x0000000000000033       0x33 ./system/src/stm32f1xx/stm32f1xx_hal_can.o
 .ARM.attributes
                0x0000000000000066       0x33 ./system/src/stm32f1xx/stm32f1xx_hal_cortex.o
 .ARM.attributes
                0x0000000000000099       0x33 ./system/src/stm32f1xx/stm32f1xx_hal_gpio.o
 .ARM.attributes
                0x00000000000000cc       0x33 ./system/src/stm32f1xx/stm32f1xx_hal_rcc.o
 .ARM.attributes
                0x00000000000000ff       0x33 ./system/src/newlib/_exit.o
 .ARM.attributes
                0x0000000000000132       0x33 ./system/src/newlib/_startup.o
 .ARM.attributes
                0x0000000000000165       0x33 ./system/src/newlib/_syscalls.o
 .ARM.attributes
                0x0000000000000198       0x33 ./system/src/cortexm/_initialize_hardware.o
 .ARM.attributes
                0x00000000000001cb       0x33 ./system/src/cortexm/_reset_hardware.o
 .ARM.attributes
                0x00000000000001fe       0x33 ./system/src/cortexm/exception_handlers.o
 .ARM.attributes
                0x0000000000000231       0x21 ./system/src/cmsis/startup_stm32f103xb.o
 .ARM.attributes
                0x0000000000000252       0x33 ./system/src/cmsis/system_stm32f1xx.o
 .ARM.attributes
                0x0000000000000285       0x33 ./src/main.o
 .ARM.attributes
                0x00000000000002b8       0x33 ./src/stm32f1xx_hal_msp.o
 .ARM.attributes
                0x00000000000002eb       0x33 ./src/stm32f1xx_it.o
 .ARM.attributes
                0x000000000000031e       0x2d /usr/lib/gcc/arm-none-eabi/6.2.0/../../../../arm-none-eabi/lib/armv7-m/libg_nano.a(lib_a-strcpy.o)
 .ARM.attributes
                0x000000000000034b       0x2d /usr/lib/gcc/arm-none-eabi/6.2.0/../../../../arm-none-eabi/lib/armv7-m/libg_nano.a(lib_a-strlen-stub.o)

.debug
 *(.debug)

.line
 *(.line)

.debug_srcinfo
 *(.debug_srcinfo)

.debug_sfnames
 *(.debug_sfnames)

.debug_aranges  0x0000000000000000      0x550
 *(.debug_aranges)
 .debug_aranges
                0x0000000000000000       0xa8 ./system/src/stm32f1xx/stm32f1xx_hal.o
 .debug_aranges
                0x00000000000000a8       0x88 ./system/src/stm32f1xx/stm32f1xx_hal_can.o
 .debug_aranges
                0x0000000000000130       0x90 ./system/src/stm32f1xx/stm32f1xx_hal_cortex.o
 .debug_aranges
                0x00000000000001c0       0x58 ./system/src/stm32f1xx/stm32f1xx_hal_gpio.o
 .debug_aranges
                0x0000000000000218       0x88 ./system/src/stm32f1xx/stm32f1xx_hal_rcc.o
 .debug_aranges
                0x00000000000002a0       0x28 ./system/src/newlib/_exit.o
 .debug_aranges
                0x00000000000002c8       0x40 ./system/src/newlib/_startup.o
 .debug_aranges
                0x0000000000000308       0x30 ./system/src/newlib/_syscalls.o
 .debug_aranges
                0x0000000000000338       0x28 ./system/src/cortexm/_initialize_hardware.o
 .debug_aranges
                0x0000000000000360       0x20 ./system/src/cortexm/_reset_hardware.o
 .debug_aranges
                0x0000000000000380       0x88 ./system/src/cortexm/exception_handlers.o
 .debug_aranges
                0x0000000000000408       0x28 ./system/src/cmsis/startup_stm32f103xb.o
 .debug_aranges
                0x0000000000000430       0x28 ./system/src/cmsis/system_stm32f1xx.o
 .debug_aranges
                0x0000000000000458       0x38 ./src/main.o
 .debug_aranges
                0x0000000000000490       0x30 ./src/stm32f1xx_hal_msp.o
 .debug_aranges
                0x00000000000004c0       0x50 ./src/stm32f1xx_it.o
 .debug_aranges
                0x0000000000000510       0x20 /usr/lib/gcc/arm-none-eabi/6.2.0/../../../../arm-none-eabi/lib/armv7-m/libg_nano.a(lib_a-strcpy.o)
 .debug_aranges
                0x0000000000000530       0x20 /usr/lib/gcc/arm-none-eabi/6.2.0/../../../../arm-none-eabi/lib/armv7-m/libg_nano.a(lib_a-strlen-stub.o)

.debug_pubnames
 *(.debug_pubnames)

.debug_info     0x0000000000000000     0xd957
 *(.debug_info .gnu.linkonce.wi.*)
 .debug_info    0x0000000000000000      0xedb ./system/src/stm32f1xx/stm32f1xx_hal.o
 .debug_info    0x0000000000000edb     0x13ba ./system/src/stm32f1xx/stm32f1xx_hal_can.o
 .debug_info    0x0000000000002295     0x1441 ./system/src/stm32f1xx/stm32f1xx_hal_cortex.o
 .debug_info    0x00000000000036d6      0xe4a ./system/src/stm32f1xx/stm32f1xx_hal_gpio.o
 .debug_info    0x0000000000004520     0x19c3 ./system/src/stm32f1xx/stm32f1xx_hal_rcc.o
 .debug_info    0x0000000000005ee3      0x951 ./system/src/newlib/_exit.o
 .debug_info    0x0000000000006834      0x3d0 ./system/src/newlib/_startup.o
 .debug_info    0x0000000000006c04      0x9fb ./system/src/newlib/_syscalls.o
 .debug_info    0x00000000000075ff      0x2fd ./system/src/cortexm/_initialize_hardware.o
 .debug_info    0x00000000000078fc      0x30f ./system/src/cortexm/_reset_hardware.o
 .debug_info    0x0000000000007c0b      0xdf0 ./system/src/cortexm/exception_handlers.o
 .debug_info    0x00000000000089fb       0x85 ./system/src/cmsis/startup_stm32f103xb.o
 .debug_info    0x0000000000008a80      0x3cd ./system/src/cmsis/system_stm32f1xx.o
 .debug_info    0x0000000000008e4d     0x1874 ./src/main.o
 .debug_info    0x000000000000a6c1     0x1286 ./src/stm32f1xx_hal_msp.o
 .debug_info    0x000000000000b947      0xeac ./src/stm32f1xx_it.o
 .debug_info    0x000000000000c7f3      0x8b3 /usr/lib/gcc/arm-none-eabi/6.2.0/../../../../arm-none-eabi/lib/armv7-m/libg_nano.a(lib_a-strcpy.o)
 .debug_info    0x000000000000d0a6      0x8b1 /usr/lib/gcc/arm-none-eabi/6.2.0/../../../../arm-none-eabi/lib/armv7-m/libg_nano.a(lib_a-strlen-stub.o)

.debug_abbrev   0x0000000000000000     0x26ee
 *(.debug_abbrev)
 .debug_abbrev  0x0000000000000000      0x342 ./system/src/stm32f1xx/stm32f1xx_hal.o
 .debug_abbrev  0x0000000000000342      0x33a ./system/src/stm32f1xx/stm32f1xx_hal_can.o
 .debug_abbrev  0x000000000000067c      0x39d ./system/src/stm32f1xx/stm32f1xx_hal_cortex.o
 .debug_abbrev  0x0000000000000a19      0x297 ./system/src/stm32f1xx/stm32f1xx_hal_gpio.o
 .debug_abbrev  0x0000000000000cb0      0x376 ./system/src/stm32f1xx/stm32f1xx_hal_rcc.o
 .debug_abbrev  0x0000000000001026      0x207 ./system/src/newlib/_exit.o
 .debug_abbrev  0x000000000000122d      0x184 ./system/src/newlib/_startup.o
 .debug_abbrev  0x00000000000013b1      0x228 ./system/src/newlib/_syscalls.o
 .debug_abbrev  0x00000000000015d9       0xf5 ./system/src/cortexm/_initialize_hardware.o
 .debug_abbrev  0x00000000000016ce      0x10d ./system/src/cortexm/_reset_hardware.o
 .debug_abbrev  0x00000000000017db      0x2ae ./system/src/cortexm/exception_handlers.o
 .debug_abbrev  0x0000000000001a89       0x12 ./system/src/cmsis/startup_stm32f103xb.o
 .debug_abbrev  0x0000000000001a9b      0x12f ./system/src/cmsis/system_stm32f1xx.o
 .debug_abbrev  0x0000000000001bca      0x38c ./src/main.o
 .debug_abbrev  0x0000000000001f56      0x25d ./src/stm32f1xx_hal_msp.o
 .debug_abbrev  0x00000000000021b3      0x25c ./src/stm32f1xx_it.o
 .debug_abbrev  0x000000000000240f      0x177 /usr/lib/gcc/arm-none-eabi/6.2.0/../../../../arm-none-eabi/lib/armv7-m/libg_nano.a(lib_a-strcpy.o)
 .debug_abbrev  0x0000000000002586      0x168 /usr/lib/gcc/arm-none-eabi/6.2.0/../../../../arm-none-eabi/lib/armv7-m/libg_nano.a(lib_a-strlen-stub.o)

.debug_line     0x0000000000000000     0x2a3c
 *(.debug_line)
 .debug_line    0x0000000000000000      0x30c ./system/src/stm32f1xx/stm32f1xx_hal.o
 .debug_line    0x000000000000030c      0x647 ./system/src/stm32f1xx/stm32f1xx_hal_can.o
 .debug_line    0x0000000000000953      0x320 ./system/src/stm32f1xx/stm32f1xx_hal_cortex.o
 .debug_line    0x0000000000000c73      0x331 ./system/src/stm32f1xx/stm32f1xx_hal_gpio.o
 .debug_line    0x0000000000000fa4      0x7a3 ./system/src/stm32f1xx/stm32f1xx_hal_rcc.o
 .debug_line    0x0000000000001747      0x127 ./system/src/newlib/_exit.o
 .debug_line    0x000000000000186e      0x10d ./system/src/newlib/_startup.o
 .debug_line    0x000000000000197b      0x140 ./system/src/newlib/_syscalls.o
 .debug_line    0x0000000000001abb      0x103 ./system/src/cortexm/_initialize_hardware.o
 .debug_line    0x0000000000001bbe      0x112 ./system/src/cortexm/_reset_hardware.o
 .debug_line    0x0000000000001cd0      0x1f1 ./system/src/cortexm/exception_handlers.o
 .debug_line    0x0000000000001ec1       0x86 ./system/src/cmsis/startup_stm32f103xb.o
 .debug_line    0x0000000000001f47      0x143 ./system/src/cmsis/system_stm32f1xx.o
 .debug_line    0x000000000000208a      0x317 ./src/main.o
 .debug_line    0x00000000000023a1      0x20f ./src/stm32f1xx_hal_msp.o
 .debug_line    0x00000000000025b0      0x213 ./src/stm32f1xx_it.o
 .debug_line    0x00000000000027c3      0x13a /usr/lib/gcc/arm-none-eabi/6.2.0/../../../../arm-none-eabi/lib/armv7-m/libg_nano.a(lib_a-strcpy.o)
 .debug_line    0x00000000000028fd      0x13f /usr/lib/gcc/arm-none-eabi/6.2.0/../../../../arm-none-eabi/lib/armv7-m/libg_nano.a(lib_a-strlen-stub.o)

.debug_frame    0x0000000000000000      0xac0
 *(.debug_frame)
 .debug_frame   0x0000000000000000      0x164 ./system/src/stm32f1xx/stm32f1xx_hal.o
 .debug_frame   0x0000000000000164      0x1b8 ./system/src/stm32f1xx/stm32f1xx_hal_can.o
 .debug_frame   0x000000000000031c      0x120 ./system/src/stm32f1xx/stm32f1xx_hal_cortex.o
 .debug_frame   0x000000000000043c       0xd4 ./system/src/stm32f1xx/stm32f1xx_hal_gpio.o
 .debug_frame   0x0000000000000510      0x14c ./system/src/stm32f1xx/stm32f1xx_hal_rcc.o
 .debug_frame   0x000000000000065c       0x40 ./system/src/newlib/_exit.o
 .debug_frame   0x000000000000069c       0x80 ./system/src/newlib/_startup.o
 .debug_frame   0x000000000000071c       0x50 ./system/src/newlib/_syscalls.o
 .debug_frame   0x000000000000076c       0x38 ./system/src/cortexm/_initialize_hardware.o
 .debug_frame   0x00000000000007a4       0x20 ./system/src/cortexm/_reset_hardware.o
 .debug_frame   0x00000000000007c4       0xf8 ./system/src/cortexm/exception_handlers.o
 .debug_frame   0x00000000000008bc       0x30 ./system/src/cmsis/system_stm32f1xx.o
 .debug_frame   0x00000000000008ec       0x78 ./src/main.o
 .debug_frame   0x0000000000000964       0x60 ./src/stm32f1xx_hal_msp.o
 .debug_frame   0x00000000000009c4       0xbc ./src/stm32f1xx_it.o
 .debug_frame   0x0000000000000a80       0x20 /usr/lib/gcc/arm-none-eabi/6.2.0/../../../../arm-none-eabi/lib/armv7-m/libg_nano.a(lib_a-strcpy.o)
 .debug_frame   0x0000000000000aa0       0x20 /usr/lib/gcc/arm-none-eabi/6.2.0/../../../../arm-none-eabi/lib/armv7-m/libg_nano.a(lib_a-strlen-stub.o)

.debug_str      0x0000000000000000     0x2025
 *(.debug_str)
 .debug_str     0x0000000000000000      0xaa2 ./system/src/stm32f1xx/stm32f1xx_hal.o
                                        0xb4c (size before relaxing)
 .debug_str     0x0000000000000aa2      0x4d8 ./system/src/stm32f1xx/stm32f1xx_hal_can.o
                                        0xaf1 (size before relaxing)
 .debug_str     0x0000000000000f7a      0x2a3 ./system/src/stm32f1xx/stm32f1xx_hal_cortex.o
                                        0xc98 (size before relaxing)
 .debug_str     0x000000000000121d      0x1c8 ./system/src/stm32f1xx/stm32f1xx_hal_gpio.o
                                        0x7fa (size before relaxing)
 .debug_str     0x00000000000013e5      0x2cd ./system/src/stm32f1xx/stm32f1xx_hal_rcc.o
                                        0x9c0 (size before relaxing)
 .debug_str     0x00000000000016b2       0x7a ./system/src/newlib/_exit.o
                                        0x5b9 (size before relaxing)
 .debug_str     0x000000000000172c      0x16d ./system/src/newlib/_startup.o
                                        0x2f2 (size before relaxing)
 .debug_str     0x0000000000001899       0x88 ./system/src/newlib/_syscalls.o
                                        0x5e2 (size before relaxing)
 .debug_str     0x0000000000001921       0x5e ./system/src/cortexm/_initialize_hardware.o
                                        0x292 (size before relaxing)
 .debug_str     0x000000000000197f       0x28 ./system/src/cortexm/_reset_hardware.o
                                        0x258 (size before relaxing)
 .debug_str     0x00000000000019a7      0x39f ./system/src/cortexm/exception_handlers.o
                                        0x9bd (size before relaxing)
 .debug_str     0x0000000000001d46       0x39 ./system/src/cmsis/system_stm32f1xx.o
                                        0x2a1 (size before relaxing)
 .debug_str     0x0000000000001d7f       0xbd ./src/main.o
                                        0xf89 (size before relaxing)
 .debug_str     0x0000000000001e3c       0x1b ./src/stm32f1xx_hal_msp.o
                                        0xc3c (size before relaxing)
 .debug_str     0x0000000000001e57       0x31 ./src/stm32f1xx_it.o
                                        0x91f (size before relaxing)
 .debug_str     0x0000000000001e88      0x15b /usr/lib/gcc/arm-none-eabi/6.2.0/../../../../arm-none-eabi/lib/armv7-m/libg_nano.a(lib_a-strcpy.o)
                                        0x599 (size before relaxing)
 .debug_str     0x0000000000001fe3       0x42 /usr/lib/gcc/arm-none-eabi/6.2.0/../../../../arm-none-eabi/lib/armv7-m/libg_nano.a(lib_a-strlen-stub.o)
                                        0x5a5 (size before relaxing)

.debug_loc      0x0000000000000000     0x1a3d
 *(.debug_loc)
 .debug_loc     0x0000000000000000       0x73 ./system/src/stm32f1xx/stm32f1xx_hal.o
 .debug_loc     0x0000000000000073      0x54f ./system/src/stm32f1xx/stm32f1xx_hal_can.o
 .debug_loc     0x00000000000005c2      0x46b ./system/src/stm32f1xx/stm32f1xx_hal_cortex.o
 .debug_loc     0x0000000000000a2d      0x36a ./system/src/stm32f1xx/stm32f1xx_hal_gpio.o
 .debug_loc     0x0000000000000d97      0x835 ./system/src/stm32f1xx/stm32f1xx_hal_rcc.o
 .debug_loc     0x00000000000015cc       0x21 ./system/src/newlib/_exit.o
 .debug_loc     0x00000000000015ed      0x148 ./system/src/newlib/_startup.o
 .debug_loc     0x0000000000001735       0x63 ./system/src/newlib/_syscalls.o
 .debug_loc     0x0000000000001798       0xd4 ./system/src/cortexm/exception_handlers.o
 .debug_loc     0x000000000000186c       0xcd ./system/src/cmsis/system_stm32f1xx.o
 .debug_loc     0x0000000000001939       0x75 ./src/main.o
 .debug_loc     0x00000000000019ae       0x4d ./src/stm32f1xx_hal_msp.o
 .debug_loc     0x00000000000019fb       0x21 /usr/lib/gcc/arm-none-eabi/6.2.0/../../../../arm-none-eabi/lib/armv7-m/libg_nano.a(lib_a-strcpy.o)
 .debug_loc     0x0000000000001a1c       0x21 /usr/lib/gcc/arm-none-eabi/6.2.0/../../../../arm-none-eabi/lib/armv7-m/libg_nano.a(lib_a-strlen-stub.o)

.debug_macinfo
 *(.debug_macinfo)

.debug_weaknames
 *(.debug_weaknames)

.debug_funcnames
 *(.debug_funcnames)

.debug_typenames
 *(.debug_typenames)

.debug_varnames
 *(.debug_varnames)
OUTPUT(CAN_Test.elf elf32-littlearm)

.debug_ranges   0x0000000000000000      0x828
 .debug_ranges  0x0000000000000000       0x98 ./system/src/stm32f1xx/stm32f1xx_hal.o
 .debug_ranges  0x0000000000000098       0x78 ./system/src/stm32f1xx/stm32f1xx_hal_can.o
 .debug_ranges  0x0000000000000110      0x128 ./system/src/stm32f1xx/stm32f1xx_hal_cortex.o
 .debug_ranges  0x0000000000000238       0x60 ./system/src/stm32f1xx/stm32f1xx_hal_gpio.o
 .debug_ranges  0x0000000000000298      0x238 ./system/src/stm32f1xx/stm32f1xx_hal_rcc.o
 .debug_ranges  0x00000000000004d0       0x18 ./system/src/newlib/_exit.o
 .debug_ranges  0x00000000000004e8       0xa0 ./system/src/newlib/_startup.o
 .debug_ranges  0x0000000000000588       0x20 ./system/src/newlib/_syscalls.o
 .debug_ranges  0x00000000000005a8       0x18 ./system/src/cortexm/_initialize_hardware.o
 .debug_ranges  0x00000000000005c0       0x10 ./system/src/cortexm/_reset_hardware.o
 .debug_ranges  0x00000000000005d0       0x78 ./system/src/cortexm/exception_handlers.o
 .debug_ranges  0x0000000000000648       0x20 ./system/src/cmsis/startup_stm32f103xb.o
 .debug_ranges  0x0000000000000668       0x18 ./system/src/cmsis/system_stm32f1xx.o
 .debug_ranges  0x0000000000000680       0xe8 ./src/main.o
 .debug_ranges  0x0000000000000768       0x60 ./src/stm32f1xx_hal_msp.o
 .debug_ranges  0x00000000000007c8       0x40 ./src/stm32f1xx_it.o
 .debug_ranges  0x0000000000000808       0x10 /usr/lib/gcc/arm-none-eabi/6.2.0/../../../../arm-none-eabi/lib/armv7-m/libg_nano.a(lib_a-strcpy.o)
 .debug_ranges  0x0000000000000818       0x10 /usr/lib/gcc/arm-none-eabi/6.2.0/../../../../arm-none-eabi/lib/armv7-m/libg_nano.a(lib_a-strlen-stub.o)
